STM32F103C6_USART_Driver.c:36:6:MCAL_UART_Init	24	static
STM32F103C6_USART_Driver.c:111:6:MCAL_UART_DeInit	16	static
STM32F103C6_USART_Driver.c:138:6:MCAL_UART_SendData	24	static
STM32F103C6_USART_Driver.c:164:6:MCAL_UART_WAIT_TC	16	static
STM32F103C6_USART_Driver.c:177:6:MCAL_UART_ReceiveData	24	static
STM32F103C6_USART_Driver.c:201:6:MCAL_UART_GPIO_Set_Pins	24	static
STM32F103C6_USART_Driver.c:315:6:USART1_IRQHandler	8	static
STM32F103C6_USART_Driver.c:319:6:USART2_IRQHandler	4	static
STM32F103C6_USART_Driver.c:323:6:USART3_IRQHandler	4	static
