STM32F103C6_USART_Driver.c:36:6:MCAL_UART_Init	24	static
STM32F103C6_USART_Driver.c:110:6:MCAL_UART_DeInit	16	static
STM32F103C6_USART_Driver.c:137:6:MCAL_UART_SendData	24	static
STM32F103C6_USART_Driver.c:163:6:MCAL_UART_WAIT_TC	16	static
STM32F103C6_USART_Driver.c:176:6:MCAL_UART_ReceiveData	24	static
STM32F103C6_USART_Driver.c:200:6:MCAL_UART_GPIO_Set_Pins	24	static
STM32F103C6_USART_Driver.c:314:6:USART1_IRQHandler	8	static
STM32F103C6_USART_Driver.c:318:6:USART2_IRQHandler	8	static
STM32F103C6_USART_Driver.c:322:6:USART3_IRQHandler	8	static
