Archive member included to satisfy reference by file (symbol)

e:/stmcube/stm32cubeide_1.4.0/stm32cubeide/plugins/com.st.stm32cube.ide.mcu.externaltools.gnu-tools-for-stm32.7-2018-q2-update.win32_1.4.0.202007081208/tools/bin/../lib/gcc/arm-none-eabi/7.3.1/../../../../arm-none-eabi/lib/thumb/v7-m\libc_nano.a(lib_a-errno.o)
                              Src/syscalls.o (__errno)
e:/stmcube/stm32cubeide_1.4.0/stm32cubeide/plugins/com.st.stm32cube.ide.mcu.externaltools.gnu-tools-for-stm32.7-2018-q2-update.win32_1.4.0.202007081208/tools/bin/../lib/gcc/arm-none-eabi/7.3.1/../../../../arm-none-eabi/lib/thumb/v7-m\libc_nano.a(lib_a-exit.o)
                              e:/stmcube/stm32cubeide_1.4.0/stm32cubeide/plugins/com.st.stm32cube.ide.mcu.externaltools.gnu-tools-for-stm32.7-2018-q2-update.win32_1.4.0.202007081208/tools/bin/../lib/gcc/arm-none-eabi/7.3.1/../../../../arm-none-eabi/lib/thumb/v7-m/crt0.o (exit)
e:/stmcube/stm32cubeide_1.4.0/stm32cubeide/plugins/com.st.stm32cube.ide.mcu.externaltools.gnu-tools-for-stm32.7-2018-q2-update.win32_1.4.0.202007081208/tools/bin/../lib/gcc/arm-none-eabi/7.3.1/../../../../arm-none-eabi/lib/thumb/v7-m\libc_nano.a(lib_a-impure.o)
                              e:/stmcube/stm32cubeide_1.4.0/stm32cubeide/plugins/com.st.stm32cube.ide.mcu.externaltools.gnu-tools-for-stm32.7-2018-q2-update.win32_1.4.0.202007081208/tools/bin/../lib/gcc/arm-none-eabi/7.3.1/../../../../arm-none-eabi/lib/thumb/v7-m\libc_nano.a(lib_a-exit.o) (_global_impure_ptr)
e:/stmcube/stm32cubeide_1.4.0/stm32cubeide/plugins/com.st.stm32cube.ide.mcu.externaltools.gnu-tools-for-stm32.7-2018-q2-update.win32_1.4.0.202007081208/tools/bin/../lib/gcc/arm-none-eabi/7.3.1/../../../../arm-none-eabi/lib/thumb/v7-m\libc_nano.a(lib_a-init.o)
                              e:/stmcube/stm32cubeide_1.4.0/stm32cubeide/plugins/com.st.stm32cube.ide.mcu.externaltools.gnu-tools-for-stm32.7-2018-q2-update.win32_1.4.0.202007081208/tools/bin/../lib/gcc/arm-none-eabi/7.3.1/../../../../arm-none-eabi/lib/thumb/v7-m/crt0.o (__libc_init_array)
e:/stmcube/stm32cubeide_1.4.0/stm32cubeide/plugins/com.st.stm32cube.ide.mcu.externaltools.gnu-tools-for-stm32.7-2018-q2-update.win32_1.4.0.202007081208/tools/bin/../lib/gcc/arm-none-eabi/7.3.1/../../../../arm-none-eabi/lib/thumb/v7-m\libc_nano.a(lib_a-memset.o)
                              e:/stmcube/stm32cubeide_1.4.0/stm32cubeide/plugins/com.st.stm32cube.ide.mcu.externaltools.gnu-tools-for-stm32.7-2018-q2-update.win32_1.4.0.202007081208/tools/bin/../lib/gcc/arm-none-eabi/7.3.1/../../../../arm-none-eabi/lib/thumb/v7-m/crt0.o (memset)

Allocating common symbols
Common symbol       size              file

ch                  0x2               Src/main.o
GP_IRQ_CallBack     0x3c              STM32F103C6_Drivers/STM32F103C6_EXTI_Driver.o

Discarded input sections

 .text          0x0000000000000000        0x0 e:/stmcube/stm32cubeide_1.4.0/stm32cubeide/plugins/com.st.stm32cube.ide.mcu.externaltools.gnu-tools-for-stm32.7-2018-q2-update.win32_1.4.0.202007081208/tools/bin/../lib/gcc/arm-none-eabi/7.3.1/thumb/v7-m/crti.o
 .data          0x0000000000000000        0x0 e:/stmcube/stm32cubeide_1.4.0/stm32cubeide/plugins/com.st.stm32cube.ide.mcu.externaltools.gnu-tools-for-stm32.7-2018-q2-update.win32_1.4.0.202007081208/tools/bin/../lib/gcc/arm-none-eabi/7.3.1/thumb/v7-m/crti.o
 .bss           0x0000000000000000        0x0 e:/stmcube/stm32cubeide_1.4.0/stm32cubeide/plugins/com.st.stm32cube.ide.mcu.externaltools.gnu-tools-for-stm32.7-2018-q2-update.win32_1.4.0.202007081208/tools/bin/../lib/gcc/arm-none-eabi/7.3.1/thumb/v7-m/crti.o
 .data          0x0000000000000000        0x4 e:/stmcube/stm32cubeide_1.4.0/stm32cubeide/plugins/com.st.stm32cube.ide.mcu.externaltools.gnu-tools-for-stm32.7-2018-q2-update.win32_1.4.0.202007081208/tools/bin/../lib/gcc/arm-none-eabi/7.3.1/thumb/v7-m/crtbegin.o
 .text          0x0000000000000000       0x74 e:/stmcube/stm32cubeide_1.4.0/stm32cubeide/plugins/com.st.stm32cube.ide.mcu.externaltools.gnu-tools-for-stm32.7-2018-q2-update.win32_1.4.0.202007081208/tools/bin/../lib/gcc/arm-none-eabi/7.3.1/../../../../arm-none-eabi/lib/thumb/v7-m/crt0.o
 .data          0x0000000000000000        0x0 e:/stmcube/stm32cubeide_1.4.0/stm32cubeide/plugins/com.st.stm32cube.ide.mcu.externaltools.gnu-tools-for-stm32.7-2018-q2-update.win32_1.4.0.202007081208/tools/bin/../lib/gcc/arm-none-eabi/7.3.1/../../../../arm-none-eabi/lib/thumb/v7-m/crt0.o
 .bss           0x0000000000000000        0x0 e:/stmcube/stm32cubeide_1.4.0/stm32cubeide/plugins/com.st.stm32cube.ide.mcu.externaltools.gnu-tools-for-stm32.7-2018-q2-update.win32_1.4.0.202007081208/tools/bin/../lib/gcc/arm-none-eabi/7.3.1/../../../../arm-none-eabi/lib/thumb/v7-m/crt0.o
 .ARM.extab     0x0000000000000000        0x0 e:/stmcube/stm32cubeide_1.4.0/stm32cubeide/plugins/com.st.stm32cube.ide.mcu.externaltools.gnu-tools-for-stm32.7-2018-q2-update.win32_1.4.0.202007081208/tools/bin/../lib/gcc/arm-none-eabi/7.3.1/../../../../arm-none-eabi/lib/thumb/v7-m/crt0.o
 .ARM.exidx     0x0000000000000000        0x8 e:/stmcube/stm32cubeide_1.4.0/stm32cubeide/plugins/com.st.stm32cube.ide.mcu.externaltools.gnu-tools-for-stm32.7-2018-q2-update.win32_1.4.0.202007081208/tools/bin/../lib/gcc/arm-none-eabi/7.3.1/../../../../arm-none-eabi/lib/thumb/v7-m/crt0.o
 .ARM.attributes
                0x0000000000000000       0x1b e:/stmcube/stm32cubeide_1.4.0/stm32cubeide/plugins/com.st.stm32cube.ide.mcu.externaltools.gnu-tools-for-stm32.7-2018-q2-update.win32_1.4.0.202007081208/tools/bin/../lib/gcc/arm-none-eabi/7.3.1/../../../../arm-none-eabi/lib/thumb/v7-m/crt0.o
 .group         0x0000000000000000        0xc STM32F103C6_Drivers/STM32F103C6_EXTI_Driver.o
 .group         0x0000000000000000        0xc STM32F103C6_Drivers/STM32F103C6_EXTI_Driver.o
 .group         0x0000000000000000        0xc STM32F103C6_Drivers/STM32F103C6_EXTI_Driver.o
 .group         0x0000000000000000        0xc STM32F103C6_Drivers/STM32F103C6_EXTI_Driver.o
 .group         0x0000000000000000        0xc STM32F103C6_Drivers/STM32F103C6_EXTI_Driver.o
 .group         0x0000000000000000        0xc STM32F103C6_Drivers/STM32F103C6_EXTI_Driver.o
 .group         0x0000000000000000        0xc STM32F103C6_Drivers/STM32F103C6_EXTI_Driver.o
 .group         0x0000000000000000        0xc STM32F103C6_Drivers/STM32F103C6_EXTI_Driver.o
 .group         0x0000000000000000        0xc STM32F103C6_Drivers/STM32F103C6_EXTI_Driver.o
 .group         0x0000000000000000        0xc STM32F103C6_Drivers/STM32F103C6_EXTI_Driver.o
 .group         0x0000000000000000        0xc STM32F103C6_Drivers/STM32F103C6_EXTI_Driver.o
 .group         0x0000000000000000        0xc STM32F103C6_Drivers/STM32F103C6_EXTI_Driver.o
 .group         0x0000000000000000        0xc STM32F103C6_Drivers/STM32F103C6_EXTI_Driver.o
 .group         0x0000000000000000        0xc STM32F103C6_Drivers/STM32F103C6_EXTI_Driver.o
 .group         0x0000000000000000        0xc STM32F103C6_Drivers/STM32F103C6_EXTI_Driver.o
 .group         0x0000000000000000        0xc STM32F103C6_Drivers/STM32F103C6_EXTI_Driver.o
 .group         0x0000000000000000        0xc STM32F103C6_Drivers/STM32F103C6_EXTI_Driver.o
 .group         0x0000000000000000        0xc STM32F103C6_Drivers/STM32F103C6_EXTI_Driver.o
 .group         0x0000000000000000        0xc STM32F103C6_Drivers/STM32F103C6_EXTI_Driver.o
 .group         0x0000000000000000        0xc STM32F103C6_Drivers/STM32F103C6_EXTI_Driver.o
 .group         0x0000000000000000        0xc STM32F103C6_Drivers/STM32F103C6_EXTI_Driver.o
 .group         0x0000000000000000        0xc STM32F103C6_Drivers/STM32F103C6_EXTI_Driver.o
 .group         0x0000000000000000        0xc STM32F103C6_Drivers/STM32F103C6_EXTI_Driver.o
 .group         0x0000000000000000        0xc STM32F103C6_Drivers/STM32F103C6_EXTI_Driver.o
 .group         0x0000000000000000        0xc STM32F103C6_Drivers/STM32F103C6_EXTI_Driver.o
 .text          0x0000000000000000        0x0 STM32F103C6_Drivers/STM32F103C6_EXTI_Driver.o
 .data          0x0000000000000000        0x0 STM32F103C6_Drivers/STM32F103C6_EXTI_Driver.o
 .bss           0x0000000000000000        0x0 STM32F103C6_Drivers/STM32F103C6_EXTI_Driver.o
 .text.Enable_NVIC
                0x0000000000000000       0xcc STM32F103C6_Drivers/STM32F103C6_EXTI_Driver.o
 .text.Disable_NVIC
                0x0000000000000000       0xcc STM32F103C6_Drivers/STM32F103C6_EXTI_Driver.o
 .text.Update_EXTI
                0x0000000000000000      0x1fc STM32F103C6_Drivers/STM32F103C6_EXTI_Driver.o
 .text.MCAL_EXTI_GPIO_Init
                0x0000000000000000       0x16 STM32F103C6_Drivers/STM32F103C6_EXTI_Driver.o
 .text.MCAL_EXTI_GPIO_Update
                0x0000000000000000       0x16 STM32F103C6_Drivers/STM32F103C6_EXTI_Driver.o
 .text.MCAL_EXTI_GPIO_Reset
                0x0000000000000000       0xa0 STM32F103C6_Drivers/STM32F103C6_EXTI_Driver.o
 .group         0x0000000000000000        0xc STM32F103C6_Drivers/STM32F103C6_GPIO_Driver.o
 .group         0x0000000000000000        0xc STM32F103C6_Drivers/STM32F103C6_GPIO_Driver.o
 .group         0x0000000000000000        0xc STM32F103C6_Drivers/STM32F103C6_GPIO_Driver.o
 .group         0x0000000000000000        0xc STM32F103C6_Drivers/STM32F103C6_GPIO_Driver.o
 .group         0x0000000000000000        0xc STM32F103C6_Drivers/STM32F103C6_GPIO_Driver.o
 .group         0x0000000000000000        0xc STM32F103C6_Drivers/STM32F103C6_GPIO_Driver.o
 .group         0x0000000000000000        0xc STM32F103C6_Drivers/STM32F103C6_GPIO_Driver.o
 .group         0x0000000000000000        0xc STM32F103C6_Drivers/STM32F103C6_GPIO_Driver.o
 .group         0x0000000000000000        0xc STM32F103C6_Drivers/STM32F103C6_GPIO_Driver.o
 .group         0x0000000000000000        0xc STM32F103C6_Drivers/STM32F103C6_GPIO_Driver.o
 .group         0x0000000000000000        0xc STM32F103C6_Drivers/STM32F103C6_GPIO_Driver.o
 .group         0x0000000000000000        0xc STM32F103C6_Drivers/STM32F103C6_GPIO_Driver.o
 .group         0x0000000000000000        0xc STM32F103C6_Drivers/STM32F103C6_GPIO_Driver.o
 .group         0x0000000000000000        0xc STM32F103C6_Drivers/STM32F103C6_GPIO_Driver.o
 .group         0x0000000000000000        0xc STM32F103C6_Drivers/STM32F103C6_GPIO_Driver.o
 .group         0x0000000000000000        0xc STM32F103C6_Drivers/STM32F103C6_GPIO_Driver.o
 .group         0x0000000000000000        0xc STM32F103C6_Drivers/STM32F103C6_GPIO_Driver.o
 .group         0x0000000000000000        0xc STM32F103C6_Drivers/STM32F103C6_GPIO_Driver.o
 .group         0x0000000000000000        0xc STM32F103C6_Drivers/STM32F103C6_GPIO_Driver.o
 .group         0x0000000000000000        0xc STM32F103C6_Drivers/STM32F103C6_GPIO_Driver.o
 .group         0x0000000000000000        0xc STM32F103C6_Drivers/STM32F103C6_GPIO_Driver.o
 .group         0x0000000000000000        0xc STM32F103C6_Drivers/STM32F103C6_GPIO_Driver.o
 .group         0x0000000000000000        0xc STM32F103C6_Drivers/STM32F103C6_GPIO_Driver.o
 .group         0x0000000000000000        0xc STM32F103C6_Drivers/STM32F103C6_GPIO_Driver.o
 .text          0x0000000000000000        0x0 STM32F103C6_Drivers/STM32F103C6_GPIO_Driver.o
 .data          0x0000000000000000        0x0 STM32F103C6_Drivers/STM32F103C6_GPIO_Driver.o
 .bss           0x0000000000000000        0x0 STM32F103C6_Drivers/STM32F103C6_GPIO_Driver.o
 .text.MCAL_GPIO_Reset
                0x0000000000000000       0xf0 STM32F103C6_Drivers/STM32F103C6_GPIO_Driver.o
 .text.MCAL_GPIO_ReadPin
                0x0000000000000000       0x2e STM32F103C6_Drivers/STM32F103C6_GPIO_Driver.o
 .text.MCAL_GPIO_ReadPORT
                0x0000000000000000       0x1a STM32F103C6_Drivers/STM32F103C6_GPIO_Driver.o
 .text.MCAL_GPIO_WritePort
                0x0000000000000000       0x1c STM32F103C6_Drivers/STM32F103C6_GPIO_Driver.o
 .text.MCAL_GPIO_TogglePin
                0x0000000000000000       0x22 STM32F103C6_Drivers/STM32F103C6_GPIO_Driver.o
 .text.MCAL_GPIO_LOCKPin
                0x0000000000000000       0x5c STM32F103C6_Drivers/STM32F103C6_GPIO_Driver.o
 .debug_macro   0x0000000000000000      0xa60 STM32F103C6_Drivers/STM32F103C6_GPIO_Driver.o
 .debug_macro   0x0000000000000000       0x18 STM32F103C6_Drivers/STM32F103C6_GPIO_Driver.o
 .debug_macro   0x0000000000000000       0x22 STM32F103C6_Drivers/STM32F103C6_GPIO_Driver.o
 .debug_macro   0x0000000000000000       0x40 STM32F103C6_Drivers/STM32F103C6_GPIO_Driver.o
 .debug_macro   0x0000000000000000       0x94 STM32F103C6_Drivers/STM32F103C6_GPIO_Driver.o
 .debug_macro   0x0000000000000000       0x3c STM32F103C6_Drivers/STM32F103C6_GPIO_Driver.o
 .debug_macro   0x0000000000000000       0x34 STM32F103C6_Drivers/STM32F103C6_GPIO_Driver.o
 .debug_macro   0x0000000000000000       0x16 STM32F103C6_Drivers/STM32F103C6_GPIO_Driver.o
 .debug_macro   0x0000000000000000      0x10e STM32F103C6_Drivers/STM32F103C6_GPIO_Driver.o
 .debug_macro   0x0000000000000000       0x8d STM32F103C6_Drivers/STM32F103C6_GPIO_Driver.o
 .debug_macro   0x0000000000000000       0x57 STM32F103C6_Drivers/STM32F103C6_GPIO_Driver.o
 .debug_macro   0x0000000000000000       0x52 STM32F103C6_Drivers/STM32F103C6_GPIO_Driver.o
 .debug_macro   0x0000000000000000       0x1f STM32F103C6_Drivers/STM32F103C6_GPIO_Driver.o
 .debug_macro   0x0000000000000000       0x43 STM32F103C6_Drivers/STM32F103C6_GPIO_Driver.o
 .debug_macro   0x0000000000000000       0x20 STM32F103C6_Drivers/STM32F103C6_GPIO_Driver.o
 .debug_macro   0x0000000000000000      0x1a3 STM32F103C6_Drivers/STM32F103C6_GPIO_Driver.o
 .debug_macro   0x0000000000000000      0x330 STM32F103C6_Drivers/STM32F103C6_GPIO_Driver.o
 .debug_macro   0x0000000000000000       0x16 STM32F103C6_Drivers/STM32F103C6_GPIO_Driver.o
 .debug_macro   0x0000000000000000       0x29 STM32F103C6_Drivers/STM32F103C6_GPIO_Driver.o
 .debug_macro   0x0000000000000000       0xef STM32F103C6_Drivers/STM32F103C6_GPIO_Driver.o
 .debug_macro   0x0000000000000000       0x6a STM32F103C6_Drivers/STM32F103C6_GPIO_Driver.o
 .debug_macro   0x0000000000000000      0x1df STM32F103C6_Drivers/STM32F103C6_GPIO_Driver.o
 .debug_macro   0x0000000000000000      0x2ac STM32F103C6_Drivers/STM32F103C6_GPIO_Driver.o
 .debug_macro   0x0000000000000000       0xca STM32F103C6_Drivers/STM32F103C6_GPIO_Driver.o
 .group         0x0000000000000000        0xc STM32F103C6_Drivers/STM32F103C6_RCC_Driver.o
 .group         0x0000000000000000        0xc STM32F103C6_Drivers/STM32F103C6_RCC_Driver.o
 .group         0x0000000000000000        0xc STM32F103C6_Drivers/STM32F103C6_RCC_Driver.o
 .group         0x0000000000000000        0xc STM32F103C6_Drivers/STM32F103C6_RCC_Driver.o
 .group         0x0000000000000000        0xc STM32F103C6_Drivers/STM32F103C6_RCC_Driver.o
 .group         0x0000000000000000        0xc STM32F103C6_Drivers/STM32F103C6_RCC_Driver.o
 .group         0x0000000000000000        0xc STM32F103C6_Drivers/STM32F103C6_RCC_Driver.o
 .group         0x0000000000000000        0xc STM32F103C6_Drivers/STM32F103C6_RCC_Driver.o
 .group         0x0000000000000000        0xc STM32F103C6_Drivers/STM32F103C6_RCC_Driver.o
 .group         0x0000000000000000        0xc STM32F103C6_Drivers/STM32F103C6_RCC_Driver.o
 .group         0x0000000000000000        0xc STM32F103C6_Drivers/STM32F103C6_RCC_Driver.o
 .group         0x0000000000000000        0xc STM32F103C6_Drivers/STM32F103C6_RCC_Driver.o
 .group         0x0000000000000000        0xc STM32F103C6_Drivers/STM32F103C6_RCC_Driver.o
 .group         0x0000000000000000        0xc STM32F103C6_Drivers/STM32F103C6_RCC_Driver.o
 .group         0x0000000000000000        0xc STM32F103C6_Drivers/STM32F103C6_RCC_Driver.o
 .group         0x0000000000000000        0xc STM32F103C6_Drivers/STM32F103C6_RCC_Driver.o
 .group         0x0000000000000000        0xc STM32F103C6_Drivers/STM32F103C6_RCC_Driver.o
 .group         0x0000000000000000        0xc STM32F103C6_Drivers/STM32F103C6_RCC_Driver.o
 .group         0x0000000000000000        0xc STM32F103C6_Drivers/STM32F103C6_RCC_Driver.o
 .group         0x0000000000000000        0xc STM32F103C6_Drivers/STM32F103C6_RCC_Driver.o
 .group         0x0000000000000000        0xc STM32F103C6_Drivers/STM32F103C6_RCC_Driver.o
 .group         0x0000000000000000        0xc STM32F103C6_Drivers/STM32F103C6_RCC_Driver.o
 .group         0x0000000000000000        0xc STM32F103C6_Drivers/STM32F103C6_RCC_Driver.o
 .group         0x0000000000000000        0xc STM32F103C6_Drivers/STM32F103C6_RCC_Driver.o
 .group         0x0000000000000000        0xc STM32F103C6_Drivers/STM32F103C6_RCC_Driver.o
 .text          0x0000000000000000        0x0 STM32F103C6_Drivers/STM32F103C6_RCC_Driver.o
 .data          0x0000000000000000        0x0 STM32F103C6_Drivers/STM32F103C6_RCC_Driver.o
 .bss           0x0000000000000000        0x0 STM32F103C6_Drivers/STM32F103C6_RCC_Driver.o
 .debug_macro   0x0000000000000000      0xa60 STM32F103C6_Drivers/STM32F103C6_RCC_Driver.o
 .debug_macro   0x0000000000000000       0x18 STM32F103C6_Drivers/STM32F103C6_RCC_Driver.o
 .debug_macro   0x0000000000000000       0x22 STM32F103C6_Drivers/STM32F103C6_RCC_Driver.o
 .debug_macro   0x0000000000000000       0x40 STM32F103C6_Drivers/STM32F103C6_RCC_Driver.o
 .debug_macro   0x0000000000000000       0x94 STM32F103C6_Drivers/STM32F103C6_RCC_Driver.o
 .debug_macro   0x0000000000000000       0x3c STM32F103C6_Drivers/STM32F103C6_RCC_Driver.o
 .debug_macro   0x0000000000000000       0x34 STM32F103C6_Drivers/STM32F103C6_RCC_Driver.o
 .debug_macro   0x0000000000000000       0x16 STM32F103C6_Drivers/STM32F103C6_RCC_Driver.o
 .debug_macro   0x0000000000000000      0x10e STM32F103C6_Drivers/STM32F103C6_RCC_Driver.o
 .debug_macro   0x0000000000000000       0x8d STM32F103C6_Drivers/STM32F103C6_RCC_Driver.o
 .debug_macro   0x0000000000000000       0x57 STM32F103C6_Drivers/STM32F103C6_RCC_Driver.o
 .debug_macro   0x0000000000000000       0x52 STM32F103C6_Drivers/STM32F103C6_RCC_Driver.o
 .debug_macro   0x0000000000000000       0x1f STM32F103C6_Drivers/STM32F103C6_RCC_Driver.o
 .debug_macro   0x0000000000000000       0x43 STM32F103C6_Drivers/STM32F103C6_RCC_Driver.o
 .debug_macro   0x0000000000000000       0x20 STM32F103C6_Drivers/STM32F103C6_RCC_Driver.o
 .debug_macro   0x0000000000000000      0x1a3 STM32F103C6_Drivers/STM32F103C6_RCC_Driver.o
 .debug_macro   0x0000000000000000      0x330 STM32F103C6_Drivers/STM32F103C6_RCC_Driver.o
 .debug_macro   0x0000000000000000       0x16 STM32F103C6_Drivers/STM32F103C6_RCC_Driver.o
 .debug_macro   0x0000000000000000       0x29 STM32F103C6_Drivers/STM32F103C6_RCC_Driver.o
 .debug_macro   0x0000000000000000       0xef STM32F103C6_Drivers/STM32F103C6_RCC_Driver.o
 .debug_macro   0x0000000000000000       0x6a STM32F103C6_Drivers/STM32F103C6_RCC_Driver.o
 .debug_macro   0x0000000000000000      0x1df STM32F103C6_Drivers/STM32F103C6_RCC_Driver.o
 .debug_macro   0x0000000000000000      0x2ac STM32F103C6_Drivers/STM32F103C6_RCC_Driver.o
 .debug_macro   0x0000000000000000       0xca STM32F103C6_Drivers/STM32F103C6_RCC_Driver.o
 .group         0x0000000000000000        0xc STM32F103C6_Drivers/STM32F103C6_SPI_Driver.o
 .group         0x0000000000000000        0xc STM32F103C6_Drivers/STM32F103C6_SPI_Driver.o
 .group         0x0000000000000000        0xc STM32F103C6_Drivers/STM32F103C6_SPI_Driver.o
 .group         0x0000000000000000        0xc STM32F103C6_Drivers/STM32F103C6_SPI_Driver.o
 .group         0x0000000000000000        0xc STM32F103C6_Drivers/STM32F103C6_SPI_Driver.o
 .group         0x0000000000000000        0xc STM32F103C6_Drivers/STM32F103C6_SPI_Driver.o
 .group         0x0000000000000000        0xc STM32F103C6_Drivers/STM32F103C6_SPI_Driver.o
 .group         0x0000000000000000        0xc STM32F103C6_Drivers/STM32F103C6_SPI_Driver.o
 .group         0x0000000000000000        0xc STM32F103C6_Drivers/STM32F103C6_SPI_Driver.o
 .group         0x0000000000000000        0xc STM32F103C6_Drivers/STM32F103C6_SPI_Driver.o
 .group         0x0000000000000000        0xc STM32F103C6_Drivers/STM32F103C6_SPI_Driver.o
 .group         0x0000000000000000        0xc STM32F103C6_Drivers/STM32F103C6_SPI_Driver.o
 .group         0x0000000000000000        0xc STM32F103C6_Drivers/STM32F103C6_SPI_Driver.o
 .group         0x0000000000000000        0xc STM32F103C6_Drivers/STM32F103C6_SPI_Driver.o
 .group         0x0000000000000000        0xc STM32F103C6_Drivers/STM32F103C6_SPI_Driver.o
 .group         0x0000000000000000        0xc STM32F103C6_Drivers/STM32F103C6_SPI_Driver.o
 .group         0x0000000000000000        0xc STM32F103C6_Drivers/STM32F103C6_SPI_Driver.o
 .group         0x0000000000000000        0xc STM32F103C6_Drivers/STM32F103C6_SPI_Driver.o
 .group         0x0000000000000000        0xc STM32F103C6_Drivers/STM32F103C6_SPI_Driver.o
 .group         0x0000000000000000        0xc STM32F103C6_Drivers/STM32F103C6_SPI_Driver.o
 .group         0x0000000000000000        0xc STM32F103C6_Drivers/STM32F103C6_SPI_Driver.o
 .group         0x0000000000000000        0xc STM32F103C6_Drivers/STM32F103C6_SPI_Driver.o
 .group         0x0000000000000000        0xc STM32F103C6_Drivers/STM32F103C6_SPI_Driver.o
 .group         0x0000000000000000        0xc STM32F103C6_Drivers/STM32F103C6_SPI_Driver.o
 .group         0x0000000000000000        0xc STM32F103C6_Drivers/STM32F103C6_SPI_Driver.o
 .group         0x0000000000000000        0xc STM32F103C6_Drivers/STM32F103C6_SPI_Driver.o
 .text          0x0000000000000000        0x0 STM32F103C6_Drivers/STM32F103C6_SPI_Driver.o
 .data          0x0000000000000000        0x0 STM32F103C6_Drivers/STM32F103C6_SPI_Driver.o
 .bss           0x0000000000000000        0x0 STM32F103C6_Drivers/STM32F103C6_SPI_Driver.o
 .text.MCAL_SPI_DeInit
                0x0000000000000000       0x60 STM32F103C6_Drivers/STM32F103C6_SPI_Driver.o
 .text.MCAL_SPI_SendData
                0x0000000000000000       0x38 STM32F103C6_Drivers/STM32F103C6_SPI_Driver.o
 .text.MCAL_SPI_ReceiveData
                0x0000000000000000       0x36 STM32F103C6_Drivers/STM32F103C6_SPI_Driver.o
 .debug_macro   0x0000000000000000      0xa60 STM32F103C6_Drivers/STM32F103C6_SPI_Driver.o
 .debug_macro   0x0000000000000000       0x18 STM32F103C6_Drivers/STM32F103C6_SPI_Driver.o
 .debug_macro   0x0000000000000000       0x22 STM32F103C6_Drivers/STM32F103C6_SPI_Driver.o
 .debug_macro   0x0000000000000000       0x40 STM32F103C6_Drivers/STM32F103C6_SPI_Driver.o
 .debug_macro   0x0000000000000000       0x94 STM32F103C6_Drivers/STM32F103C6_SPI_Driver.o
 .debug_macro   0x0000000000000000       0x3c STM32F103C6_Drivers/STM32F103C6_SPI_Driver.o
 .debug_macro   0x0000000000000000       0x34 STM32F103C6_Drivers/STM32F103C6_SPI_Driver.o
 .debug_macro   0x0000000000000000       0x16 STM32F103C6_Drivers/STM32F103C6_SPI_Driver.o
 .debug_macro   0x0000000000000000      0x10e STM32F103C6_Drivers/STM32F103C6_SPI_Driver.o
 .debug_macro   0x0000000000000000       0x8d STM32F103C6_Drivers/STM32F103C6_SPI_Driver.o
 .debug_macro   0x0000000000000000       0x57 STM32F103C6_Drivers/STM32F103C6_SPI_Driver.o
 .debug_macro   0x0000000000000000       0x52 STM32F103C6_Drivers/STM32F103C6_SPI_Driver.o
 .debug_macro   0x0000000000000000       0x1f STM32F103C6_Drivers/STM32F103C6_SPI_Driver.o
 .debug_macro   0x0000000000000000       0x43 STM32F103C6_Drivers/STM32F103C6_SPI_Driver.o
 .debug_macro   0x0000000000000000       0x20 STM32F103C6_Drivers/STM32F103C6_SPI_Driver.o
 .debug_macro   0x0000000000000000      0x1a3 STM32F103C6_Drivers/STM32F103C6_SPI_Driver.o
 .debug_macro   0x0000000000000000      0x330 STM32F103C6_Drivers/STM32F103C6_SPI_Driver.o
 .debug_macro   0x0000000000000000       0x16 STM32F103C6_Drivers/STM32F103C6_SPI_Driver.o
 .debug_macro   0x0000000000000000       0x29 STM32F103C6_Drivers/STM32F103C6_SPI_Driver.o
 .debug_macro   0x0000000000000000       0xef STM32F103C6_Drivers/STM32F103C6_SPI_Driver.o
 .debug_macro   0x0000000000000000       0x6a STM32F103C6_Drivers/STM32F103C6_SPI_Driver.o
 .debug_macro   0x0000000000000000      0x1df STM32F103C6_Drivers/STM32F103C6_SPI_Driver.o
 .debug_macro   0x0000000000000000      0x2ac STM32F103C6_Drivers/STM32F103C6_SPI_Driver.o
 .debug_macro   0x0000000000000000       0xca STM32F103C6_Drivers/STM32F103C6_SPI_Driver.o
 .debug_macro   0x0000000000000000       0x10 STM32F103C6_Drivers/STM32F103C6_SPI_Driver.o
 .group         0x0000000000000000        0xc STM32F103C6_Drivers/STM32F103C6_USART_Driver.o
 .group         0x0000000000000000        0xc STM32F103C6_Drivers/STM32F103C6_USART_Driver.o
 .group         0x0000000000000000        0xc STM32F103C6_Drivers/STM32F103C6_USART_Driver.o
 .group         0x0000000000000000        0xc STM32F103C6_Drivers/STM32F103C6_USART_Driver.o
 .group         0x0000000000000000        0xc STM32F103C6_Drivers/STM32F103C6_USART_Driver.o
 .group         0x0000000000000000        0xc STM32F103C6_Drivers/STM32F103C6_USART_Driver.o
 .group         0x0000000000000000        0xc STM32F103C6_Drivers/STM32F103C6_USART_Driver.o
 .group         0x0000000000000000        0xc STM32F103C6_Drivers/STM32F103C6_USART_Driver.o
 .group         0x0000000000000000        0xc STM32F103C6_Drivers/STM32F103C6_USART_Driver.o
 .group         0x0000000000000000        0xc STM32F103C6_Drivers/STM32F103C6_USART_Driver.o
 .group         0x0000000000000000        0xc STM32F103C6_Drivers/STM32F103C6_USART_Driver.o
 .group         0x0000000000000000        0xc STM32F103C6_Drivers/STM32F103C6_USART_Driver.o
 .group         0x0000000000000000        0xc STM32F103C6_Drivers/STM32F103C6_USART_Driver.o
 .group         0x0000000000000000        0xc STM32F103C6_Drivers/STM32F103C6_USART_Driver.o
 .group         0x0000000000000000        0xc STM32F103C6_Drivers/STM32F103C6_USART_Driver.o
 .group         0x0000000000000000        0xc STM32F103C6_Drivers/STM32F103C6_USART_Driver.o
 .group         0x0000000000000000        0xc STM32F103C6_Drivers/STM32F103C6_USART_Driver.o
 .group         0x0000000000000000        0xc STM32F103C6_Drivers/STM32F103C6_USART_Driver.o
 .group         0x0000000000000000        0xc STM32F103C6_Drivers/STM32F103C6_USART_Driver.o
 .group         0x0000000000000000        0xc STM32F103C6_Drivers/STM32F103C6_USART_Driver.o
 .group         0x0000000000000000        0xc STM32F103C6_Drivers/STM32F103C6_USART_Driver.o
 .group         0x0000000000000000        0xc STM32F103C6_Drivers/STM32F103C6_USART_Driver.o
 .group         0x0000000000000000        0xc STM32F103C6_Drivers/STM32F103C6_USART_Driver.o
 .group         0x0000000000000000        0xc STM32F103C6_Drivers/STM32F103C6_USART_Driver.o
 .group         0x0000000000000000        0xc STM32F103C6_Drivers/STM32F103C6_USART_Driver.o
 .group         0x0000000000000000        0xc STM32F103C6_Drivers/STM32F103C6_USART_Driver.o
 .text          0x0000000000000000        0x0 STM32F103C6_Drivers/STM32F103C6_USART_Driver.o
 .data          0x0000000000000000        0x0 STM32F103C6_Drivers/STM32F103C6_USART_Driver.o
 .bss           0x0000000000000000        0x0 STM32F103C6_Drivers/STM32F103C6_USART_Driver.o
 .text.MCAL_UART_DeInit
                0x0000000000000000       0x98 STM32F103C6_Drivers/STM32F103C6_USART_Driver.o
 .text.MCAL_UART_WAIT_TC
                0x0000000000000000       0x20 STM32F103C6_Drivers/STM32F103C6_USART_Driver.o
 .debug_macro   0x0000000000000000      0xa60 STM32F103C6_Drivers/STM32F103C6_USART_Driver.o
 .debug_macro   0x0000000000000000       0x18 STM32F103C6_Drivers/STM32F103C6_USART_Driver.o
 .debug_macro   0x0000000000000000       0x22 STM32F103C6_Drivers/STM32F103C6_USART_Driver.o
 .debug_macro   0x0000000000000000       0x40 STM32F103C6_Drivers/STM32F103C6_USART_Driver.o
 .debug_macro   0x0000000000000000       0x94 STM32F103C6_Drivers/STM32F103C6_USART_Driver.o
 .debug_macro   0x0000000000000000       0x3c STM32F103C6_Drivers/STM32F103C6_USART_Driver.o
 .debug_macro   0x0000000000000000       0x34 STM32F103C6_Drivers/STM32F103C6_USART_Driver.o
 .debug_macro   0x0000000000000000       0x16 STM32F103C6_Drivers/STM32F103C6_USART_Driver.o
 .debug_macro   0x0000000000000000      0x10e STM32F103C6_Drivers/STM32F103C6_USART_Driver.o
 .debug_macro   0x0000000000000000       0x8d STM32F103C6_Drivers/STM32F103C6_USART_Driver.o
 .debug_macro   0x0000000000000000       0x57 STM32F103C6_Drivers/STM32F103C6_USART_Driver.o
 .debug_macro   0x0000000000000000       0x52 STM32F103C6_Drivers/STM32F103C6_USART_Driver.o
 .debug_macro   0x0000000000000000       0x1f STM32F103C6_Drivers/STM32F103C6_USART_Driver.o
 .debug_macro   0x0000000000000000       0x43 STM32F103C6_Drivers/STM32F103C6_USART_Driver.o
 .debug_macro   0x0000000000000000       0x20 STM32F103C6_Drivers/STM32F103C6_USART_Driver.o
 .debug_macro   0x0000000000000000      0x1a3 STM32F103C6_Drivers/STM32F103C6_USART_Driver.o
 .debug_macro   0x0000000000000000      0x330 STM32F103C6_Drivers/STM32F103C6_USART_Driver.o
 .debug_macro   0x0000000000000000       0x16 STM32F103C6_Drivers/STM32F103C6_USART_Driver.o
 .debug_macro   0x0000000000000000       0x29 STM32F103C6_Drivers/STM32F103C6_USART_Driver.o
 .debug_macro   0x0000000000000000       0xef STM32F103C6_Drivers/STM32F103C6_USART_Driver.o
 .debug_macro   0x0000000000000000       0x6a STM32F103C6_Drivers/STM32F103C6_USART_Driver.o
 .debug_macro   0x0000000000000000      0x1df STM32F103C6_Drivers/STM32F103C6_USART_Driver.o
 .debug_macro   0x0000000000000000      0x2ac STM32F103C6_Drivers/STM32F103C6_USART_Driver.o
 .debug_macro   0x0000000000000000       0xca STM32F103C6_Drivers/STM32F103C6_USART_Driver.o
 .debug_macro   0x0000000000000000       0x10 STM32F103C6_Drivers/STM32F103C6_USART_Driver.o
 .group         0x0000000000000000        0xc Src/main.o
 .group         0x0000000000000000        0xc Src/main.o
 .group         0x0000000000000000        0xc Src/main.o
 .group         0x0000000000000000        0xc Src/main.o
 .group         0x0000000000000000        0xc Src/main.o
 .group         0x0000000000000000        0xc Src/main.o
 .group         0x0000000000000000        0xc Src/main.o
 .group         0x0000000000000000        0xc Src/main.o
 .group         0x0000000000000000        0xc Src/main.o
 .group         0x0000000000000000        0xc Src/main.o
 .group         0x0000000000000000        0xc Src/main.o
 .group         0x0000000000000000        0xc Src/main.o
 .group         0x0000000000000000        0xc Src/main.o
 .group         0x0000000000000000        0xc Src/main.o
 .group         0x0000000000000000        0xc Src/main.o
 .group         0x0000000000000000        0xc Src/main.o
 .group         0x0000000000000000        0xc Src/main.o
 .group         0x0000000000000000        0xc Src/main.o
 .group         0x0000000000000000        0xc Src/main.o
 .group         0x0000000000000000        0xc Src/main.o
 .group         0x0000000000000000        0xc Src/main.o
 .group         0x0000000000000000        0xc Src/main.o
 .group         0x0000000000000000        0xc Src/main.o
 .group         0x0000000000000000        0xc Src/main.o
 .group         0x0000000000000000        0xc Src/main.o
 .group         0x0000000000000000        0xc Src/main.o
 .group         0x0000000000000000        0xc Src/main.o
 .text          0x0000000000000000        0x0 Src/main.o
 .data          0x0000000000000000        0x0 Src/main.o
 .bss           0x0000000000000000        0x0 Src/main.o
 .debug_macro   0x0000000000000000      0xa60 Src/main.o
 .debug_macro   0x0000000000000000       0x18 Src/main.o
 .debug_macro   0x0000000000000000       0x22 Src/main.o
 .debug_macro   0x0000000000000000       0x40 Src/main.o
 .debug_macro   0x0000000000000000       0x94 Src/main.o
 .debug_macro   0x0000000000000000       0x3c Src/main.o
 .debug_macro   0x0000000000000000       0x34 Src/main.o
 .debug_macro   0x0000000000000000       0x16 Src/main.o
 .debug_macro   0x0000000000000000      0x10e Src/main.o
 .debug_macro   0x0000000000000000       0x8d Src/main.o
 .debug_macro   0x0000000000000000       0x57 Src/main.o
 .debug_macro   0x0000000000000000       0x52 Src/main.o
 .debug_macro   0x0000000000000000       0x1f Src/main.o
 .debug_macro   0x0000000000000000       0x43 Src/main.o
 .debug_macro   0x0000000000000000       0x20 Src/main.o
 .debug_macro   0x0000000000000000      0x1a3 Src/main.o
 .debug_macro   0x0000000000000000      0x330 Src/main.o
 .debug_macro   0x0000000000000000       0x16 Src/main.o
 .debug_macro   0x0000000000000000       0x29 Src/main.o
 .debug_macro   0x0000000000000000       0xef Src/main.o
 .debug_macro   0x0000000000000000       0x6a Src/main.o
 .debug_macro   0x0000000000000000      0x1df Src/main.o
 .debug_macro   0x0000000000000000      0x2ac Src/main.o
 .debug_macro   0x0000000000000000       0xca Src/main.o
 .debug_macro   0x0000000000000000       0xe2 Src/main.o
 .debug_macro   0x0000000000000000       0xc4 Src/main.o
 .group         0x0000000000000000        0xc Src/syscalls.o
 .group         0x0000000000000000        0xc Src/syscalls.o
 .group         0x0000000000000000        0xc Src/syscalls.o
 .group         0x0000000000000000        0xc Src/syscalls.o
 .group         0x0000000000000000        0xc Src/syscalls.o
 .group         0x0000000000000000        0xc Src/syscalls.o
 .group         0x0000000000000000        0xc Src/syscalls.o
 .group         0x0000000000000000        0xc Src/syscalls.o
 .group         0x0000000000000000        0xc Src/syscalls.o
 .group         0x0000000000000000        0xc Src/syscalls.o
 .group         0x0000000000000000        0xc Src/syscalls.o
 .group         0x0000000000000000        0xc Src/syscalls.o
 .group         0x0000000000000000        0xc Src/syscalls.o
 .group         0x0000000000000000        0xc Src/syscalls.o
 .group         0x0000000000000000        0xc Src/syscalls.o
 .group         0x0000000000000000        0xc Src/syscalls.o
 .group         0x0000000000000000        0xc Src/syscalls.o
 .group         0x0000000000000000        0xc Src/syscalls.o
 .group         0x0000000000000000        0xc Src/syscalls.o
 .group         0x0000000000000000        0xc Src/syscalls.o
 .group         0x0000000000000000        0xc Src/syscalls.o
 .group         0x0000000000000000        0xc Src/syscalls.o
 .group         0x0000000000000000        0xc Src/syscalls.o
 .group         0x0000000000000000        0xc Src/syscalls.o
 .group         0x0000000000000000        0xc Src/syscalls.o
 .group         0x0000000000000000        0xc Src/syscalls.o
 .group         0x0000000000000000        0xc Src/syscalls.o
 .group         0x0000000000000000        0xc Src/syscalls.o
 .group         0x0000000000000000        0xc Src/syscalls.o
 .group         0x0000000000000000        0xc Src/syscalls.o
 .group         0x0000000000000000        0xc Src/syscalls.o
 .group         0x0000000000000000        0xc Src/syscalls.o
 .group         0x0000000000000000        0xc Src/syscalls.o
 .group         0x0000000000000000        0xc Src/syscalls.o
 .group         0x0000000000000000        0xc Src/syscalls.o
 .group         0x0000000000000000        0xc Src/syscalls.o
 .group         0x0000000000000000        0xc Src/syscalls.o
 .group         0x0000000000000000        0xc Src/syscalls.o
 .group         0x0000000000000000        0xc Src/syscalls.o
 .group         0x0000000000000000        0xc Src/syscalls.o
 .group         0x0000000000000000        0xc Src/syscalls.o
 .group         0x0000000000000000        0xc Src/syscalls.o
 .group         0x0000000000000000        0xc Src/syscalls.o
 .group         0x0000000000000000        0xc Src/syscalls.o
 .text          0x0000000000000000        0x0 Src/syscalls.o
 .data          0x0000000000000000        0x0 Src/syscalls.o
 .bss           0x0000000000000000        0x0 Src/syscalls.o
 .bss.__env     0x0000000000000000        0x4 Src/syscalls.o
 .data.environ  0x0000000000000000        0x4 Src/syscalls.o
 .text.initialise_monitor_handles
                0x0000000000000000        0xc Src/syscalls.o
 .text._getpid  0x0000000000000000        0xe Src/syscalls.o
 .text._kill    0x0000000000000000       0x20 Src/syscalls.o
 .text._exit    0x0000000000000000       0x14 Src/syscalls.o
 .text._read    0x0000000000000000       0x3a Src/syscalls.o
 .text._write   0x0000000000000000       0x38 Src/syscalls.o
 .text._close   0x0000000000000000       0x16 Src/syscalls.o
 .text._fstat   0x0000000000000000       0x1e Src/syscalls.o
 .text._isatty  0x0000000000000000       0x14 Src/syscalls.o
 .text._lseek   0x0000000000000000       0x18 Src/syscalls.o
 .text._open    0x0000000000000000       0x1a Src/syscalls.o
 .text._wait    0x0000000000000000       0x1e Src/syscalls.o
 .text._unlink  0x0000000000000000       0x1e Src/syscalls.o
 .text._times   0x0000000000000000       0x16 Src/syscalls.o
 .text._stat    0x0000000000000000       0x1e Src/syscalls.o
 .text._link    0x0000000000000000       0x20 Src/syscalls.o
 .text._fork    0x0000000000000000       0x16 Src/syscalls.o
 .text._execve  0x0000000000000000       0x22 Src/syscalls.o
 .debug_info    0x0000000000000000     0x1038 Src/syscalls.o
 .debug_abbrev  0x0000000000000000      0x254 Src/syscalls.o
 .debug_loc     0x0000000000000000      0x5b8 Src/syscalls.o
 .debug_aranges
                0x0000000000000000       0xa8 Src/syscalls.o
 .debug_ranges  0x0000000000000000       0x98 Src/syscalls.o
 .debug_macro   0x0000000000000000      0x243 Src/syscalls.o
 .debug_macro   0x0000000000000000      0xa60 Src/syscalls.o
 .debug_macro   0x0000000000000000       0x22 Src/syscalls.o
 .debug_macro   0x0000000000000000       0x40 Src/syscalls.o
 .debug_macro   0x0000000000000000       0x18 Src/syscalls.o
 .debug_macro   0x0000000000000000       0x94 Src/syscalls.o
 .debug_macro   0x0000000000000000       0x3c Src/syscalls.o
 .debug_macro   0x0000000000000000       0x34 Src/syscalls.o
 .debug_macro   0x0000000000000000       0x57 Src/syscalls.o
 .debug_macro   0x0000000000000000      0x174 Src/syscalls.o
 .debug_macro   0x0000000000000000      0x330 Src/syscalls.o
 .debug_macro   0x0000000000000000       0x52 Src/syscalls.o
 .debug_macro   0x0000000000000000       0x1f Src/syscalls.o
 .debug_macro   0x0000000000000000       0x43 Src/syscalls.o
 .debug_macro   0x0000000000000000       0x20 Src/syscalls.o
 .debug_macro   0x0000000000000000      0x1a3 Src/syscalls.o
 .debug_macro   0x0000000000000000       0x10 Src/syscalls.o
 .debug_macro   0x0000000000000000       0x35 Src/syscalls.o
 .debug_macro   0x0000000000000000       0x10 Src/syscalls.o
 .debug_macro   0x0000000000000000       0x10 Src/syscalls.o
 .debug_macro   0x0000000000000000       0x10 Src/syscalls.o
 .debug_macro   0x0000000000000000       0x6a Src/syscalls.o
 .debug_macro   0x0000000000000000       0x1c Src/syscalls.o
 .debug_macro   0x0000000000000000       0x52 Src/syscalls.o
 .debug_macro   0x0000000000000000       0x40 Src/syscalls.o
 .debug_macro   0x0000000000000000       0x10 Src/syscalls.o
 .debug_macro   0x0000000000000000       0x40 Src/syscalls.o
 .debug_macro   0x0000000000000000       0xd7 Src/syscalls.o
 .debug_macro   0x0000000000000000       0x1c Src/syscalls.o
 .debug_macro   0x0000000000000000       0x3d Src/syscalls.o
 .debug_macro   0x0000000000000000       0x35 Src/syscalls.o
 .debug_macro   0x0000000000000000      0x122 Src/syscalls.o
 .debug_macro   0x0000000000000000       0x16 Src/syscalls.o
 .debug_macro   0x0000000000000000       0x16 Src/syscalls.o
 .debug_macro   0x0000000000000000       0x29 Src/syscalls.o
 .debug_macro   0x0000000000000000       0x10 Src/syscalls.o
 .debug_macro   0x0000000000000000      0x241 Src/syscalls.o
 .debug_macro   0x0000000000000000       0x1c Src/syscalls.o
 .debug_macro   0x0000000000000000       0x10 Src/syscalls.o
 .debug_macro   0x0000000000000000       0x10 Src/syscalls.o
 .debug_macro   0x0000000000000000       0x16 Src/syscalls.o
 .debug_macro   0x0000000000000000      0x145 Src/syscalls.o
 .debug_macro   0x0000000000000000      0x189 Src/syscalls.o
 .debug_macro   0x0000000000000000       0x16 Src/syscalls.o
 .debug_macro   0x0000000000000000       0x88 Src/syscalls.o
 .debug_line    0x0000000000000000      0x752 Src/syscalls.o
 .debug_str     0x0000000000000000     0x887c Src/syscalls.o
 .comment       0x0000000000000000       0x7c Src/syscalls.o
 .debug_frame   0x0000000000000000      0x2ac Src/syscalls.o
 .ARM.attributes
                0x0000000000000000       0x33 Src/syscalls.o
 .group         0x0000000000000000        0xc Src/sysmem.o
 .group         0x0000000000000000        0xc Src/sysmem.o
 .group         0x0000000000000000        0xc Src/sysmem.o
 .group         0x0000000000000000        0xc Src/sysmem.o
 .group         0x0000000000000000        0xc Src/sysmem.o
 .group         0x0000000000000000        0xc Src/sysmem.o
 .group         0x0000000000000000        0xc Src/sysmem.o
 .group         0x0000000000000000        0xc Src/sysmem.o
 .group         0x0000000000000000        0xc Src/sysmem.o
 .group         0x0000000000000000        0xc Src/sysmem.o
 .group         0x0000000000000000        0xc Src/sysmem.o
 .group         0x0000000000000000        0xc Src/sysmem.o
 .group         0x0000000000000000        0xc Src/sysmem.o
 .group         0x0000000000000000        0xc Src/sysmem.o
 .group         0x0000000000000000        0xc Src/sysmem.o
 .group         0x0000000000000000        0xc Src/sysmem.o
 .group         0x0000000000000000        0xc Src/sysmem.o
 .group         0x0000000000000000        0xc Src/sysmem.o
 .group         0x0000000000000000        0xc Src/sysmem.o
 .text          0x0000000000000000        0x0 Src/sysmem.o
 .data          0x0000000000000000        0x0 Src/sysmem.o
 .bss           0x0000000000000000        0x0 Src/sysmem.o
 .bss.__sbrk_heap_end
                0x0000000000000000        0x4 Src/sysmem.o
 .text._sbrk    0x0000000000000000       0x6c Src/sysmem.o
 .debug_info    0x0000000000000000      0xa7c Src/sysmem.o
 .debug_abbrev  0x0000000000000000      0x18e Src/sysmem.o
 .debug_loc     0x0000000000000000       0x50 Src/sysmem.o
 .debug_aranges
                0x0000000000000000       0x20 Src/sysmem.o
 .debug_ranges  0x0000000000000000       0x10 Src/sysmem.o
 .debug_macro   0x0000000000000000       0xee Src/sysmem.o
 .debug_macro   0x0000000000000000      0xa60 Src/sysmem.o
 .debug_macro   0x0000000000000000       0x10 Src/sysmem.o
 .debug_macro   0x0000000000000000       0x22 Src/sysmem.o
 .debug_macro   0x0000000000000000       0x40 Src/sysmem.o
 .debug_macro   0x0000000000000000       0x18 Src/sysmem.o
 .debug_macro   0x0000000000000000       0x94 Src/sysmem.o
 .debug_macro   0x0000000000000000       0x3c Src/sysmem.o
 .debug_macro   0x0000000000000000       0x34 Src/sysmem.o
 .debug_macro   0x0000000000000000      0x174 Src/sysmem.o
 .debug_macro   0x0000000000000000       0x57 Src/sysmem.o
 .debug_macro   0x0000000000000000       0x52 Src/sysmem.o
 .debug_macro   0x0000000000000000       0x1f Src/sysmem.o
 .debug_macro   0x0000000000000000       0x43 Src/sysmem.o
 .debug_macro   0x0000000000000000       0x20 Src/sysmem.o
 .debug_macro   0x0000000000000000      0x1a3 Src/sysmem.o
 .debug_macro   0x0000000000000000      0x23b Src/sysmem.o
 .debug_macro   0x0000000000000000       0xef Src/sysmem.o
 .debug_macro   0x0000000000000000       0x6a Src/sysmem.o
 .debug_macro   0x0000000000000000      0x1df Src/sysmem.o
 .debug_line    0x0000000000000000      0x4db Src/sysmem.o
 .debug_str     0x0000000000000000     0x5f4a Src/sysmem.o
 .comment       0x0000000000000000       0x7c Src/sysmem.o
 .debug_frame   0x0000000000000000       0x34 Src/sysmem.o
 .ARM.attributes
                0x0000000000000000       0x33 Src/sysmem.o
 .text          0x0000000000000000       0x14 Startup/startup_stm32f103c6tx.o
 .data          0x0000000000000000        0x0 Startup/startup_stm32f103c6tx.o
 .bss           0x0000000000000000        0x0 Startup/startup_stm32f103c6tx.o
 .text          0x0000000000000000        0x0 e:/stmcube/stm32cubeide_1.4.0/stm32cubeide/plugins/com.st.stm32cube.ide.mcu.externaltools.gnu-tools-for-stm32.7-2018-q2-update.win32_1.4.0.202007081208/tools/bin/../lib/gcc/arm-none-eabi/7.3.1/../../../../arm-none-eabi/lib/thumb/v7-m\libc_nano.a(lib_a-errno.o)
 .data          0x0000000000000000        0x0 e:/stmcube/stm32cubeide_1.4.0/stm32cubeide/plugins/com.st.stm32cube.ide.mcu.externaltools.gnu-tools-for-stm32.7-2018-q2-update.win32_1.4.0.202007081208/tools/bin/../lib/gcc/arm-none-eabi/7.3.1/../../../../arm-none-eabi/lib/thumb/v7-m\libc_nano.a(lib_a-errno.o)
 .bss           0x0000000000000000        0x0 e:/stmcube/stm32cubeide_1.4.0/stm32cubeide/plugins/com.st.stm32cube.ide.mcu.externaltools.gnu-tools-for-stm32.7-2018-q2-update.win32_1.4.0.202007081208/tools/bin/../lib/gcc/arm-none-eabi/7.3.1/../../../../arm-none-eabi/lib/thumb/v7-m\libc_nano.a(lib_a-errno.o)
 .text.__errno  0x0000000000000000        0xc e:/stmcube/stm32cubeide_1.4.0/stm32cubeide/plugins/com.st.stm32cube.ide.mcu.externaltools.gnu-tools-for-stm32.7-2018-q2-update.win32_1.4.0.202007081208/tools/bin/../lib/gcc/arm-none-eabi/7.3.1/../../../../arm-none-eabi/lib/thumb/v7-m\libc_nano.a(lib_a-errno.o)
 .debug_frame   0x0000000000000000       0x20 e:/stmcube/stm32cubeide_1.4.0/stm32cubeide/plugins/com.st.stm32cube.ide.mcu.externaltools.gnu-tools-for-stm32.7-2018-q2-update.win32_1.4.0.202007081208/tools/bin/../lib/gcc/arm-none-eabi/7.3.1/../../../../arm-none-eabi/lib/thumb/v7-m\libc_nano.a(lib_a-errno.o)
 .ARM.attributes
                0x0000000000000000       0x2d e:/stmcube/stm32cubeide_1.4.0/stm32cubeide/plugins/com.st.stm32cube.ide.mcu.externaltools.gnu-tools-for-stm32.7-2018-q2-update.win32_1.4.0.202007081208/tools/bin/../lib/gcc/arm-none-eabi/7.3.1/../../../../arm-none-eabi/lib/thumb/v7-m\libc_nano.a(lib_a-errno.o)
 .text          0x0000000000000000        0x0 e:/stmcube/stm32cubeide_1.4.0/stm32cubeide/plugins/com.st.stm32cube.ide.mcu.externaltools.gnu-tools-for-stm32.7-2018-q2-update.win32_1.4.0.202007081208/tools/bin/../lib/gcc/arm-none-eabi/7.3.1/../../../../arm-none-eabi/lib/thumb/v7-m\libc_nano.a(lib_a-exit.o)
 .data          0x0000000000000000        0x0 e:/stmcube/stm32cubeide_1.4.0/stm32cubeide/plugins/com.st.stm32cube.ide.mcu.externaltools.gnu-tools-for-stm32.7-2018-q2-update.win32_1.4.0.202007081208/tools/bin/../lib/gcc/arm-none-eabi/7.3.1/../../../../arm-none-eabi/lib/thumb/v7-m\libc_nano.a(lib_a-exit.o)
 .bss           0x0000000000000000        0x0 e:/stmcube/stm32cubeide_1.4.0/stm32cubeide/plugins/com.st.stm32cube.ide.mcu.externaltools.gnu-tools-for-stm32.7-2018-q2-update.win32_1.4.0.202007081208/tools/bin/../lib/gcc/arm-none-eabi/7.3.1/../../../../arm-none-eabi/lib/thumb/v7-m\libc_nano.a(lib_a-exit.o)
 .text.exit     0x0000000000000000       0x28 e:/stmcube/stm32cubeide_1.4.0/stm32cubeide/plugins/com.st.stm32cube.ide.mcu.externaltools.gnu-tools-for-stm32.7-2018-q2-update.win32_1.4.0.202007081208/tools/bin/../lib/gcc/arm-none-eabi/7.3.1/../../../../arm-none-eabi/lib/thumb/v7-m\libc_nano.a(lib_a-exit.o)
 .debug_frame   0x0000000000000000       0x28 e:/stmcube/stm32cubeide_1.4.0/stm32cubeide/plugins/com.st.stm32cube.ide.mcu.externaltools.gnu-tools-for-stm32.7-2018-q2-update.win32_1.4.0.202007081208/tools/bin/../lib/gcc/arm-none-eabi/7.3.1/../../../../arm-none-eabi/lib/thumb/v7-m\libc_nano.a(lib_a-exit.o)
 .ARM.attributes
                0x0000000000000000       0x2d e:/stmcube/stm32cubeide_1.4.0/stm32cubeide/plugins/com.st.stm32cube.ide.mcu.externaltools.gnu-tools-for-stm32.7-2018-q2-update.win32_1.4.0.202007081208/tools/bin/../lib/gcc/arm-none-eabi/7.3.1/../../../../arm-none-eabi/lib/thumb/v7-m\libc_nano.a(lib_a-exit.o)
 .text          0x0000000000000000        0x0 e:/stmcube/stm32cubeide_1.4.0/stm32cubeide/plugins/com.st.stm32cube.ide.mcu.externaltools.gnu-tools-for-stm32.7-2018-q2-update.win32_1.4.0.202007081208/tools/bin/../lib/gcc/arm-none-eabi/7.3.1/../../../../arm-none-eabi/lib/thumb/v7-m\libc_nano.a(lib_a-impure.o)
 .data          0x0000000000000000        0x0 e:/stmcube/stm32cubeide_1.4.0/stm32cubeide/plugins/com.st.stm32cube.ide.mcu.externaltools.gnu-tools-for-stm32.7-2018-q2-update.win32_1.4.0.202007081208/tools/bin/../lib/gcc/arm-none-eabi/7.3.1/../../../../arm-none-eabi/lib/thumb/v7-m\libc_nano.a(lib_a-impure.o)
 .bss           0x0000000000000000        0x0 e:/stmcube/stm32cubeide_1.4.0/stm32cubeide/plugins/com.st.stm32cube.ide.mcu.externaltools.gnu-tools-for-stm32.7-2018-q2-update.win32_1.4.0.202007081208/tools/bin/../lib/gcc/arm-none-eabi/7.3.1/../../../../arm-none-eabi/lib/thumb/v7-m\libc_nano.a(lib_a-impure.o)
 .data._impure_ptr
                0x0000000000000000        0x4 e:/stmcube/stm32cubeide_1.4.0/stm32cubeide/plugins/com.st.stm32cube.ide.mcu.externaltools.gnu-tools-for-stm32.7-2018-q2-update.win32_1.4.0.202007081208/tools/bin/../lib/gcc/arm-none-eabi/7.3.1/../../../../arm-none-eabi/lib/thumb/v7-m\libc_nano.a(lib_a-impure.o)
 .data.impure_data
                0x0000000000000000       0x60 e:/stmcube/stm32cubeide_1.4.0/stm32cubeide/plugins/com.st.stm32cube.ide.mcu.externaltools.gnu-tools-for-stm32.7-2018-q2-update.win32_1.4.0.202007081208/tools/bin/../lib/gcc/arm-none-eabi/7.3.1/../../../../arm-none-eabi/lib/thumb/v7-m\libc_nano.a(lib_a-impure.o)
 .rodata._global_impure_ptr
                0x0000000000000000        0x4 e:/stmcube/stm32cubeide_1.4.0/stm32cubeide/plugins/com.st.stm32cube.ide.mcu.externaltools.gnu-tools-for-stm32.7-2018-q2-update.win32_1.4.0.202007081208/tools/bin/../lib/gcc/arm-none-eabi/7.3.1/../../../../arm-none-eabi/lib/thumb/v7-m\libc_nano.a(lib_a-impure.o)
 .ARM.attributes
                0x0000000000000000       0x2d e:/stmcube/stm32cubeide_1.4.0/stm32cubeide/plugins/com.st.stm32cube.ide.mcu.externaltools.gnu-tools-for-stm32.7-2018-q2-update.win32_1.4.0.202007081208/tools/bin/../lib/gcc/arm-none-eabi/7.3.1/../../../../arm-none-eabi/lib/thumb/v7-m\libc_nano.a(lib_a-impure.o)
 .text          0x0000000000000000        0x0 e:/stmcube/stm32cubeide_1.4.0/stm32cubeide/plugins/com.st.stm32cube.ide.mcu.externaltools.gnu-tools-for-stm32.7-2018-q2-update.win32_1.4.0.202007081208/tools/bin/../lib/gcc/arm-none-eabi/7.3.1/../../../../arm-none-eabi/lib/thumb/v7-m\libc_nano.a(lib_a-init.o)
 .data          0x0000000000000000        0x0 e:/stmcube/stm32cubeide_1.4.0/stm32cubeide/plugins/com.st.stm32cube.ide.mcu.externaltools.gnu-tools-for-stm32.7-2018-q2-update.win32_1.4.0.202007081208/tools/bin/../lib/gcc/arm-none-eabi/7.3.1/../../../../arm-none-eabi/lib/thumb/v7-m\libc_nano.a(lib_a-init.o)
 .bss           0x0000000000000000        0x0 e:/stmcube/stm32cubeide_1.4.0/stm32cubeide/plugins/com.st.stm32cube.ide.mcu.externaltools.gnu-tools-for-stm32.7-2018-q2-update.win32_1.4.0.202007081208/tools/bin/../lib/gcc/arm-none-eabi/7.3.1/../../../../arm-none-eabi/lib/thumb/v7-m\libc_nano.a(lib_a-init.o)
 .text          0x0000000000000000        0x0 e:/stmcube/stm32cubeide_1.4.0/stm32cubeide/plugins/com.st.stm32cube.ide.mcu.externaltools.gnu-tools-for-stm32.7-2018-q2-update.win32_1.4.0.202007081208/tools/bin/../lib/gcc/arm-none-eabi/7.3.1/../../../../arm-none-eabi/lib/thumb/v7-m\libc_nano.a(lib_a-memset.o)
 .data          0x0000000000000000        0x0 e:/stmcube/stm32cubeide_1.4.0/stm32cubeide/plugins/com.st.stm32cube.ide.mcu.externaltools.gnu-tools-for-stm32.7-2018-q2-update.win32_1.4.0.202007081208/tools/bin/../lib/gcc/arm-none-eabi/7.3.1/../../../../arm-none-eabi/lib/thumb/v7-m\libc_nano.a(lib_a-memset.o)
 .bss           0x0000000000000000        0x0 e:/stmcube/stm32cubeide_1.4.0/stm32cubeide/plugins/com.st.stm32cube.ide.mcu.externaltools.gnu-tools-for-stm32.7-2018-q2-update.win32_1.4.0.202007081208/tools/bin/../lib/gcc/arm-none-eabi/7.3.1/../../../../arm-none-eabi/lib/thumb/v7-m\libc_nano.a(lib_a-memset.o)
 .text.memset   0x0000000000000000       0x10 e:/stmcube/stm32cubeide_1.4.0/stm32cubeide/plugins/com.st.stm32cube.ide.mcu.externaltools.gnu-tools-for-stm32.7-2018-q2-update.win32_1.4.0.202007081208/tools/bin/../lib/gcc/arm-none-eabi/7.3.1/../../../../arm-none-eabi/lib/thumb/v7-m\libc_nano.a(lib_a-memset.o)
 .debug_frame   0x0000000000000000       0x20 e:/stmcube/stm32cubeide_1.4.0/stm32cubeide/plugins/com.st.stm32cube.ide.mcu.externaltools.gnu-tools-for-stm32.7-2018-q2-update.win32_1.4.0.202007081208/tools/bin/../lib/gcc/arm-none-eabi/7.3.1/../../../../arm-none-eabi/lib/thumb/v7-m\libc_nano.a(lib_a-memset.o)
 .ARM.attributes
                0x0000000000000000       0x2d e:/stmcube/stm32cubeide_1.4.0/stm32cubeide/plugins/com.st.stm32cube.ide.mcu.externaltools.gnu-tools-for-stm32.7-2018-q2-update.win32_1.4.0.202007081208/tools/bin/../lib/gcc/arm-none-eabi/7.3.1/../../../../arm-none-eabi/lib/thumb/v7-m\libc_nano.a(lib_a-memset.o)
 .text          0x0000000000000000        0x0 e:/stmcube/stm32cubeide_1.4.0/stm32cubeide/plugins/com.st.stm32cube.ide.mcu.externaltools.gnu-tools-for-stm32.7-2018-q2-update.win32_1.4.0.202007081208/tools/bin/../lib/gcc/arm-none-eabi/7.3.1/thumb/v7-m/crtend.o
 .data          0x0000000000000000        0x0 e:/stmcube/stm32cubeide_1.4.0/stm32cubeide/plugins/com.st.stm32cube.ide.mcu.externaltools.gnu-tools-for-stm32.7-2018-q2-update.win32_1.4.0.202007081208/tools/bin/../lib/gcc/arm-none-eabi/7.3.1/thumb/v7-m/crtend.o
 .bss           0x0000000000000000        0x0 e:/stmcube/stm32cubeide_1.4.0/stm32cubeide/plugins/com.st.stm32cube.ide.mcu.externaltools.gnu-tools-for-stm32.7-2018-q2-update.win32_1.4.0.202007081208/tools/bin/../lib/gcc/arm-none-eabi/7.3.1/thumb/v7-m/crtend.o
 .eh_frame      0x0000000000000000        0x4 e:/stmcube/stm32cubeide_1.4.0/stm32cubeide/plugins/com.st.stm32cube.ide.mcu.externaltools.gnu-tools-for-stm32.7-2018-q2-update.win32_1.4.0.202007081208/tools/bin/../lib/gcc/arm-none-eabi/7.3.1/thumb/v7-m/crtend.o
 .ARM.attributes
                0x0000000000000000       0x2d e:/stmcube/stm32cubeide_1.4.0/stm32cubeide/plugins/com.st.stm32cube.ide.mcu.externaltools.gnu-tools-for-stm32.7-2018-q2-update.win32_1.4.0.202007081208/tools/bin/../lib/gcc/arm-none-eabi/7.3.1/thumb/v7-m/crtend.o
 .text          0x0000000000000000        0x0 e:/stmcube/stm32cubeide_1.4.0/stm32cubeide/plugins/com.st.stm32cube.ide.mcu.externaltools.gnu-tools-for-stm32.7-2018-q2-update.win32_1.4.0.202007081208/tools/bin/../lib/gcc/arm-none-eabi/7.3.1/thumb/v7-m/crtn.o
 .data          0x0000000000000000        0x0 e:/stmcube/stm32cubeide_1.4.0/stm32cubeide/plugins/com.st.stm32cube.ide.mcu.externaltools.gnu-tools-for-stm32.7-2018-q2-update.win32_1.4.0.202007081208/tools/bin/../lib/gcc/arm-none-eabi/7.3.1/thumb/v7-m/crtn.o
 .bss           0x0000000000000000        0x0 e:/stmcube/stm32cubeide_1.4.0/stm32cubeide/plugins/com.st.stm32cube.ide.mcu.externaltools.gnu-tools-for-stm32.7-2018-q2-update.win32_1.4.0.202007081208/tools/bin/../lib/gcc/arm-none-eabi/7.3.1/thumb/v7-m/crtn.o

Memory Configuration

Name             Origin             Length             Attributes
RAM              0x0000000020000000 0x0000000000002800 xrw
ROM              0x0000000008000000 0x0000000000008000 xr
*default*        0x0000000000000000 0xffffffffffffffff

Linker script and memory map

LOAD e:/stmcube/stm32cubeide_1.4.0/stm32cubeide/plugins/com.st.stm32cube.ide.mcu.externaltools.gnu-tools-for-stm32.7-2018-q2-update.win32_1.4.0.202007081208/tools/bin/../lib/gcc/arm-none-eabi/7.3.1/thumb/v7-m/crti.o
LOAD e:/stmcube/stm32cubeide_1.4.0/stm32cubeide/plugins/com.st.stm32cube.ide.mcu.externaltools.gnu-tools-for-stm32.7-2018-q2-update.win32_1.4.0.202007081208/tools/bin/../lib/gcc/arm-none-eabi/7.3.1/thumb/v7-m/crtbegin.o
LOAD e:/stmcube/stm32cubeide_1.4.0/stm32cubeide/plugins/com.st.stm32cube.ide.mcu.externaltools.gnu-tools-for-stm32.7-2018-q2-update.win32_1.4.0.202007081208/tools/bin/../lib/gcc/arm-none-eabi/7.3.1/../../../../arm-none-eabi/lib/thumb/v7-m/crt0.o
LOAD STM32F103C6_Drivers/STM32F103C6_EXTI_Driver.o
LOAD STM32F103C6_Drivers/STM32F103C6_GPIO_Driver.o
LOAD STM32F103C6_Drivers/STM32F103C6_RCC_Driver.o
LOAD STM32F103C6_Drivers/STM32F103C6_SPI_Driver.o
LOAD STM32F103C6_Drivers/STM32F103C6_USART_Driver.o
LOAD Src/main.o
LOAD Src/syscalls.o
LOAD Src/sysmem.o
LOAD Startup/startup_stm32f103c6tx.o
START GROUP
LOAD e:/stmcube/stm32cubeide_1.4.0/stm32cubeide/plugins/com.st.stm32cube.ide.mcu.externaltools.gnu-tools-for-stm32.7-2018-q2-update.win32_1.4.0.202007081208/tools/bin/../lib/gcc/arm-none-eabi/7.3.1/../../../../arm-none-eabi/lib/thumb/v7-m\libc_nano.a
LOAD e:/stmcube/stm32cubeide_1.4.0/stm32cubeide/plugins/com.st.stm32cube.ide.mcu.externaltools.gnu-tools-for-stm32.7-2018-q2-update.win32_1.4.0.202007081208/tools/bin/../lib/gcc/arm-none-eabi/7.3.1/../../../../arm-none-eabi/lib/thumb/v7-m\libm.a
END GROUP
START GROUP
LOAD e:/stmcube/stm32cubeide_1.4.0/stm32cubeide/plugins/com.st.stm32cube.ide.mcu.externaltools.gnu-tools-for-stm32.7-2018-q2-update.win32_1.4.0.202007081208/tools/bin/../lib/gcc/arm-none-eabi/7.3.1/thumb/v7-m\libgcc.a
LOAD e:/stmcube/stm32cubeide_1.4.0/stm32cubeide/plugins/com.st.stm32cube.ide.mcu.externaltools.gnu-tools-for-stm32.7-2018-q2-update.win32_1.4.0.202007081208/tools/bin/../lib/gcc/arm-none-eabi/7.3.1/../../../../arm-none-eabi/lib/thumb/v7-m\libg_nano.a
LOAD e:/stmcube/stm32cubeide_1.4.0/stm32cubeide/plugins/com.st.stm32cube.ide.mcu.externaltools.gnu-tools-for-stm32.7-2018-q2-update.win32_1.4.0.202007081208/tools/bin/../lib/gcc/arm-none-eabi/7.3.1/../../../../arm-none-eabi/lib/thumb/v7-m\libc_nano.a
END GROUP
START GROUP
LOAD e:/stmcube/stm32cubeide_1.4.0/stm32cubeide/plugins/com.st.stm32cube.ide.mcu.externaltools.gnu-tools-for-stm32.7-2018-q2-update.win32_1.4.0.202007081208/tools/bin/../lib/gcc/arm-none-eabi/7.3.1/thumb/v7-m\libgcc.a
LOAD e:/stmcube/stm32cubeide_1.4.0/stm32cubeide/plugins/com.st.stm32cube.ide.mcu.externaltools.gnu-tools-for-stm32.7-2018-q2-update.win32_1.4.0.202007081208/tools/bin/../lib/gcc/arm-none-eabi/7.3.1/../../../../arm-none-eabi/lib/thumb/v7-m\libc_nano.a
LOAD e:/stmcube/stm32cubeide_1.4.0/stm32cubeide/plugins/com.st.stm32cube.ide.mcu.externaltools.gnu-tools-for-stm32.7-2018-q2-update.win32_1.4.0.202007081208/tools/bin/../lib/gcc/arm-none-eabi/7.3.1/../../../../arm-none-eabi/lib/thumb/v7-m\libnosys.a
END GROUP
START GROUP
LOAD e:/stmcube/stm32cubeide_1.4.0/stm32cubeide/plugins/com.st.stm32cube.ide.mcu.externaltools.gnu-tools-for-stm32.7-2018-q2-update.win32_1.4.0.202007081208/tools/bin/../lib/gcc/arm-none-eabi/7.3.1/thumb/v7-m\libgcc.a
LOAD e:/stmcube/stm32cubeide_1.4.0/stm32cubeide/plugins/com.st.stm32cube.ide.mcu.externaltools.gnu-tools-for-stm32.7-2018-q2-update.win32_1.4.0.202007081208/tools/bin/../lib/gcc/arm-none-eabi/7.3.1/../../../../arm-none-eabi/lib/thumb/v7-m\libc_nano.a
LOAD e:/stmcube/stm32cubeide_1.4.0/stm32cubeide/plugins/com.st.stm32cube.ide.mcu.externaltools.gnu-tools-for-stm32.7-2018-q2-update.win32_1.4.0.202007081208/tools/bin/../lib/gcc/arm-none-eabi/7.3.1/../../../../arm-none-eabi/lib/thumb/v7-m\libnosys.a
END GROUP
LOAD e:/stmcube/stm32cubeide_1.4.0/stm32cubeide/plugins/com.st.stm32cube.ide.mcu.externaltools.gnu-tools-for-stm32.7-2018-q2-update.win32_1.4.0.202007081208/tools/bin/../lib/gcc/arm-none-eabi/7.3.1/thumb/v7-m/crtend.o
LOAD e:/stmcube/stm32cubeide_1.4.0/stm32cubeide/plugins/com.st.stm32cube.ide.mcu.externaltools.gnu-tools-for-stm32.7-2018-q2-update.win32_1.4.0.202007081208/tools/bin/../lib/gcc/arm-none-eabi/7.3.1/thumb/v7-m/crtn.o
                0x0000000020002800                _estack = (ORIGIN (RAM) + LENGTH (RAM))
                0x0000000000000200                _Min_Heap_Size = 0x200
                0x0000000000000400                _Min_Stack_Size = 0x400

.isr_vector     0x0000000008000000      0x130
                0x0000000008000000                . = ALIGN (0x4)
 *(.isr_vector)
 .isr_vector    0x0000000008000000      0x130 Startup/startup_stm32f103c6tx.o
                0x0000000008000000                g_pfnVectors
                0x0000000008000130                . = ALIGN (0x4)

.text           0x0000000008000130      0xeec
                0x0000000008000130                . = ALIGN (0x4)
 *(.text)
 .text          0x0000000008000130       0x40 e:/stmcube/stm32cubeide_1.4.0/stm32cubeide/plugins/com.st.stm32cube.ide.mcu.externaltools.gnu-tools-for-stm32.7-2018-q2-update.win32_1.4.0.202007081208/tools/bin/../lib/gcc/arm-none-eabi/7.3.1/thumb/v7-m/crtbegin.o
 *(.text*)
 .text.EXTI0_IRQHandler
                0x0000000008000170       0x28 STM32F103C6_Drivers/STM32F103C6_EXTI_Driver.o
                0x0000000008000170                EXTI0_IRQHandler
 .text.EXTI1_IRQHandler
                0x0000000008000198       0x28 STM32F103C6_Drivers/STM32F103C6_EXTI_Driver.o
                0x0000000008000198                EXTI1_IRQHandler
 .text.EXTI2_IRQHandler
                0x00000000080001c0       0x28 STM32F103C6_Drivers/STM32F103C6_EXTI_Driver.o
                0x00000000080001c0                EXTI2_IRQHandler
 .text.EXTI3_IRQHandler
                0x00000000080001e8       0x28 STM32F103C6_Drivers/STM32F103C6_EXTI_Driver.o
                0x00000000080001e8                EXTI3_IRQHandler
 .text.EXTI4_IRQHandler
                0x0000000008000210       0x28 STM32F103C6_Drivers/STM32F103C6_EXTI_Driver.o
                0x0000000008000210                EXTI4_IRQHandler
 .text.EXTI9_5_IRQHandler
                0x0000000008000238       0xc4 STM32F103C6_Drivers/STM32F103C6_EXTI_Driver.o
                0x0000000008000238                EXTI9_5_IRQHandler
 .text.EXTI15_10_IRQHandler
                0x00000000080002fc       0xe8 STM32F103C6_Drivers/STM32F103C6_EXTI_Driver.o
                0x00000000080002fc                EXTI15_10_IRQHandler
 .text.Get_CRLH_Position
                0x00000000080003e4       0xca STM32F103C6_Drivers/STM32F103C6_GPIO_Driver.o
                0x00000000080003e4                Get_CRLH_Position
 .text.MCAL_GPIO_Init
                0x00000000080004ae      0x11c STM32F103C6_Drivers/STM32F103C6_GPIO_Driver.o
                0x00000000080004ae                MCAL_GPIO_Init
 .text.MCAL_GPIO_WritePin
                0x00000000080005ca       0x2e STM32F103C6_Drivers/STM32F103C6_GPIO_Driver.o
                0x00000000080005ca                MCAL_GPIO_WritePin
 .text.MCAL_RCC_GetSysClkFreq
                0x00000000080005f8       0x40 STM32F103C6_Drivers/STM32F103C6_RCC_Driver.o
                0x00000000080005f8                MCAL_RCC_GetSysClkFreq
 .text.MCAL_RCC_GetHClkFreq
                0x0000000008000638       0x2c STM32F103C6_Drivers/STM32F103C6_RCC_Driver.o
                0x0000000008000638                MCAL_RCC_GetHClkFreq
 .text.MCAL_RCC_GetPClk1Freq
                0x0000000008000664       0x2c STM32F103C6_Drivers/STM32F103C6_RCC_Driver.o
                0x0000000008000664                MCAL_RCC_GetPClk1Freq
 .text.MCAL_RCC_GetPClk2Freq
                0x0000000008000690       0x2c STM32F103C6_Drivers/STM32F103C6_RCC_Driver.o
                0x0000000008000690                MCAL_RCC_GetPClk2Freq
 .text.MCAL_SPI_Init
                0x00000000080006bc      0x114 STM32F103C6_Drivers/STM32F103C6_SPI_Driver.o
                0x00000000080006bc                MCAL_SPI_Init
 .text.MCAL_SPI_GPIO_Set_Pins
                0x00000000080007d0      0x228 STM32F103C6_Drivers/STM32F103C6_SPI_Driver.o
                0x00000000080007d0                MCAL_SPI_GPIO_Set_Pins
 .text.MCAL_SPI_Tx_Rx
                0x00000000080009f8       0x54 STM32F103C6_Drivers/STM32F103C6_SPI_Driver.o
                0x00000000080009f8                MCAL_SPI_Tx_Rx
 .text.SPI1_IRQHandler
                0x0000000008000a4c       0x4c STM32F103C6_Drivers/STM32F103C6_SPI_Driver.o
                0x0000000008000a4c                SPI1_IRQHandler
 .text.SPI2_IRQHandler
                0x0000000008000a98       0x4c STM32F103C6_Drivers/STM32F103C6_SPI_Driver.o
                0x0000000008000a98                SPI2_IRQHandler
 .text.MCAL_UART_Init
                0x0000000008000ae4      0x190 STM32F103C6_Drivers/STM32F103C6_USART_Driver.o
                0x0000000008000ae4                MCAL_UART_Init
 .text.MCAL_UART_SendData
                0x0000000008000c74       0x36 STM32F103C6_Drivers/STM32F103C6_USART_Driver.o
                0x0000000008000c74                MCAL_UART_SendData
 *fill*         0x0000000008000caa        0x2 
 .text.MCAL_UART_ReceiveData
                0x0000000008000cac       0x58 STM32F103C6_Drivers/STM32F103C6_USART_Driver.o
                0x0000000008000cac                MCAL_UART_ReceiveData
 .text.MCAL_UART_GPIO_Set_Pins
                0x0000000008000d04       0xd4 STM32F103C6_Drivers/STM32F103C6_USART_Driver.o
                0x0000000008000d04                MCAL_UART_GPIO_Set_Pins
 .text.USART1_IRQHandler
                0x0000000008000dd8       0x14 STM32F103C6_Drivers/STM32F103C6_USART_Driver.o
                0x0000000008000dd8                USART1_IRQHandler
 .text.USART2_IRQHandler
                0x0000000008000dec        0xc STM32F103C6_Drivers/STM32F103C6_USART_Driver.o
                0x0000000008000dec                USART2_IRQHandler
 .text.USART3_IRQHandler
                0x0000000008000df8        0xc STM32F103C6_Drivers/STM32F103C6_USART_Driver.o
                0x0000000008000df8                USART3_IRQHandler
 .text.clock_init
                0x0000000008000e04       0x40 Src/main.o
                0x0000000008000e04                clock_init
 .text.SPI_Interrupt_Call_Back
                0x0000000008000e44       0x44 Src/main.o
                0x0000000008000e44                SPI_Interrupt_Call_Back
 .text.Uart_CallBack
                0x0000000008000e88       0x4c Src/main.o
                0x0000000008000e88                Uart_CallBack
 .text.main     0x0000000008000ed4       0x94 Src/main.o
                0x0000000008000ed4                main
 .text.Reset_Handler
                0x0000000008000f68       0x50 Startup/startup_stm32f103c6tx.o
                0x0000000008000f68                Reset_Handler
 .text.Default_Handler
                0x0000000008000fb8        0x2 Startup/startup_stm32f103c6tx.o
                0x0000000008000fb8                TIM8_TRG_COM_IRQHandler
                0x0000000008000fb8                TIM8_CC_IRQHandler
                0x0000000008000fb8                DebugMon_Handler
                0x0000000008000fb8                TIM1_CC_IRQHandler
                0x0000000008000fb8                HardFault_Handler
                0x0000000008000fb8                TIM6_IRQHandler
                0x0000000008000fb8                SysTick_Handler
                0x0000000008000fb8                PVD_IRQHandler
                0x0000000008000fb8                SDIO_IRQHandler
                0x0000000008000fb8                PendSV_Handler
                0x0000000008000fb8                NMI_Handler
                0x0000000008000fb8                USB_HP_CAN_TX_IRQHandler
                0x0000000008000fb8                I2C2_EV_IRQHandler
                0x0000000008000fb8                UsageFault_Handler
                0x0000000008000fb8                ADC1_2_IRQHandler
                0x0000000008000fb8                CAN_SCE_IRQHandler
                0x0000000008000fb8                TAMPER_IRQHandler
                0x0000000008000fb8                TIM8_UP_IRQHandler
                0x0000000008000fb8                DMA2_Channel2_IRQHandler
                0x0000000008000fb8                DMA1_Channel4_IRQHandler
                0x0000000008000fb8                RTC_IRQHandler
                0x0000000008000fb8                DMA1_Channel7_IRQHandler
                0x0000000008000fb8                UART5_IRQHandler
                0x0000000008000fb8                ADC3_IRQHandler
                0x0000000008000fb8                TIM4_IRQHandler
                0x0000000008000fb8                CAN_RX1_IRQHandler
                0x0000000008000fb8                DMA2_Channel1_IRQHandler
                0x0000000008000fb8                I2C1_EV_IRQHandler
                0x0000000008000fb8                DMA1_Channel6_IRQHandler
                0x0000000008000fb8                UART4_IRQHandler
                0x0000000008000fb8                TIM3_IRQHandler
                0x0000000008000fb8                RCC_IRQHandler
                0x0000000008000fb8                TIM1_TRG_COM_IRQHandler
                0x0000000008000fb8                DMA1_Channel1_IRQHandler
                0x0000000008000fb8                Default_Handler
                0x0000000008000fb8                TIM7_IRQHandler
                0x0000000008000fb8                TIM5_IRQHandler
                0x0000000008000fb8                USB_LP_CAN_RX0_IRQHandler
                0x0000000008000fb8                MemManage_Handler
                0x0000000008000fb8                SVC_Handler
                0x0000000008000fb8                DMA1_Channel5_IRQHandler
                0x0000000008000fb8                DMA1_Channel3_IRQHandler
                0x0000000008000fb8                FSMC_IRQHandler
                0x0000000008000fb8                TIM1_UP_IRQHandler
                0x0000000008000fb8                WWDG_IRQHandler
                0x0000000008000fb8                TIM2_IRQHandler
                0x0000000008000fb8                TIM1_BRK_IRQHandler
                0x0000000008000fb8                RTCAlarm_IRQHandler
                0x0000000008000fb8                DMA2_Channel4_5_IRQHandler
                0x0000000008000fb8                I2C2_ER_IRQHandler
                0x0000000008000fb8                DMA1_Channel2_IRQHandler
                0x0000000008000fb8                TIM8_BRK_IRQHandler
                0x0000000008000fb8                FLASH_IRQHandler
                0x0000000008000fb8                BusFault_Handler
                0x0000000008000fb8                SPI3_IRQHandler
                0x0000000008000fb8                I2C1_ER_IRQHandler
                0x0000000008000fb8                DMA2_Channel3_IRQHandler
 *fill*         0x0000000008000fba        0x2 
 .text.__libc_init_array
                0x0000000008000fbc       0x48 e:/stmcube/stm32cubeide_1.4.0/stm32cubeide/plugins/com.st.stm32cube.ide.mcu.externaltools.gnu-tools-for-stm32.7-2018-q2-update.win32_1.4.0.202007081208/tools/bin/../lib/gcc/arm-none-eabi/7.3.1/../../../../arm-none-eabi/lib/thumb/v7-m\libc_nano.a(lib_a-init.o)
                0x0000000008000fbc                __libc_init_array
 *(.glue_7)
 .glue_7        0x0000000008001004        0x0 linker stubs
 *(.glue_7t)
 .glue_7t       0x0000000008001004        0x0 linker stubs
 *(.eh_frame)
 .eh_frame      0x0000000008001004        0x0 e:/stmcube/stm32cubeide_1.4.0/stm32cubeide/plugins/com.st.stm32cube.ide.mcu.externaltools.gnu-tools-for-stm32.7-2018-q2-update.win32_1.4.0.202007081208/tools/bin/../lib/gcc/arm-none-eabi/7.3.1/thumb/v7-m/crtbegin.o
 *(.init)
 .init          0x0000000008001004        0x4 e:/stmcube/stm32cubeide_1.4.0/stm32cubeide/plugins/com.st.stm32cube.ide.mcu.externaltools.gnu-tools-for-stm32.7-2018-q2-update.win32_1.4.0.202007081208/tools/bin/../lib/gcc/arm-none-eabi/7.3.1/thumb/v7-m/crti.o
                0x0000000008001004                _init
 .init          0x0000000008001008        0x8 e:/stmcube/stm32cubeide_1.4.0/stm32cubeide/plugins/com.st.stm32cube.ide.mcu.externaltools.gnu-tools-for-stm32.7-2018-q2-update.win32_1.4.0.202007081208/tools/bin/../lib/gcc/arm-none-eabi/7.3.1/thumb/v7-m/crtn.o
 *(.fini)
 .fini          0x0000000008001010        0x4 e:/stmcube/stm32cubeide_1.4.0/stm32cubeide/plugins/com.st.stm32cube.ide.mcu.externaltools.gnu-tools-for-stm32.7-2018-q2-update.win32_1.4.0.202007081208/tools/bin/../lib/gcc/arm-none-eabi/7.3.1/thumb/v7-m/crti.o
                0x0000000008001010                _fini
 .fini          0x0000000008001014        0x8 e:/stmcube/stm32cubeide_1.4.0/stm32cubeide/plugins/com.st.stm32cube.ide.mcu.externaltools.gnu-tools-for-stm32.7-2018-q2-update.win32_1.4.0.202007081208/tools/bin/../lib/gcc/arm-none-eabi/7.3.1/thumb/v7-m/crtn.o
                0x000000000800101c                . = ALIGN (0x4)
                0x000000000800101c                _etext = .

.vfp11_veneer   0x000000000800101c        0x0
 .vfp11_veneer  0x000000000800101c        0x0 linker stubs

.v4_bx          0x000000000800101c        0x0
 .v4_bx         0x000000000800101c        0x0 linker stubs

.iplt           0x000000000800101c        0x0
 .iplt          0x000000000800101c        0x0 e:/stmcube/stm32cubeide_1.4.0/stm32cubeide/plugins/com.st.stm32cube.ide.mcu.externaltools.gnu-tools-for-stm32.7-2018-q2-update.win32_1.4.0.202007081208/tools/bin/../lib/gcc/arm-none-eabi/7.3.1/thumb/v7-m/crtbegin.o

.rodata         0x000000000800101c       0x18
                0x000000000800101c                . = ALIGN (0x4)
 *(.rodata)
 *(.rodata*)
 .rodata.APBPrescTable
                0x000000000800101c        0x8 STM32F103C6_Drivers/STM32F103C6_RCC_Driver.o
                0x000000000800101c                APBPrescTable
 .rodata.AHBPrescTable
                0x0000000008001024       0x10 STM32F103C6_Drivers/STM32F103C6_RCC_Driver.o
                0x0000000008001024                AHBPrescTable
                0x0000000008001034                . = ALIGN (0x4)

.rel.dyn        0x0000000008001034        0x0
 .rel.iplt      0x0000000008001034        0x0 e:/stmcube/stm32cubeide_1.4.0/stm32cubeide/plugins/com.st.stm32cube.ide.mcu.externaltools.gnu-tools-for-stm32.7-2018-q2-update.win32_1.4.0.202007081208/tools/bin/../lib/gcc/arm-none-eabi/7.3.1/thumb/v7-m/crtbegin.o

.ARM.extab      0x0000000008001034        0x0
                0x0000000008001034                . = ALIGN (0x4)
 *(.ARM.extab* .gnu.linkonce.armextab.*)
                0x0000000008001034                . = ALIGN (0x4)

.ARM            0x0000000008001034        0x0
                0x0000000008001034                . = ALIGN (0x4)
                0x0000000008001034                __exidx_start = .
 *(.ARM.exidx*)
                0x0000000008001034                __exidx_end = .
                0x0000000008001034                . = ALIGN (0x4)

.preinit_array  0x0000000008001034        0x0
                0x0000000008001034                . = ALIGN (0x4)
                0x0000000008001034                PROVIDE (__preinit_array_start = .)
 *(.preinit_array*)
                0x0000000008001034                PROVIDE (__preinit_array_end = .)
                0x0000000008001034                . = ALIGN (0x4)

.init_array     0x0000000008001034        0x4
                0x0000000008001034                . = ALIGN (0x4)
                0x0000000008001034                PROVIDE (__init_array_start = .)
 *(SORT_BY_NAME(.init_array.*))
 *(.init_array*)
 .init_array    0x0000000008001034        0x4 e:/stmcube/stm32cubeide_1.4.0/stm32cubeide/plugins/com.st.stm32cube.ide.mcu.externaltools.gnu-tools-for-stm32.7-2018-q2-update.win32_1.4.0.202007081208/tools/bin/../lib/gcc/arm-none-eabi/7.3.1/thumb/v7-m/crtbegin.o
                0x0000000008001038                PROVIDE (__init_array_end = .)
                0x0000000008001038                . = ALIGN (0x4)

.fini_array     0x0000000008001038        0x4
                0x0000000008001038                . = ALIGN (0x4)
                [!provide]                        PROVIDE (__fini_array_start = .)
 *(SORT_BY_NAME(.fini_array.*))
 *(.fini_array*)
 .fini_array    0x0000000008001038        0x4 e:/stmcube/stm32cubeide_1.4.0/stm32cubeide/plugins/com.st.stm32cube.ide.mcu.externaltools.gnu-tools-for-stm32.7-2018-q2-update.win32_1.4.0.202007081208/tools/bin/../lib/gcc/arm-none-eabi/7.3.1/thumb/v7-m/crtbegin.o
                [!provide]                        PROVIDE (__fini_array_end = .)
                0x000000000800103c                . = ALIGN (0x4)
                0x000000000800103c                _sidata = LOADADDR (.data)

.data           0x0000000020000000        0x8 load address 0x000000000800103c
                0x0000000020000000                . = ALIGN (0x4)
                0x0000000020000000                _sdata = .
 *(.data)
 *(.data*)
 .data.EXTI_PTR
                0x0000000020000000        0x4 STM32F103C6_Drivers/STM32F103C6_EXTI_Driver.o
                0x0000000020000000                EXTI_PTR
 .data.PTR      0x0000000020000004        0x4 STM32F103C6_Drivers/STM32F103C6_GPIO_Driver.o
                0x0000000020000004                PTR
                0x0000000020000008                . = ALIGN (0x4)
                0x0000000020000008                _edata = .

.igot.plt       0x0000000020000008        0x0 load address 0x0000000008001044
 .igot.plt      0x0000000020000008        0x0 e:/stmcube/stm32cubeide_1.4.0/stm32cubeide/plugins/com.st.stm32cube.ide.mcu.externaltools.gnu-tools-for-stm32.7-2018-q2-update.win32_1.4.0.202007081208/tools/bin/../lib/gcc/arm-none-eabi/7.3.1/thumb/v7-m/crtbegin.o
                0x0000000020000008                . = ALIGN (0x4)

.bss            0x0000000020000008       0x68 load address 0x0000000008001044
                0x0000000020000008                _sbss = .
                0x0000000020000008                __bss_start__ = _sbss
 *(.bss)
 .bss           0x0000000020000008       0x1c e:/stmcube/stm32cubeide_1.4.0/stm32cubeide/plugins/com.st.stm32cube.ide.mcu.externaltools.gnu-tools-for-stm32.7-2018-q2-update.win32_1.4.0.202007081208/tools/bin/../lib/gcc/arm-none-eabi/7.3.1/thumb/v7-m/crtbegin.o
 *(.bss*)
 .bss.Global_SPI_Config
                0x0000000020000024        0x8 STM32F103C6_Drivers/STM32F103C6_SPI_Driver.o
                0x0000000020000024                Global_SPI_Config
 .bss.Global_UART_Config
                0x000000002000002c        0x4 STM32F103C6_Drivers/STM32F103C6_USART_Driver.o
                0x000000002000002c                Global_UART_Config
 *(COMMON)
 COMMON         0x0000000020000030       0x3c STM32F103C6_Drivers/STM32F103C6_EXTI_Driver.o
                0x0000000020000030                GP_IRQ_CallBack
 COMMON         0x000000002000006c        0x2 Src/main.o
                0x000000002000006c                ch
                0x0000000020000070                . = ALIGN (0x4)
 *fill*         0x000000002000006e        0x2 
                0x0000000020000070                _ebss = .
                0x0000000020000070                __bss_end__ = _ebss

._user_heap_stack
                0x0000000020000070      0x600 load address 0x0000000008001044
                0x0000000020000070                . = ALIGN (0x8)
                [!provide]                        PROVIDE (end = .)
                0x0000000020000070                PROVIDE (_end = .)
                0x0000000020000270                . = (. + _Min_Heap_Size)
 *fill*         0x0000000020000070      0x200 
                0x0000000020000670                . = (. + _Min_Stack_Size)
 *fill*         0x0000000020000270      0x400 
                0x0000000020000670                . = ALIGN (0x8)

/DISCARD/
 libc.a(*)
 libm.a(*)
 libgcc.a(*)

.ARM.attributes
                0x0000000000000000       0x29
 *(.ARM.attributes)
 .ARM.attributes
                0x0000000000000000       0x1d e:/stmcube/stm32cubeide_1.4.0/stm32cubeide/plugins/com.st.stm32cube.ide.mcu.externaltools.gnu-tools-for-stm32.7-2018-q2-update.win32_1.4.0.202007081208/tools/bin/../lib/gcc/arm-none-eabi/7.3.1/thumb/v7-m/crti.o
 .ARM.attributes
                0x000000000000001d       0x2d e:/stmcube/stm32cubeide_1.4.0/stm32cubeide/plugins/com.st.stm32cube.ide.mcu.externaltools.gnu-tools-for-stm32.7-2018-q2-update.win32_1.4.0.202007081208/tools/bin/../lib/gcc/arm-none-eabi/7.3.1/thumb/v7-m/crtbegin.o
 .ARM.attributes
                0x000000000000004a       0x33 STM32F103C6_Drivers/STM32F103C6_EXTI_Driver.o
 .ARM.attributes
                0x000000000000007d       0x33 STM32F103C6_Drivers/STM32F103C6_GPIO_Driver.o
 .ARM.attributes
                0x00000000000000b0       0x33 STM32F103C6_Drivers/STM32F103C6_RCC_Driver.o
 .ARM.attributes
                0x00000000000000e3       0x33 STM32F103C6_Drivers/STM32F103C6_SPI_Driver.o
 .ARM.attributes
                0x0000000000000116       0x33 STM32F103C6_Drivers/STM32F103C6_USART_Driver.o
 .ARM.attributes
                0x0000000000000149       0x33 Src/main.o
 .ARM.attributes
                0x000000000000017c       0x21 Startup/startup_stm32f103c6tx.o
 .ARM.attributes
                0x000000000000019d       0x2d e:/stmcube/stm32cubeide_1.4.0/stm32cubeide/plugins/com.st.stm32cube.ide.mcu.externaltools.gnu-tools-for-stm32.7-2018-q2-update.win32_1.4.0.202007081208/tools/bin/../lib/gcc/arm-none-eabi/7.3.1/../../../../arm-none-eabi/lib/thumb/v7-m\libc_nano.a(lib_a-init.o)
 .ARM.attributes
                0x00000000000001ca       0x1d e:/stmcube/stm32cubeide_1.4.0/stm32cubeide/plugins/com.st.stm32cube.ide.mcu.externaltools.gnu-tools-for-stm32.7-2018-q2-update.win32_1.4.0.202007081208/tools/bin/../lib/gcc/arm-none-eabi/7.3.1/thumb/v7-m/crtn.o
OUTPUT(Unit8.elf elf32-littlearm)

.debug_info     0x0000000000000000     0x534d
 .debug_info    0x0000000000000000      0xeb6 STM32F103C6_Drivers/STM32F103C6_EXTI_Driver.o
 .debug_info    0x0000000000000eb6      0xd91 STM32F103C6_Drivers/STM32F103C6_GPIO_Driver.o
 .debug_info    0x0000000000001c47      0xb39 STM32F103C6_Drivers/STM32F103C6_RCC_Driver.o
 .debug_info    0x0000000000002780      0xf0b STM32F103C6_Drivers/STM32F103C6_SPI_Driver.o
 .debug_info    0x000000000000368b      0xe2b STM32F103C6_Drivers/STM32F103C6_USART_Driver.o
 .debug_info    0x00000000000044b6      0xe75 Src/main.o
 .debug_info    0x000000000000532b       0x22 Startup/startup_stm32f103c6tx.o

.debug_abbrev   0x0000000000000000      0xcf9
 .debug_abbrev  0x0000000000000000      0x239 STM32F103C6_Drivers/STM32F103C6_EXTI_Driver.o
 .debug_abbrev  0x0000000000000239      0x1fc STM32F103C6_Drivers/STM32F103C6_GPIO_Driver.o
 .debug_abbrev  0x0000000000000435      0x1ac STM32F103C6_Drivers/STM32F103C6_RCC_Driver.o
 .debug_abbrev  0x00000000000005e1      0x27a STM32F103C6_Drivers/STM32F103C6_SPI_Driver.o
 .debug_abbrev  0x000000000000085b      0x23d STM32F103C6_Drivers/STM32F103C6_USART_Driver.o
 .debug_abbrev  0x0000000000000a98      0x24f Src/main.o
 .debug_abbrev  0x0000000000000ce7       0x12 Startup/startup_stm32f103c6tx.o

.debug_loc      0x0000000000000000      0xd90
 .debug_loc     0x0000000000000000      0x320 STM32F103C6_Drivers/STM32F103C6_EXTI_Driver.o
 .debug_loc     0x0000000000000320      0x330 STM32F103C6_Drivers/STM32F103C6_GPIO_Driver.o
 .debug_loc     0x0000000000000650       0xc8 STM32F103C6_Drivers/STM32F103C6_RCC_Driver.o
 .debug_loc     0x0000000000000718      0x2bc STM32F103C6_Drivers/STM32F103C6_SPI_Driver.o
 .debug_loc     0x00000000000009d4      0x2c4 STM32F103C6_Drivers/STM32F103C6_USART_Driver.o
 .debug_loc     0x0000000000000c98       0xf8 Src/main.o

.debug_aranges  0x0000000000000000      0x230
 .debug_aranges
                0x0000000000000000       0x80 STM32F103C6_Drivers/STM32F103C6_EXTI_Driver.o
 .debug_aranges
                0x0000000000000080       0x60 STM32F103C6_Drivers/STM32F103C6_GPIO_Driver.o
 .debug_aranges
                0x00000000000000e0       0x38 STM32F103C6_Drivers/STM32F103C6_RCC_Driver.o
 .debug_aranges
                0x0000000000000118       0x58 STM32F103C6_Drivers/STM32F103C6_SPI_Driver.o
 .debug_aranges
                0x0000000000000170       0x60 STM32F103C6_Drivers/STM32F103C6_USART_Driver.o
 .debug_aranges
                0x00000000000001d0       0x38 Src/main.o
 .debug_aranges
                0x0000000000000208       0x28 Startup/startup_stm32f103c6tx.o

.debug_ranges   0x0000000000000000      0x1c8
 .debug_ranges  0x0000000000000000       0x70 STM32F103C6_Drivers/STM32F103C6_EXTI_Driver.o
 .debug_ranges  0x0000000000000070       0x50 STM32F103C6_Drivers/STM32F103C6_GPIO_Driver.o
 .debug_ranges  0x00000000000000c0       0x28 STM32F103C6_Drivers/STM32F103C6_RCC_Driver.o
 .debug_ranges  0x00000000000000e8       0x48 STM32F103C6_Drivers/STM32F103C6_SPI_Driver.o
 .debug_ranges  0x0000000000000130       0x50 STM32F103C6_Drivers/STM32F103C6_USART_Driver.o
 .debug_ranges  0x0000000000000180       0x28 Src/main.o
 .debug_ranges  0x00000000000001a8       0x20 Startup/startup_stm32f103c6tx.o

.debug_macro    0x0000000000000000     0x2691
 .debug_macro   0x0000000000000000      0x15c STM32F103C6_Drivers/STM32F103C6_EXTI_Driver.o
 .debug_macro   0x000000000000015c      0xa60 STM32F103C6_Drivers/STM32F103C6_EXTI_Driver.o
 .debug_macro   0x0000000000000bbc       0x18 STM32F103C6_Drivers/STM32F103C6_EXTI_Driver.o
 .debug_macro   0x0000000000000bd4       0x22 STM32F103C6_Drivers/STM32F103C6_EXTI_Driver.o
 .debug_macro   0x0000000000000bf6       0x40 STM32F103C6_Drivers/STM32F103C6_EXTI_Driver.o
 .debug_macro   0x0000000000000c36       0x94 STM32F103C6_Drivers/STM32F103C6_EXTI_Driver.o
 .debug_macro   0x0000000000000cca       0x3c STM32F103C6_Drivers/STM32F103C6_EXTI_Driver.o
 .debug_macro   0x0000000000000d06       0x34 STM32F103C6_Drivers/STM32F103C6_EXTI_Driver.o
 .debug_macro   0x0000000000000d3a       0x16 STM32F103C6_Drivers/STM32F103C6_EXTI_Driver.o
 .debug_macro   0x0000000000000d50      0x10e STM32F103C6_Drivers/STM32F103C6_EXTI_Driver.o
 .debug_macro   0x0000000000000e5e       0x8d STM32F103C6_Drivers/STM32F103C6_EXTI_Driver.o
 .debug_macro   0x0000000000000eeb       0x57 STM32F103C6_Drivers/STM32F103C6_EXTI_Driver.o
 .debug_macro   0x0000000000000f42       0x52 STM32F103C6_Drivers/STM32F103C6_EXTI_Driver.o
 .debug_macro   0x0000000000000f94       0x1f STM32F103C6_Drivers/STM32F103C6_EXTI_Driver.o
 .debug_macro   0x0000000000000fb3       0x43 STM32F103C6_Drivers/STM32F103C6_EXTI_Driver.o
 .debug_macro   0x0000000000000ff6       0x20 STM32F103C6_Drivers/STM32F103C6_EXTI_Driver.o
 .debug_macro   0x0000000000001016      0x1a3 STM32F103C6_Drivers/STM32F103C6_EXTI_Driver.o
 .debug_macro   0x00000000000011b9      0x330 STM32F103C6_Drivers/STM32F103C6_EXTI_Driver.o
 .debug_macro   0x00000000000014e9       0x16 STM32F103C6_Drivers/STM32F103C6_EXTI_Driver.o
 .debug_macro   0x00000000000014ff       0x29 STM32F103C6_Drivers/STM32F103C6_EXTI_Driver.o
 .debug_macro   0x0000000000001528       0xef STM32F103C6_Drivers/STM32F103C6_EXTI_Driver.o
 .debug_macro   0x0000000000001617       0x6a STM32F103C6_Drivers/STM32F103C6_EXTI_Driver.o
 .debug_macro   0x0000000000001681      0x1df STM32F103C6_Drivers/STM32F103C6_EXTI_Driver.o
 .debug_macro   0x0000000000001860      0x2ac STM32F103C6_Drivers/STM32F103C6_EXTI_Driver.o
 .debug_macro   0x0000000000001b0c       0xca STM32F103C6_Drivers/STM32F103C6_EXTI_Driver.o
 .debug_macro   0x0000000000001bd6      0x220 STM32F103C6_Drivers/STM32F103C6_EXTI_Driver.o
 .debug_macro   0x0000000000001df6      0x13f STM32F103C6_Drivers/STM32F103C6_GPIO_Driver.o
 .debug_macro   0x0000000000001f35      0x14e STM32F103C6_Drivers/STM32F103C6_RCC_Driver.o
 .debug_macro   0x0000000000002083       0x10 STM32F103C6_Drivers/STM32F103C6_RCC_Driver.o
 .debug_macro   0x0000000000002093      0x173 STM32F103C6_Drivers/STM32F103C6_SPI_Driver.o
 .debug_macro   0x0000000000002206       0xc4 STM32F103C6_Drivers/STM32F103C6_SPI_Driver.o
 .debug_macro   0x00000000000022ca      0x161 STM32F103C6_Drivers/STM32F103C6_USART_Driver.o
 .debug_macro   0x000000000000242b       0xe2 STM32F103C6_Drivers/STM32F103C6_USART_Driver.o
 .debug_macro   0x000000000000250d      0x16e Src/main.o
 .debug_macro   0x000000000000267b       0x16 Src/main.o

.debug_line     0x0000000000000000     0x2813
 .debug_line    0x0000000000000000      0x757 STM32F103C6_Drivers/STM32F103C6_EXTI_Driver.o
 .debug_line    0x0000000000000757      0x69e STM32F103C6_Drivers/STM32F103C6_GPIO_Driver.o
 .debug_line    0x0000000000000df5      0x5da STM32F103C6_Drivers/STM32F103C6_RCC_Driver.o
 .debug_line    0x00000000000013cf      0x6e6 STM32F103C6_Drivers/STM32F103C6_SPI_Driver.o
 .debug_line    0x0000000000001ab5      0x6c7 STM32F103C6_Drivers/STM32F103C6_USART_Driver.o
 .debug_line    0x000000000000217c      0x613 Src/main.o
 .debug_line    0x000000000000278f       0x84 Startup/startup_stm32f103c6tx.o

.debug_str      0x0000000000000000     0xa5f4
 .debug_str     0x0000000000000000     0x9477 STM32F103C6_Drivers/STM32F103C6_EXTI_Driver.o
                                       0x96e7 (size before relaxing)
 .debug_str     0x0000000000009477      0x119 STM32F103C6_Drivers/STM32F103C6_GPIO_Driver.o
                                       0x82af (size before relaxing)
 .debug_str     0x0000000000009590       0xfb STM32F103C6_Drivers/STM32F103C6_RCC_Driver.o
                                       0x821b (size before relaxing)
 .debug_str     0x000000000000968b      0x708 STM32F103C6_Drivers/STM32F103C6_SPI_Driver.o
                                       0x8903 (size before relaxing)
 .debug_str     0x0000000000009d93      0x7d3 STM32F103C6_Drivers/STM32F103C6_USART_Driver.o
                                       0x8a0d (size before relaxing)
 .debug_str     0x000000000000a566       0x5d Src/main.o
                                       0x8e81 (size before relaxing)
 .debug_str     0x000000000000a5c3       0x31 Startup/startup_stm32f103c6tx.o
                                         0x6d (size before relaxing)

.comment        0x0000000000000000       0x7b
 .comment       0x0000000000000000       0x7b STM32F103C6_Drivers/STM32F103C6_EXTI_Driver.o
                                         0x7c (size before relaxing)
 .comment       0x000000000000007b       0x7c STM32F103C6_Drivers/STM32F103C6_GPIO_Driver.o
 .comment       0x000000000000007b       0x7c STM32F103C6_Drivers/STM32F103C6_RCC_Driver.o
 .comment       0x000000000000007b       0x7c STM32F103C6_Drivers/STM32F103C6_SPI_Driver.o
 .comment       0x000000000000007b       0x7c STM32F103C6_Drivers/STM32F103C6_USART_Driver.o
 .comment       0x000000000000007b       0x7c Src/main.o

.debug_frame    0x0000000000000000      0x704
 .debug_frame   0x0000000000000000      0x1b0 STM32F103C6_Drivers/STM32F103C6_EXTI_Driver.o
 .debug_frame   0x00000000000001b0      0x178 STM32F103C6_Drivers/STM32F103C6_GPIO_Driver.o
 .debug_frame   0x0000000000000328       0x84 STM32F103C6_Drivers/STM32F103C6_RCC_Driver.o
 .debug_frame   0x00000000000003ac      0x148 STM32F103C6_Drivers/STM32F103C6_SPI_Driver.o
 .debug_frame   0x00000000000004f4      0x154 STM32F103C6_Drivers/STM32F103C6_USART_Driver.o
 .debug_frame   0x0000000000000648       0x90 Src/main.o
 .debug_frame   0x00000000000006d8       0x2c e:/stmcube/stm32cubeide_1.4.0/stm32cubeide/plugins/com.st.stm32cube.ide.mcu.externaltools.gnu-tools-for-stm32.7-2018-q2-update.win32_1.4.0.202007081208/tools/bin/../lib/gcc/arm-none-eabi/7.3.1/../../../../arm-none-eabi/lib/thumb/v7-m\libc_nano.a(lib_a-init.o)
