Archive member included to satisfy reference by file (symbol)

c:/st/stm32cubeide_1.4.0/stm32cubeide/plugins/com.st.stm32cube.ide.mcu.externaltools.gnu-tools-for-stm32.7-2018-q2-update.win32_1.4.0.202007081208/tools/bin/../lib/gcc/arm-none-eabi/7.3.1/../../../../arm-none-eabi/lib/thumb/v7-m\libc_nano.a(lib_a-errno.o)
                              Src/syscalls.o (__errno)
c:/st/stm32cubeide_1.4.0/stm32cubeide/plugins/com.st.stm32cube.ide.mcu.externaltools.gnu-tools-for-stm32.7-2018-q2-update.win32_1.4.0.202007081208/tools/bin/../lib/gcc/arm-none-eabi/7.3.1/../../../../arm-none-eabi/lib/thumb/v7-m\libc_nano.a(lib_a-exit.o)
                              c:/st/stm32cubeide_1.4.0/stm32cubeide/plugins/com.st.stm32cube.ide.mcu.externaltools.gnu-tools-for-stm32.7-2018-q2-update.win32_1.4.0.202007081208/tools/bin/../lib/gcc/arm-none-eabi/7.3.1/../../../../arm-none-eabi/lib/thumb/v7-m/crt0.o (exit)
c:/st/stm32cubeide_1.4.0/stm32cubeide/plugins/com.st.stm32cube.ide.mcu.externaltools.gnu-tools-for-stm32.7-2018-q2-update.win32_1.4.0.202007081208/tools/bin/../lib/gcc/arm-none-eabi/7.3.1/../../../../arm-none-eabi/lib/thumb/v7-m\libc_nano.a(lib_a-impure.o)
                              c:/st/stm32cubeide_1.4.0/stm32cubeide/plugins/com.st.stm32cube.ide.mcu.externaltools.gnu-tools-for-stm32.7-2018-q2-update.win32_1.4.0.202007081208/tools/bin/../lib/gcc/arm-none-eabi/7.3.1/../../../../arm-none-eabi/lib/thumb/v7-m\libc_nano.a(lib_a-exit.o) (_global_impure_ptr)
c:/st/stm32cubeide_1.4.0/stm32cubeide/plugins/com.st.stm32cube.ide.mcu.externaltools.gnu-tools-for-stm32.7-2018-q2-update.win32_1.4.0.202007081208/tools/bin/../lib/gcc/arm-none-eabi/7.3.1/../../../../arm-none-eabi/lib/thumb/v7-m\libc_nano.a(lib_a-init.o)
                              c:/st/stm32cubeide_1.4.0/stm32cubeide/plugins/com.st.stm32cube.ide.mcu.externaltools.gnu-tools-for-stm32.7-2018-q2-update.win32_1.4.0.202007081208/tools/bin/../lib/gcc/arm-none-eabi/7.3.1/../../../../arm-none-eabi/lib/thumb/v7-m/crt0.o (__libc_init_array)
c:/st/stm32cubeide_1.4.0/stm32cubeide/plugins/com.st.stm32cube.ide.mcu.externaltools.gnu-tools-for-stm32.7-2018-q2-update.win32_1.4.0.202007081208/tools/bin/../lib/gcc/arm-none-eabi/7.3.1/../../../../arm-none-eabi/lib/thumb/v7-m\libc_nano.a(lib_a-memset.o)
                              c:/st/stm32cubeide_1.4.0/stm32cubeide/plugins/com.st.stm32cube.ide.mcu.externaltools.gnu-tools-for-stm32.7-2018-q2-update.win32_1.4.0.202007081208/tools/bin/../lib/gcc/arm-none-eabi/7.3.1/../../../../arm-none-eabi/lib/thumb/v7-m/crt0.o (memset)

Allocating common symbols
Common symbol       size              file

P_Config            0x4               HAL/Key_Pad_Driver.o
ch                  0x1               Src/main.o
GP_IRQ_CallBack     0x3c              STM32F103C6_Drivers/STM32F103C6_EXTI_Driver.o

Discarded input sections

 .text          0x0000000000000000        0x0 c:/st/stm32cubeide_1.4.0/stm32cubeide/plugins/com.st.stm32cube.ide.mcu.externaltools.gnu-tools-for-stm32.7-2018-q2-update.win32_1.4.0.202007081208/tools/bin/../lib/gcc/arm-none-eabi/7.3.1/thumb/v7-m/crti.o
 .data          0x0000000000000000        0x0 c:/st/stm32cubeide_1.4.0/stm32cubeide/plugins/com.st.stm32cube.ide.mcu.externaltools.gnu-tools-for-stm32.7-2018-q2-update.win32_1.4.0.202007081208/tools/bin/../lib/gcc/arm-none-eabi/7.3.1/thumb/v7-m/crti.o
 .bss           0x0000000000000000        0x0 c:/st/stm32cubeide_1.4.0/stm32cubeide/plugins/com.st.stm32cube.ide.mcu.externaltools.gnu-tools-for-stm32.7-2018-q2-update.win32_1.4.0.202007081208/tools/bin/../lib/gcc/arm-none-eabi/7.3.1/thumb/v7-m/crti.o
 .data          0x0000000000000000        0x4 c:/st/stm32cubeide_1.4.0/stm32cubeide/plugins/com.st.stm32cube.ide.mcu.externaltools.gnu-tools-for-stm32.7-2018-q2-update.win32_1.4.0.202007081208/tools/bin/../lib/gcc/arm-none-eabi/7.3.1/thumb/v7-m/crtbegin.o
 .text          0x0000000000000000       0x74 c:/st/stm32cubeide_1.4.0/stm32cubeide/plugins/com.st.stm32cube.ide.mcu.externaltools.gnu-tools-for-stm32.7-2018-q2-update.win32_1.4.0.202007081208/tools/bin/../lib/gcc/arm-none-eabi/7.3.1/../../../../arm-none-eabi/lib/thumb/v7-m/crt0.o
 .data          0x0000000000000000        0x0 c:/st/stm32cubeide_1.4.0/stm32cubeide/plugins/com.st.stm32cube.ide.mcu.externaltools.gnu-tools-for-stm32.7-2018-q2-update.win32_1.4.0.202007081208/tools/bin/../lib/gcc/arm-none-eabi/7.3.1/../../../../arm-none-eabi/lib/thumb/v7-m/crt0.o
 .bss           0x0000000000000000        0x0 c:/st/stm32cubeide_1.4.0/stm32cubeide/plugins/com.st.stm32cube.ide.mcu.externaltools.gnu-tools-for-stm32.7-2018-q2-update.win32_1.4.0.202007081208/tools/bin/../lib/gcc/arm-none-eabi/7.3.1/../../../../arm-none-eabi/lib/thumb/v7-m/crt0.o
 .ARM.extab     0x0000000000000000        0x0 c:/st/stm32cubeide_1.4.0/stm32cubeide/plugins/com.st.stm32cube.ide.mcu.externaltools.gnu-tools-for-stm32.7-2018-q2-update.win32_1.4.0.202007081208/tools/bin/../lib/gcc/arm-none-eabi/7.3.1/../../../../arm-none-eabi/lib/thumb/v7-m/crt0.o
 .ARM.exidx     0x0000000000000000        0x8 c:/st/stm32cubeide_1.4.0/stm32cubeide/plugins/com.st.stm32cube.ide.mcu.externaltools.gnu-tools-for-stm32.7-2018-q2-update.win32_1.4.0.202007081208/tools/bin/../lib/gcc/arm-none-eabi/7.3.1/../../../../arm-none-eabi/lib/thumb/v7-m/crt0.o
 .ARM.attributes
                0x0000000000000000       0x1b c:/st/stm32cubeide_1.4.0/stm32cubeide/plugins/com.st.stm32cube.ide.mcu.externaltools.gnu-tools-for-stm32.7-2018-q2-update.win32_1.4.0.202007081208/tools/bin/../lib/gcc/arm-none-eabi/7.3.1/../../../../arm-none-eabi/lib/thumb/v7-m/crt0.o
 .group         0x0000000000000000        0xc HAL/Key_Pad_Driver.o
 .group         0x0000000000000000        0xc HAL/Key_Pad_Driver.o
 .group         0x0000000000000000        0xc HAL/Key_Pad_Driver.o
 .group         0x0000000000000000        0xc HAL/Key_Pad_Driver.o
 .group         0x0000000000000000        0xc HAL/Key_Pad_Driver.o
 .group         0x0000000000000000        0xc HAL/Key_Pad_Driver.o
 .group         0x0000000000000000        0xc HAL/Key_Pad_Driver.o
 .group         0x0000000000000000        0xc HAL/Key_Pad_Driver.o
 .group         0x0000000000000000        0xc HAL/Key_Pad_Driver.o
 .group         0x0000000000000000        0xc HAL/Key_Pad_Driver.o
 .group         0x0000000000000000        0xc HAL/Key_Pad_Driver.o
 .group         0x0000000000000000        0xc HAL/Key_Pad_Driver.o
 .group         0x0000000000000000        0xc HAL/Key_Pad_Driver.o
 .group         0x0000000000000000        0xc HAL/Key_Pad_Driver.o
 .group         0x0000000000000000        0xc HAL/Key_Pad_Driver.o
 .group         0x0000000000000000        0xc HAL/Key_Pad_Driver.o
 .group         0x0000000000000000        0xc HAL/Key_Pad_Driver.o
 .group         0x0000000000000000        0xc HAL/Key_Pad_Driver.o
 .group         0x0000000000000000        0xc HAL/Key_Pad_Driver.o
 .group         0x0000000000000000        0xc HAL/Key_Pad_Driver.o
 .group         0x0000000000000000        0xc HAL/Key_Pad_Driver.o
 .group         0x0000000000000000        0xc HAL/Key_Pad_Driver.o
 .group         0x0000000000000000        0xc HAL/Key_Pad_Driver.o
 .group         0x0000000000000000        0xc HAL/Key_Pad_Driver.o
 .group         0x0000000000000000        0xc HAL/Key_Pad_Driver.o
 .text          0x0000000000000000        0x0 HAL/Key_Pad_Driver.o
 .data          0x0000000000000000        0x0 HAL/Key_Pad_Driver.o
 .bss           0x0000000000000000        0x0 HAL/Key_Pad_Driver.o
 .data.Key_padRow
                0x0000000000000000       0x10 HAL/Key_Pad_Driver.o
 .data.Key_padCol
                0x0000000000000000       0x10 HAL/Key_Pad_Driver.o
 .text.keypad_init
                0x0000000000000000      0x13c HAL/Key_Pad_Driver.o
 .text.Keypad_getKey
                0x0000000000000000      0x194 HAL/Key_Pad_Driver.o
 .debug_info    0x0000000000000000      0xbdf HAL/Key_Pad_Driver.o
 .debug_abbrev  0x0000000000000000      0x1b7 HAL/Key_Pad_Driver.o
 .debug_loc     0x0000000000000000       0x7c HAL/Key_Pad_Driver.o
 .debug_aranges
                0x0000000000000000       0x28 HAL/Key_Pad_Driver.o
 .debug_ranges  0x0000000000000000       0x18 HAL/Key_Pad_Driver.o
 .debug_macro   0x0000000000000000      0x14e HAL/Key_Pad_Driver.o
 .debug_macro   0x0000000000000000      0xa60 HAL/Key_Pad_Driver.o
 .debug_macro   0x0000000000000000       0x18 HAL/Key_Pad_Driver.o
 .debug_macro   0x0000000000000000       0x22 HAL/Key_Pad_Driver.o
 .debug_macro   0x0000000000000000       0x40 HAL/Key_Pad_Driver.o
 .debug_macro   0x0000000000000000       0x94 HAL/Key_Pad_Driver.o
 .debug_macro   0x0000000000000000       0x3c HAL/Key_Pad_Driver.o
 .debug_macro   0x0000000000000000       0x34 HAL/Key_Pad_Driver.o
 .debug_macro   0x0000000000000000       0x16 HAL/Key_Pad_Driver.o
 .debug_macro   0x0000000000000000      0x10e HAL/Key_Pad_Driver.o
 .debug_macro   0x0000000000000000       0x8d HAL/Key_Pad_Driver.o
 .debug_macro   0x0000000000000000       0x57 HAL/Key_Pad_Driver.o
 .debug_macro   0x0000000000000000       0x52 HAL/Key_Pad_Driver.o
 .debug_macro   0x0000000000000000       0x1f HAL/Key_Pad_Driver.o
 .debug_macro   0x0000000000000000       0x43 HAL/Key_Pad_Driver.o
 .debug_macro   0x0000000000000000       0x20 HAL/Key_Pad_Driver.o
 .debug_macro   0x0000000000000000      0x1a3 HAL/Key_Pad_Driver.o
 .debug_macro   0x0000000000000000      0x330 HAL/Key_Pad_Driver.o
 .debug_macro   0x0000000000000000       0x16 HAL/Key_Pad_Driver.o
 .debug_macro   0x0000000000000000       0x29 HAL/Key_Pad_Driver.o
 .debug_macro   0x0000000000000000       0xef HAL/Key_Pad_Driver.o
 .debug_macro   0x0000000000000000       0x6a HAL/Key_Pad_Driver.o
 .debug_macro   0x0000000000000000      0x1df HAL/Key_Pad_Driver.o
 .debug_macro   0x0000000000000000      0x24c HAL/Key_Pad_Driver.o
 .debug_macro   0x0000000000000000       0xca HAL/Key_Pad_Driver.o
 .debug_macro   0x0000000000000000       0x3a HAL/Key_Pad_Driver.o
 .debug_line    0x0000000000000000      0x663 HAL/Key_Pad_Driver.o
 .debug_str     0x0000000000000000     0x803a HAL/Key_Pad_Driver.o
 .comment       0x0000000000000000       0x7c HAL/Key_Pad_Driver.o
 .debug_frame   0x0000000000000000       0x50 HAL/Key_Pad_Driver.o
 .ARM.attributes
                0x0000000000000000       0x33 HAL/Key_Pad_Driver.o
 COMMON         0x0000000000000000        0x4 HAL/Key_Pad_Driver.o
 .group         0x0000000000000000        0xc HAL/LCD.o
 .group         0x0000000000000000        0xc HAL/LCD.o
 .group         0x0000000000000000        0xc HAL/LCD.o
 .group         0x0000000000000000        0xc HAL/LCD.o
 .group         0x0000000000000000        0xc HAL/LCD.o
 .group         0x0000000000000000        0xc HAL/LCD.o
 .group         0x0000000000000000        0xc HAL/LCD.o
 .group         0x0000000000000000        0xc HAL/LCD.o
 .group         0x0000000000000000        0xc HAL/LCD.o
 .group         0x0000000000000000        0xc HAL/LCD.o
 .group         0x0000000000000000        0xc HAL/LCD.o
 .group         0x0000000000000000        0xc HAL/LCD.o
 .group         0x0000000000000000        0xc HAL/LCD.o
 .group         0x0000000000000000        0xc HAL/LCD.o
 .group         0x0000000000000000        0xc HAL/LCD.o
 .group         0x0000000000000000        0xc HAL/LCD.o
 .group         0x0000000000000000        0xc HAL/LCD.o
 .group         0x0000000000000000        0xc HAL/LCD.o
 .group         0x0000000000000000        0xc HAL/LCD.o
 .group         0x0000000000000000        0xc HAL/LCD.o
 .group         0x0000000000000000        0xc HAL/LCD.o
 .group         0x0000000000000000        0xc HAL/LCD.o
 .group         0x0000000000000000        0xc HAL/LCD.o
 .group         0x0000000000000000        0xc HAL/LCD.o
 .group         0x0000000000000000        0xc HAL/LCD.o
 .text          0x0000000000000000        0x0 HAL/LCD.o
 .data          0x0000000000000000        0x0 HAL/LCD.o
 .bss           0x0000000000000000        0x0 HAL/LCD.o
 .text.IS_LCD_Busy
                0x0000000000000000      0x114 HAL/LCD.o
 .text.LCD_Send_Pulse
                0x0000000000000000       0x2c HAL/LCD.o
 .text.LCD_Init
                0x0000000000000000      0x1cc HAL/LCD.o
 .text.LCD_Send_Command
                0x0000000000000000       0x44 HAL/LCD.o
 .text.LCD_Send_A_Character
                0x0000000000000000       0x44 HAL/LCD.o
 .text.LCD_Send_A_String
                0x0000000000000000       0x58 HAL/LCD.o
 .text.LCD_Goto_XY
                0x0000000000000000       0x56 HAL/LCD.o
 .text.LCD_Clear_Screen
                0x0000000000000000        0xe HAL/LCD.o
 .debug_info    0x0000000000000000      0xc74 HAL/LCD.o
 .debug_abbrev  0x0000000000000000      0x1ed HAL/LCD.o
 .debug_loc     0x0000000000000000      0x1f0 HAL/LCD.o
 .debug_aranges
                0x0000000000000000       0x58 HAL/LCD.o
 .debug_ranges  0x0000000000000000       0x48 HAL/LCD.o
 .debug_macro   0x0000000000000000      0x14e HAL/LCD.o
 .debug_macro   0x0000000000000000      0xa60 HAL/LCD.o
 .debug_macro   0x0000000000000000       0x18 HAL/LCD.o
 .debug_macro   0x0000000000000000       0x22 HAL/LCD.o
 .debug_macro   0x0000000000000000       0x40 HAL/LCD.o
 .debug_macro   0x0000000000000000       0x94 HAL/LCD.o
 .debug_macro   0x0000000000000000       0x3c HAL/LCD.o
 .debug_macro   0x0000000000000000       0x34 HAL/LCD.o
 .debug_macro   0x0000000000000000       0x16 HAL/LCD.o
 .debug_macro   0x0000000000000000      0x10e HAL/LCD.o
 .debug_macro   0x0000000000000000       0x8d HAL/LCD.o
 .debug_macro   0x0000000000000000       0x57 HAL/LCD.o
 .debug_macro   0x0000000000000000       0x52 HAL/LCD.o
 .debug_macro   0x0000000000000000       0x1f HAL/LCD.o
 .debug_macro   0x0000000000000000       0x43 HAL/LCD.o
 .debug_macro   0x0000000000000000       0x20 HAL/LCD.o
 .debug_macro   0x0000000000000000      0x1a3 HAL/LCD.o
 .debug_macro   0x0000000000000000      0x330 HAL/LCD.o
 .debug_macro   0x0000000000000000       0x16 HAL/LCD.o
 .debug_macro   0x0000000000000000       0x29 HAL/LCD.o
 .debug_macro   0x0000000000000000       0xef HAL/LCD.o
 .debug_macro   0x0000000000000000       0x6a HAL/LCD.o
 .debug_macro   0x0000000000000000      0x1df HAL/LCD.o
 .debug_macro   0x0000000000000000      0x24c HAL/LCD.o
 .debug_macro   0x0000000000000000       0xca HAL/LCD.o
 .debug_macro   0x0000000000000000       0x94 HAL/LCD.o
 .debug_line    0x0000000000000000      0x669 HAL/LCD.o
 .debug_str     0x0000000000000000     0x8275 HAL/LCD.o
 .comment       0x0000000000000000       0x7c HAL/LCD.o
 .debug_frame   0x0000000000000000      0x110 HAL/LCD.o
 .ARM.attributes
                0x0000000000000000       0x33 HAL/LCD.o
 .group         0x0000000000000000        0xc STM32F103C6_Drivers/GPIO/STM32F103C6_GPIO_Driver.o
 .group         0x0000000000000000        0xc STM32F103C6_Drivers/GPIO/STM32F103C6_GPIO_Driver.o
 .group         0x0000000000000000        0xc STM32F103C6_Drivers/GPIO/STM32F103C6_GPIO_Driver.o
 .group         0x0000000000000000        0xc STM32F103C6_Drivers/GPIO/STM32F103C6_GPIO_Driver.o
 .group         0x0000000000000000        0xc STM32F103C6_Drivers/GPIO/STM32F103C6_GPIO_Driver.o
 .group         0x0000000000000000        0xc STM32F103C6_Drivers/GPIO/STM32F103C6_GPIO_Driver.o
 .group         0x0000000000000000        0xc STM32F103C6_Drivers/GPIO/STM32F103C6_GPIO_Driver.o
 .group         0x0000000000000000        0xc STM32F103C6_Drivers/GPIO/STM32F103C6_GPIO_Driver.o
 .group         0x0000000000000000        0xc STM32F103C6_Drivers/GPIO/STM32F103C6_GPIO_Driver.o
 .group         0x0000000000000000        0xc STM32F103C6_Drivers/GPIO/STM32F103C6_GPIO_Driver.o
 .group         0x0000000000000000        0xc STM32F103C6_Drivers/GPIO/STM32F103C6_GPIO_Driver.o
 .group         0x0000000000000000        0xc STM32F103C6_Drivers/GPIO/STM32F103C6_GPIO_Driver.o
 .group         0x0000000000000000        0xc STM32F103C6_Drivers/GPIO/STM32F103C6_GPIO_Driver.o
 .group         0x0000000000000000        0xc STM32F103C6_Drivers/GPIO/STM32F103C6_GPIO_Driver.o
 .group         0x0000000000000000        0xc STM32F103C6_Drivers/GPIO/STM32F103C6_GPIO_Driver.o
 .group         0x0000000000000000        0xc STM32F103C6_Drivers/GPIO/STM32F103C6_GPIO_Driver.o
 .group         0x0000000000000000        0xc STM32F103C6_Drivers/GPIO/STM32F103C6_GPIO_Driver.o
 .group         0x0000000000000000        0xc STM32F103C6_Drivers/GPIO/STM32F103C6_GPIO_Driver.o
 .group         0x0000000000000000        0xc STM32F103C6_Drivers/GPIO/STM32F103C6_GPIO_Driver.o
 .group         0x0000000000000000        0xc STM32F103C6_Drivers/GPIO/STM32F103C6_GPIO_Driver.o
 .group         0x0000000000000000        0xc STM32F103C6_Drivers/GPIO/STM32F103C6_GPIO_Driver.o
 .group         0x0000000000000000        0xc STM32F103C6_Drivers/GPIO/STM32F103C6_GPIO_Driver.o
 .group         0x0000000000000000        0xc STM32F103C6_Drivers/GPIO/STM32F103C6_GPIO_Driver.o
 .group         0x0000000000000000        0xc STM32F103C6_Drivers/GPIO/STM32F103C6_GPIO_Driver.o
 .text          0x0000000000000000        0x0 STM32F103C6_Drivers/GPIO/STM32F103C6_GPIO_Driver.o
 .data          0x0000000000000000        0x0 STM32F103C6_Drivers/GPIO/STM32F103C6_GPIO_Driver.o
 .bss           0x0000000000000000        0x0 STM32F103C6_Drivers/GPIO/STM32F103C6_GPIO_Driver.o
 .text.MCAL_GPIO_Reset
                0x0000000000000000       0xf0 STM32F103C6_Drivers/GPIO/STM32F103C6_GPIO_Driver.o
 .text.MCAL_GPIO_ReadPin
                0x0000000000000000       0x2e STM32F103C6_Drivers/GPIO/STM32F103C6_GPIO_Driver.o
 .text.MCAL_GPIO_ReadPORT
                0x0000000000000000       0x1a STM32F103C6_Drivers/GPIO/STM32F103C6_GPIO_Driver.o
 .text.MCAL_GPIO_WritePin
                0x0000000000000000       0x2e STM32F103C6_Drivers/GPIO/STM32F103C6_GPIO_Driver.o
 .text.MCAL_GPIO_WritePort
                0x0000000000000000       0x1c STM32F103C6_Drivers/GPIO/STM32F103C6_GPIO_Driver.o
 .text.MCAL_GPIO_TogglePin
                0x0000000000000000       0x22 STM32F103C6_Drivers/GPIO/STM32F103C6_GPIO_Driver.o
 .text.MCAL_GPIO_LOCKPin
                0x0000000000000000       0x5c STM32F103C6_Drivers/GPIO/STM32F103C6_GPIO_Driver.o
 .debug_macro   0x0000000000000000      0xa60 STM32F103C6_Drivers/GPIO/STM32F103C6_GPIO_Driver.o
 .debug_macro   0x0000000000000000       0x18 STM32F103C6_Drivers/GPIO/STM32F103C6_GPIO_Driver.o
 .debug_macro   0x0000000000000000       0x22 STM32F103C6_Drivers/GPIO/STM32F103C6_GPIO_Driver.o
 .debug_macro   0x0000000000000000       0x40 STM32F103C6_Drivers/GPIO/STM32F103C6_GPIO_Driver.o
 .debug_macro   0x0000000000000000       0x94 STM32F103C6_Drivers/GPIO/STM32F103C6_GPIO_Driver.o
 .debug_macro   0x0000000000000000       0x3c STM32F103C6_Drivers/GPIO/STM32F103C6_GPIO_Driver.o
 .debug_macro   0x0000000000000000       0x34 STM32F103C6_Drivers/GPIO/STM32F103C6_GPIO_Driver.o
 .debug_macro   0x0000000000000000       0x16 STM32F103C6_Drivers/GPIO/STM32F103C6_GPIO_Driver.o
 .debug_macro   0x0000000000000000      0x10e STM32F103C6_Drivers/GPIO/STM32F103C6_GPIO_Driver.o
 .debug_macro   0x0000000000000000       0x8d STM32F103C6_Drivers/GPIO/STM32F103C6_GPIO_Driver.o
 .debug_macro   0x0000000000000000       0x57 STM32F103C6_Drivers/GPIO/STM32F103C6_GPIO_Driver.o
 .debug_macro   0x0000000000000000       0x52 STM32F103C6_Drivers/GPIO/STM32F103C6_GPIO_Driver.o
 .debug_macro   0x0000000000000000       0x1f STM32F103C6_Drivers/GPIO/STM32F103C6_GPIO_Driver.o
 .debug_macro   0x0000000000000000       0x43 STM32F103C6_Drivers/GPIO/STM32F103C6_GPIO_Driver.o
 .debug_macro   0x0000000000000000       0x20 STM32F103C6_Drivers/GPIO/STM32F103C6_GPIO_Driver.o
 .debug_macro   0x0000000000000000      0x1a3 STM32F103C6_Drivers/GPIO/STM32F103C6_GPIO_Driver.o
 .debug_macro   0x0000000000000000      0x330 STM32F103C6_Drivers/GPIO/STM32F103C6_GPIO_Driver.o
 .debug_macro   0x0000000000000000       0x16 STM32F103C6_Drivers/GPIO/STM32F103C6_GPIO_Driver.o
 .debug_macro   0x0000000000000000       0x29 STM32F103C6_Drivers/GPIO/STM32F103C6_GPIO_Driver.o
 .debug_macro   0x0000000000000000       0xef STM32F103C6_Drivers/GPIO/STM32F103C6_GPIO_Driver.o
 .debug_macro   0x0000000000000000       0x6a STM32F103C6_Drivers/GPIO/STM32F103C6_GPIO_Driver.o
 .debug_macro   0x0000000000000000      0x1df STM32F103C6_Drivers/GPIO/STM32F103C6_GPIO_Driver.o
 .debug_macro   0x0000000000000000      0x24c STM32F103C6_Drivers/GPIO/STM32F103C6_GPIO_Driver.o
 .debug_macro   0x0000000000000000       0xca STM32F103C6_Drivers/GPIO/STM32F103C6_GPIO_Driver.o
 .group         0x0000000000000000        0xc STM32F103C6_Drivers/STM32F103C6_EXTI_Driver.o
 .group         0x0000000000000000        0xc STM32F103C6_Drivers/STM32F103C6_EXTI_Driver.o
 .group         0x0000000000000000        0xc STM32F103C6_Drivers/STM32F103C6_EXTI_Driver.o
 .group         0x0000000000000000        0xc STM32F103C6_Drivers/STM32F103C6_EXTI_Driver.o
 .group         0x0000000000000000        0xc STM32F103C6_Drivers/STM32F103C6_EXTI_Driver.o
 .group         0x0000000000000000        0xc STM32F103C6_Drivers/STM32F103C6_EXTI_Driver.o
 .group         0x0000000000000000        0xc STM32F103C6_Drivers/STM32F103C6_EXTI_Driver.o
 .group         0x0000000000000000        0xc STM32F103C6_Drivers/STM32F103C6_EXTI_Driver.o
 .group         0x0000000000000000        0xc STM32F103C6_Drivers/STM32F103C6_EXTI_Driver.o
 .group         0x0000000000000000        0xc STM32F103C6_Drivers/STM32F103C6_EXTI_Driver.o
 .group         0x0000000000000000        0xc STM32F103C6_Drivers/STM32F103C6_EXTI_Driver.o
 .group         0x0000000000000000        0xc STM32F103C6_Drivers/STM32F103C6_EXTI_Driver.o
 .group         0x0000000000000000        0xc STM32F103C6_Drivers/STM32F103C6_EXTI_Driver.o
 .group         0x0000000000000000        0xc STM32F103C6_Drivers/STM32F103C6_EXTI_Driver.o
 .group         0x0000000000000000        0xc STM32F103C6_Drivers/STM32F103C6_EXTI_Driver.o
 .group         0x0000000000000000        0xc STM32F103C6_Drivers/STM32F103C6_EXTI_Driver.o
 .group         0x0000000000000000        0xc STM32F103C6_Drivers/STM32F103C6_EXTI_Driver.o
 .group         0x0000000000000000        0xc STM32F103C6_Drivers/STM32F103C6_EXTI_Driver.o
 .group         0x0000000000000000        0xc STM32F103C6_Drivers/STM32F103C6_EXTI_Driver.o
 .group         0x0000000000000000        0xc STM32F103C6_Drivers/STM32F103C6_EXTI_Driver.o
 .group         0x0000000000000000        0xc STM32F103C6_Drivers/STM32F103C6_EXTI_Driver.o
 .group         0x0000000000000000        0xc STM32F103C6_Drivers/STM32F103C6_EXTI_Driver.o
 .group         0x0000000000000000        0xc STM32F103C6_Drivers/STM32F103C6_EXTI_Driver.o
 .group         0x0000000000000000        0xc STM32F103C6_Drivers/STM32F103C6_EXTI_Driver.o
 .group         0x0000000000000000        0xc STM32F103C6_Drivers/STM32F103C6_EXTI_Driver.o
 .text          0x0000000000000000        0x0 STM32F103C6_Drivers/STM32F103C6_EXTI_Driver.o
 .data          0x0000000000000000        0x0 STM32F103C6_Drivers/STM32F103C6_EXTI_Driver.o
 .bss           0x0000000000000000        0x0 STM32F103C6_Drivers/STM32F103C6_EXTI_Driver.o
 .text.Enable_NVIC
                0x0000000000000000       0xcc STM32F103C6_Drivers/STM32F103C6_EXTI_Driver.o
 .text.Disable_NVIC
                0x0000000000000000       0xcc STM32F103C6_Drivers/STM32F103C6_EXTI_Driver.o
 .text.Update_EXTI
                0x0000000000000000      0x1fc STM32F103C6_Drivers/STM32F103C6_EXTI_Driver.o
 .text.MCAL_EXTI_GPIO_Init
                0x0000000000000000       0x16 STM32F103C6_Drivers/STM32F103C6_EXTI_Driver.o
 .text.MCAL_EXTI_GPIO_Update
                0x0000000000000000       0x16 STM32F103C6_Drivers/STM32F103C6_EXTI_Driver.o
 .text.MCAL_EXTI_GPIO_Reset
                0x0000000000000000       0xa0 STM32F103C6_Drivers/STM32F103C6_EXTI_Driver.o
 .debug_macro   0x0000000000000000      0xa60 STM32F103C6_Drivers/STM32F103C6_EXTI_Driver.o
 .debug_macro   0x0000000000000000       0x18 STM32F103C6_Drivers/STM32F103C6_EXTI_Driver.o
 .debug_macro   0x0000000000000000       0x22 STM32F103C6_Drivers/STM32F103C6_EXTI_Driver.o
 .debug_macro   0x0000000000000000       0x40 STM32F103C6_Drivers/STM32F103C6_EXTI_Driver.o
 .debug_macro   0x0000000000000000       0x94 STM32F103C6_Drivers/STM32F103C6_EXTI_Driver.o
 .debug_macro   0x0000000000000000       0x3c STM32F103C6_Drivers/STM32F103C6_EXTI_Driver.o
 .debug_macro   0x0000000000000000       0x34 STM32F103C6_Drivers/STM32F103C6_EXTI_Driver.o
 .debug_macro   0x0000000000000000       0x16 STM32F103C6_Drivers/STM32F103C6_EXTI_Driver.o
 .debug_macro   0x0000000000000000      0x10e STM32F103C6_Drivers/STM32F103C6_EXTI_Driver.o
 .debug_macro   0x0000000000000000       0x8d STM32F103C6_Drivers/STM32F103C6_EXTI_Driver.o
 .debug_macro   0x0000000000000000       0x57 STM32F103C6_Drivers/STM32F103C6_EXTI_Driver.o
 .debug_macro   0x0000000000000000       0x52 STM32F103C6_Drivers/STM32F103C6_EXTI_Driver.o
 .debug_macro   0x0000000000000000       0x1f STM32F103C6_Drivers/STM32F103C6_EXTI_Driver.o
 .debug_macro   0x0000000000000000       0x43 STM32F103C6_Drivers/STM32F103C6_EXTI_Driver.o
 .debug_macro   0x0000000000000000       0x20 STM32F103C6_Drivers/STM32F103C6_EXTI_Driver.o
 .debug_macro   0x0000000000000000      0x1a3 STM32F103C6_Drivers/STM32F103C6_EXTI_Driver.o
 .debug_macro   0x0000000000000000      0x330 STM32F103C6_Drivers/STM32F103C6_EXTI_Driver.o
 .debug_macro   0x0000000000000000       0x16 STM32F103C6_Drivers/STM32F103C6_EXTI_Driver.o
 .debug_macro   0x0000000000000000       0x29 STM32F103C6_Drivers/STM32F103C6_EXTI_Driver.o
 .debug_macro   0x0000000000000000       0xef STM32F103C6_Drivers/STM32F103C6_EXTI_Driver.o
 .debug_macro   0x0000000000000000       0x6a STM32F103C6_Drivers/STM32F103C6_EXTI_Driver.o
 .debug_macro   0x0000000000000000      0x1df STM32F103C6_Drivers/STM32F103C6_EXTI_Driver.o
 .debug_macro   0x0000000000000000      0x24c STM32F103C6_Drivers/STM32F103C6_EXTI_Driver.o
 .debug_macro   0x0000000000000000       0xca STM32F103C6_Drivers/STM32F103C6_EXTI_Driver.o
 .group         0x0000000000000000        0xc STM32F103C6_Drivers/STM32F103C6_RCC_Driver.o
 .group         0x0000000000000000        0xc STM32F103C6_Drivers/STM32F103C6_RCC_Driver.o
 .group         0x0000000000000000        0xc STM32F103C6_Drivers/STM32F103C6_RCC_Driver.o
 .group         0x0000000000000000        0xc STM32F103C6_Drivers/STM32F103C6_RCC_Driver.o
 .group         0x0000000000000000        0xc STM32F103C6_Drivers/STM32F103C6_RCC_Driver.o
 .group         0x0000000000000000        0xc STM32F103C6_Drivers/STM32F103C6_RCC_Driver.o
 .group         0x0000000000000000        0xc STM32F103C6_Drivers/STM32F103C6_RCC_Driver.o
 .group         0x0000000000000000        0xc STM32F103C6_Drivers/STM32F103C6_RCC_Driver.o
 .group         0x0000000000000000        0xc STM32F103C6_Drivers/STM32F103C6_RCC_Driver.o
 .group         0x0000000000000000        0xc STM32F103C6_Drivers/STM32F103C6_RCC_Driver.o
 .group         0x0000000000000000        0xc STM32F103C6_Drivers/STM32F103C6_RCC_Driver.o
 .group         0x0000000000000000        0xc STM32F103C6_Drivers/STM32F103C6_RCC_Driver.o
 .group         0x0000000000000000        0xc STM32F103C6_Drivers/STM32F103C6_RCC_Driver.o
 .group         0x0000000000000000        0xc STM32F103C6_Drivers/STM32F103C6_RCC_Driver.o
 .group         0x0000000000000000        0xc STM32F103C6_Drivers/STM32F103C6_RCC_Driver.o
 .group         0x0000000000000000        0xc STM32F103C6_Drivers/STM32F103C6_RCC_Driver.o
 .group         0x0000000000000000        0xc STM32F103C6_Drivers/STM32F103C6_RCC_Driver.o
 .group         0x0000000000000000        0xc STM32F103C6_Drivers/STM32F103C6_RCC_Driver.o
 .group         0x0000000000000000        0xc STM32F103C6_Drivers/STM32F103C6_RCC_Driver.o
 .group         0x0000000000000000        0xc STM32F103C6_Drivers/STM32F103C6_RCC_Driver.o
 .group         0x0000000000000000        0xc STM32F103C6_Drivers/STM32F103C6_RCC_Driver.o
 .group         0x0000000000000000        0xc STM32F103C6_Drivers/STM32F103C6_RCC_Driver.o
 .group         0x0000000000000000        0xc STM32F103C6_Drivers/STM32F103C6_RCC_Driver.o
 .group         0x0000000000000000        0xc STM32F103C6_Drivers/STM32F103C6_RCC_Driver.o
 .group         0x0000000000000000        0xc STM32F103C6_Drivers/STM32F103C6_RCC_Driver.o
 .text          0x0000000000000000        0x0 STM32F103C6_Drivers/STM32F103C6_RCC_Driver.o
 .data          0x0000000000000000        0x0 STM32F103C6_Drivers/STM32F103C6_RCC_Driver.o
 .bss           0x0000000000000000        0x0 STM32F103C6_Drivers/STM32F103C6_RCC_Driver.o
 .debug_macro   0x0000000000000000      0xa60 STM32F103C6_Drivers/STM32F103C6_RCC_Driver.o
 .debug_macro   0x0000000000000000       0x18 STM32F103C6_Drivers/STM32F103C6_RCC_Driver.o
 .debug_macro   0x0000000000000000       0x22 STM32F103C6_Drivers/STM32F103C6_RCC_Driver.o
 .debug_macro   0x0000000000000000       0x40 STM32F103C6_Drivers/STM32F103C6_RCC_Driver.o
 .debug_macro   0x0000000000000000       0x94 STM32F103C6_Drivers/STM32F103C6_RCC_Driver.o
 .debug_macro   0x0000000000000000       0x3c STM32F103C6_Drivers/STM32F103C6_RCC_Driver.o
 .debug_macro   0x0000000000000000       0x34 STM32F103C6_Drivers/STM32F103C6_RCC_Driver.o
 .debug_macro   0x0000000000000000       0x16 STM32F103C6_Drivers/STM32F103C6_RCC_Driver.o
 .debug_macro   0x0000000000000000      0x10e STM32F103C6_Drivers/STM32F103C6_RCC_Driver.o
 .debug_macro   0x0000000000000000       0x8d STM32F103C6_Drivers/STM32F103C6_RCC_Driver.o
 .debug_macro   0x0000000000000000       0x57 STM32F103C6_Drivers/STM32F103C6_RCC_Driver.o
 .debug_macro   0x0000000000000000       0x52 STM32F103C6_Drivers/STM32F103C6_RCC_Driver.o
 .debug_macro   0x0000000000000000       0x1f STM32F103C6_Drivers/STM32F103C6_RCC_Driver.o
 .debug_macro   0x0000000000000000       0x43 STM32F103C6_Drivers/STM32F103C6_RCC_Driver.o
 .debug_macro   0x0000000000000000       0x20 STM32F103C6_Drivers/STM32F103C6_RCC_Driver.o
 .debug_macro   0x0000000000000000      0x1a3 STM32F103C6_Drivers/STM32F103C6_RCC_Driver.o
 .debug_macro   0x0000000000000000      0x330 STM32F103C6_Drivers/STM32F103C6_RCC_Driver.o
 .debug_macro   0x0000000000000000       0x16 STM32F103C6_Drivers/STM32F103C6_RCC_Driver.o
 .debug_macro   0x0000000000000000       0x29 STM32F103C6_Drivers/STM32F103C6_RCC_Driver.o
 .debug_macro   0x0000000000000000       0xef STM32F103C6_Drivers/STM32F103C6_RCC_Driver.o
 .debug_macro   0x0000000000000000       0x6a STM32F103C6_Drivers/STM32F103C6_RCC_Driver.o
 .debug_macro   0x0000000000000000      0x1df STM32F103C6_Drivers/STM32F103C6_RCC_Driver.o
 .debug_macro   0x0000000000000000      0x24c STM32F103C6_Drivers/STM32F103C6_RCC_Driver.o
 .debug_macro   0x0000000000000000       0xca STM32F103C6_Drivers/STM32F103C6_RCC_Driver.o
 .group         0x0000000000000000        0xc STM32F103C6_Drivers/STM32F103C6_USART_Driver.o
 .group         0x0000000000000000        0xc STM32F103C6_Drivers/STM32F103C6_USART_Driver.o
 .group         0x0000000000000000        0xc STM32F103C6_Drivers/STM32F103C6_USART_Driver.o
 .group         0x0000000000000000        0xc STM32F103C6_Drivers/STM32F103C6_USART_Driver.o
 .group         0x0000000000000000        0xc STM32F103C6_Drivers/STM32F103C6_USART_Driver.o
 .group         0x0000000000000000        0xc STM32F103C6_Drivers/STM32F103C6_USART_Driver.o
 .group         0x0000000000000000        0xc STM32F103C6_Drivers/STM32F103C6_USART_Driver.o
 .group         0x0000000000000000        0xc STM32F103C6_Drivers/STM32F103C6_USART_Driver.o
 .group         0x0000000000000000        0xc STM32F103C6_Drivers/STM32F103C6_USART_Driver.o
 .group         0x0000000000000000        0xc STM32F103C6_Drivers/STM32F103C6_USART_Driver.o
 .group         0x0000000000000000        0xc STM32F103C6_Drivers/STM32F103C6_USART_Driver.o
 .group         0x0000000000000000        0xc STM32F103C6_Drivers/STM32F103C6_USART_Driver.o
 .group         0x0000000000000000        0xc STM32F103C6_Drivers/STM32F103C6_USART_Driver.o
 .group         0x0000000000000000        0xc STM32F103C6_Drivers/STM32F103C6_USART_Driver.o
 .group         0x0000000000000000        0xc STM32F103C6_Drivers/STM32F103C6_USART_Driver.o
 .group         0x0000000000000000        0xc STM32F103C6_Drivers/STM32F103C6_USART_Driver.o
 .group         0x0000000000000000        0xc STM32F103C6_Drivers/STM32F103C6_USART_Driver.o
 .group         0x0000000000000000        0xc STM32F103C6_Drivers/STM32F103C6_USART_Driver.o
 .group         0x0000000000000000        0xc STM32F103C6_Drivers/STM32F103C6_USART_Driver.o
 .group         0x0000000000000000        0xc STM32F103C6_Drivers/STM32F103C6_USART_Driver.o
 .group         0x0000000000000000        0xc STM32F103C6_Drivers/STM32F103C6_USART_Driver.o
 .group         0x0000000000000000        0xc STM32F103C6_Drivers/STM32F103C6_USART_Driver.o
 .group         0x0000000000000000        0xc STM32F103C6_Drivers/STM32F103C6_USART_Driver.o
 .group         0x0000000000000000        0xc STM32F103C6_Drivers/STM32F103C6_USART_Driver.o
 .group         0x0000000000000000        0xc STM32F103C6_Drivers/STM32F103C6_USART_Driver.o
 .group         0x0000000000000000        0xc STM32F103C6_Drivers/STM32F103C6_USART_Driver.o
 .text          0x0000000000000000        0x0 STM32F103C6_Drivers/STM32F103C6_USART_Driver.o
 .data          0x0000000000000000        0x0 STM32F103C6_Drivers/STM32F103C6_USART_Driver.o
 .bss           0x0000000000000000        0x0 STM32F103C6_Drivers/STM32F103C6_USART_Driver.o
 .text.MCAL_UART_DeInit
                0x0000000000000000       0x98 STM32F103C6_Drivers/STM32F103C6_USART_Driver.o
 .text.MCAL_UART_WAIT_TC
                0x0000000000000000       0x20 STM32F103C6_Drivers/STM32F103C6_USART_Driver.o
 .debug_macro   0x0000000000000000      0xa60 STM32F103C6_Drivers/STM32F103C6_USART_Driver.o
 .debug_macro   0x0000000000000000       0x18 STM32F103C6_Drivers/STM32F103C6_USART_Driver.o
 .debug_macro   0x0000000000000000       0x22 STM32F103C6_Drivers/STM32F103C6_USART_Driver.o
 .debug_macro   0x0000000000000000       0x40 STM32F103C6_Drivers/STM32F103C6_USART_Driver.o
 .debug_macro   0x0000000000000000       0x94 STM32F103C6_Drivers/STM32F103C6_USART_Driver.o
 .debug_macro   0x0000000000000000       0x3c STM32F103C6_Drivers/STM32F103C6_USART_Driver.o
 .debug_macro   0x0000000000000000       0x34 STM32F103C6_Drivers/STM32F103C6_USART_Driver.o
 .debug_macro   0x0000000000000000       0x16 STM32F103C6_Drivers/STM32F103C6_USART_Driver.o
 .debug_macro   0x0000000000000000      0x10e STM32F103C6_Drivers/STM32F103C6_USART_Driver.o
 .debug_macro   0x0000000000000000       0x8d STM32F103C6_Drivers/STM32F103C6_USART_Driver.o
 .debug_macro   0x0000000000000000       0x57 STM32F103C6_Drivers/STM32F103C6_USART_Driver.o
 .debug_macro   0x0000000000000000       0x52 STM32F103C6_Drivers/STM32F103C6_USART_Driver.o
 .debug_macro   0x0000000000000000       0x1f STM32F103C6_Drivers/STM32F103C6_USART_Driver.o
 .debug_macro   0x0000000000000000       0x43 STM32F103C6_Drivers/STM32F103C6_USART_Driver.o
 .debug_macro   0x0000000000000000       0x20 STM32F103C6_Drivers/STM32F103C6_USART_Driver.o
 .debug_macro   0x0000000000000000      0x1a3 STM32F103C6_Drivers/STM32F103C6_USART_Driver.o
 .debug_macro   0x0000000000000000      0x330 STM32F103C6_Drivers/STM32F103C6_USART_Driver.o
 .debug_macro   0x0000000000000000       0x16 STM32F103C6_Drivers/STM32F103C6_USART_Driver.o
 .debug_macro   0x0000000000000000       0x29 STM32F103C6_Drivers/STM32F103C6_USART_Driver.o
 .debug_macro   0x0000000000000000       0xef STM32F103C6_Drivers/STM32F103C6_USART_Driver.o
 .debug_macro   0x0000000000000000       0x6a STM32F103C6_Drivers/STM32F103C6_USART_Driver.o
 .debug_macro   0x0000000000000000      0x1df STM32F103C6_Drivers/STM32F103C6_USART_Driver.o
 .debug_macro   0x0000000000000000      0x24c STM32F103C6_Drivers/STM32F103C6_USART_Driver.o
 .debug_macro   0x0000000000000000       0xca STM32F103C6_Drivers/STM32F103C6_USART_Driver.o
 .debug_macro   0x0000000000000000       0x10 STM32F103C6_Drivers/STM32F103C6_USART_Driver.o
 .group         0x0000000000000000        0xc Src/main.o
 .group         0x0000000000000000        0xc Src/main.o
 .group         0x0000000000000000        0xc Src/main.o
 .group         0x0000000000000000        0xc Src/main.o
 .group         0x0000000000000000        0xc Src/main.o
 .group         0x0000000000000000        0xc Src/main.o
 .group         0x0000000000000000        0xc Src/main.o
 .group         0x0000000000000000        0xc Src/main.o
 .group         0x0000000000000000        0xc Src/main.o
 .group         0x0000000000000000        0xc Src/main.o
 .group         0x0000000000000000        0xc Src/main.o
 .group         0x0000000000000000        0xc Src/main.o
 .group         0x0000000000000000        0xc Src/main.o
 .group         0x0000000000000000        0xc Src/main.o
 .group         0x0000000000000000        0xc Src/main.o
 .group         0x0000000000000000        0xc Src/main.o
 .group         0x0000000000000000        0xc Src/main.o
 .group         0x0000000000000000        0xc Src/main.o
 .group         0x0000000000000000        0xc Src/main.o
 .group         0x0000000000000000        0xc Src/main.o
 .group         0x0000000000000000        0xc Src/main.o
 .group         0x0000000000000000        0xc Src/main.o
 .group         0x0000000000000000        0xc Src/main.o
 .group         0x0000000000000000        0xc Src/main.o
 .group         0x0000000000000000        0xc Src/main.o
 .group         0x0000000000000000        0xc Src/main.o
 .group         0x0000000000000000        0xc Src/main.o
 .group         0x0000000000000000        0xc Src/main.o
 .group         0x0000000000000000        0xc Src/main.o
 .text          0x0000000000000000        0x0 Src/main.o
 .data          0x0000000000000000        0x0 Src/main.o
 .bss           0x0000000000000000        0x0 Src/main.o
 .data.IRQ_Flag
                0x0000000000000000        0x4 Src/main.o
 .debug_macro   0x0000000000000000      0xa60 Src/main.o
 .debug_macro   0x0000000000000000       0x18 Src/main.o
 .debug_macro   0x0000000000000000       0x22 Src/main.o
 .debug_macro   0x0000000000000000       0x40 Src/main.o
 .debug_macro   0x0000000000000000       0x94 Src/main.o
 .debug_macro   0x0000000000000000       0x3c Src/main.o
 .debug_macro   0x0000000000000000       0x34 Src/main.o
 .debug_macro   0x0000000000000000       0x16 Src/main.o
 .debug_macro   0x0000000000000000      0x10e Src/main.o
 .debug_macro   0x0000000000000000       0x8d Src/main.o
 .debug_macro   0x0000000000000000       0x57 Src/main.o
 .debug_macro   0x0000000000000000       0x52 Src/main.o
 .debug_macro   0x0000000000000000       0x1f Src/main.o
 .debug_macro   0x0000000000000000       0x43 Src/main.o
 .debug_macro   0x0000000000000000       0x20 Src/main.o
 .debug_macro   0x0000000000000000      0x1a3 Src/main.o
 .debug_macro   0x0000000000000000      0x330 Src/main.o
 .debug_macro   0x0000000000000000       0x16 Src/main.o
 .debug_macro   0x0000000000000000       0x29 Src/main.o
 .debug_macro   0x0000000000000000       0xef Src/main.o
 .debug_macro   0x0000000000000000       0x6a Src/main.o
 .debug_macro   0x0000000000000000      0x1df Src/main.o
 .debug_macro   0x0000000000000000      0x24c Src/main.o
 .debug_macro   0x0000000000000000       0xca Src/main.o
 .debug_macro   0x0000000000000000      0x220 Src/main.o
 .debug_macro   0x0000000000000000       0xe2 Src/main.o
 .group         0x0000000000000000        0xc Src/syscalls.o
 .group         0x0000000000000000        0xc Src/syscalls.o
 .group         0x0000000000000000        0xc Src/syscalls.o
 .group         0x0000000000000000        0xc Src/syscalls.o
 .group         0x0000000000000000        0xc Src/syscalls.o
 .group         0x0000000000000000        0xc Src/syscalls.o
 .group         0x0000000000000000        0xc Src/syscalls.o
 .group         0x0000000000000000        0xc Src/syscalls.o
 .group         0x0000000000000000        0xc Src/syscalls.o
 .group         0x0000000000000000        0xc Src/syscalls.o
 .group         0x0000000000000000        0xc Src/syscalls.o
 .group         0x0000000000000000        0xc Src/syscalls.o
 .group         0x0000000000000000        0xc Src/syscalls.o
 .group         0x0000000000000000        0xc Src/syscalls.o
 .group         0x0000000000000000        0xc Src/syscalls.o
 .group         0x0000000000000000        0xc Src/syscalls.o
 .group         0x0000000000000000        0xc Src/syscalls.o
 .group         0x0000000000000000        0xc Src/syscalls.o
 .group         0x0000000000000000        0xc Src/syscalls.o
 .group         0x0000000000000000        0xc Src/syscalls.o
 .group         0x0000000000000000        0xc Src/syscalls.o
 .group         0x0000000000000000        0xc Src/syscalls.o
 .group         0x0000000000000000        0xc Src/syscalls.o
 .group         0x0000000000000000        0xc Src/syscalls.o
 .group         0x0000000000000000        0xc Src/syscalls.o
 .group         0x0000000000000000        0xc Src/syscalls.o
 .group         0x0000000000000000        0xc Src/syscalls.o
 .group         0x0000000000000000        0xc Src/syscalls.o
 .group         0x0000000000000000        0xc Src/syscalls.o
 .group         0x0000000000000000        0xc Src/syscalls.o
 .group         0x0000000000000000        0xc Src/syscalls.o
 .group         0x0000000000000000        0xc Src/syscalls.o
 .group         0x0000000000000000        0xc Src/syscalls.o
 .group         0x0000000000000000        0xc Src/syscalls.o
 .group         0x0000000000000000        0xc Src/syscalls.o
 .group         0x0000000000000000        0xc Src/syscalls.o
 .group         0x0000000000000000        0xc Src/syscalls.o
 .group         0x0000000000000000        0xc Src/syscalls.o
 .group         0x0000000000000000        0xc Src/syscalls.o
 .group         0x0000000000000000        0xc Src/syscalls.o
 .group         0x0000000000000000        0xc Src/syscalls.o
 .group         0x0000000000000000        0xc Src/syscalls.o
 .group         0x0000000000000000        0xc Src/syscalls.o
 .group         0x0000000000000000        0xc Src/syscalls.o
 .text          0x0000000000000000        0x0 Src/syscalls.o
 .data          0x0000000000000000        0x0 Src/syscalls.o
 .bss           0x0000000000000000        0x0 Src/syscalls.o
 .bss.__env     0x0000000000000000        0x4 Src/syscalls.o
 .data.environ  0x0000000000000000        0x4 Src/syscalls.o
 .text.initialise_monitor_handles
                0x0000000000000000        0xc Src/syscalls.o
 .text._getpid  0x0000000000000000        0xe Src/syscalls.o
 .text._kill    0x0000000000000000       0x20 Src/syscalls.o
 .text._exit    0x0000000000000000       0x14 Src/syscalls.o
 .text._read    0x0000000000000000       0x3a Src/syscalls.o
 .text._write   0x0000000000000000       0x38 Src/syscalls.o
 .text._close   0x0000000000000000       0x16 Src/syscalls.o
 .text._fstat   0x0000000000000000       0x1e Src/syscalls.o
 .text._isatty  0x0000000000000000       0x14 Src/syscalls.o
 .text._lseek   0x0000000000000000       0x18 Src/syscalls.o
 .text._open    0x0000000000000000       0x1a Src/syscalls.o
 .text._wait    0x0000000000000000       0x1e Src/syscalls.o
 .text._unlink  0x0000000000000000       0x1e Src/syscalls.o
 .text._times   0x0000000000000000       0x16 Src/syscalls.o
 .text._stat    0x0000000000000000       0x1e Src/syscalls.o
 .text._link    0x0000000000000000       0x20 Src/syscalls.o
 .text._fork    0x0000000000000000       0x16 Src/syscalls.o
 .text._execve  0x0000000000000000       0x22 Src/syscalls.o
 .debug_info    0x0000000000000000     0x1038 Src/syscalls.o
 .debug_abbrev  0x0000000000000000      0x254 Src/syscalls.o
 .debug_loc     0x0000000000000000      0x5b8 Src/syscalls.o
 .debug_aranges
                0x0000000000000000       0xa8 Src/syscalls.o
 .debug_ranges  0x0000000000000000       0x98 Src/syscalls.o
 .debug_macro   0x0000000000000000      0x243 Src/syscalls.o
 .debug_macro   0x0000000000000000      0xa60 Src/syscalls.o
 .debug_macro   0x0000000000000000       0x22 Src/syscalls.o
 .debug_macro   0x0000000000000000       0x40 Src/syscalls.o
 .debug_macro   0x0000000000000000       0x18 Src/syscalls.o
 .debug_macro   0x0000000000000000       0x94 Src/syscalls.o
 .debug_macro   0x0000000000000000       0x3c Src/syscalls.o
 .debug_macro   0x0000000000000000       0x34 Src/syscalls.o
 .debug_macro   0x0000000000000000       0x57 Src/syscalls.o
 .debug_macro   0x0000000000000000      0x174 Src/syscalls.o
 .debug_macro   0x0000000000000000      0x330 Src/syscalls.o
 .debug_macro   0x0000000000000000       0x52 Src/syscalls.o
 .debug_macro   0x0000000000000000       0x1f Src/syscalls.o
 .debug_macro   0x0000000000000000       0x43 Src/syscalls.o
 .debug_macro   0x0000000000000000       0x20 Src/syscalls.o
 .debug_macro   0x0000000000000000      0x1a3 Src/syscalls.o
 .debug_macro   0x0000000000000000       0x10 Src/syscalls.o
 .debug_macro   0x0000000000000000       0x35 Src/syscalls.o
 .debug_macro   0x0000000000000000       0x10 Src/syscalls.o
 .debug_macro   0x0000000000000000       0x10 Src/syscalls.o
 .debug_macro   0x0000000000000000       0x10 Src/syscalls.o
 .debug_macro   0x0000000000000000       0x6a Src/syscalls.o
 .debug_macro   0x0000000000000000       0x1c Src/syscalls.o
 .debug_macro   0x0000000000000000       0x52 Src/syscalls.o
 .debug_macro   0x0000000000000000       0x40 Src/syscalls.o
 .debug_macro   0x0000000000000000       0x10 Src/syscalls.o
 .debug_macro   0x0000000000000000       0x40 Src/syscalls.o
 .debug_macro   0x0000000000000000       0xd7 Src/syscalls.o
 .debug_macro   0x0000000000000000       0x1c Src/syscalls.o
 .debug_macro   0x0000000000000000       0x3d Src/syscalls.o
 .debug_macro   0x0000000000000000       0x35 Src/syscalls.o
 .debug_macro   0x0000000000000000      0x122 Src/syscalls.o
 .debug_macro   0x0000000000000000       0x16 Src/syscalls.o
 .debug_macro   0x0000000000000000       0x16 Src/syscalls.o
 .debug_macro   0x0000000000000000       0x29 Src/syscalls.o
 .debug_macro   0x0000000000000000       0x10 Src/syscalls.o
 .debug_macro   0x0000000000000000      0x241 Src/syscalls.o
 .debug_macro   0x0000000000000000       0x1c Src/syscalls.o
 .debug_macro   0x0000000000000000       0x10 Src/syscalls.o
 .debug_macro   0x0000000000000000       0x10 Src/syscalls.o
 .debug_macro   0x0000000000000000       0x16 Src/syscalls.o
 .debug_macro   0x0000000000000000      0x145 Src/syscalls.o
 .debug_macro   0x0000000000000000      0x189 Src/syscalls.o
 .debug_macro   0x0000000000000000       0x16 Src/syscalls.o
 .debug_macro   0x0000000000000000       0x88 Src/syscalls.o
 .debug_line    0x0000000000000000      0x739 Src/syscalls.o
 .debug_str     0x0000000000000000     0x887f Src/syscalls.o
 .comment       0x0000000000000000       0x7c Src/syscalls.o
 .debug_frame   0x0000000000000000      0x2ac Src/syscalls.o
 .ARM.attributes
                0x0000000000000000       0x33 Src/syscalls.o
 .group         0x0000000000000000        0xc Src/sysmem.o
 .group         0x0000000000000000        0xc Src/sysmem.o
 .group         0x0000000000000000        0xc Src/sysmem.o
 .group         0x0000000000000000        0xc Src/sysmem.o
 .group         0x0000000000000000        0xc Src/sysmem.o
 .group         0x0000000000000000        0xc Src/sysmem.o
 .group         0x0000000000000000        0xc Src/sysmem.o
 .group         0x0000000000000000        0xc Src/sysmem.o
 .group         0x0000000000000000        0xc Src/sysmem.o
 .group         0x0000000000000000        0xc Src/sysmem.o
 .group         0x0000000000000000        0xc Src/sysmem.o
 .group         0x0000000000000000        0xc Src/sysmem.o
 .group         0x0000000000000000        0xc Src/sysmem.o
 .group         0x0000000000000000        0xc Src/sysmem.o
 .group         0x0000000000000000        0xc Src/sysmem.o
 .group         0x0000000000000000        0xc Src/sysmem.o
 .group         0x0000000000000000        0xc Src/sysmem.o
 .group         0x0000000000000000        0xc Src/sysmem.o
 .group         0x0000000000000000        0xc Src/sysmem.o
 .text          0x0000000000000000        0x0 Src/sysmem.o
 .data          0x0000000000000000        0x0 Src/sysmem.o
 .bss           0x0000000000000000        0x0 Src/sysmem.o
 .bss.__sbrk_heap_end
                0x0000000000000000        0x4 Src/sysmem.o
 .text._sbrk    0x0000000000000000       0x6c Src/sysmem.o
 .debug_info    0x0000000000000000      0xa7c Src/sysmem.o
 .debug_abbrev  0x0000000000000000      0x18e Src/sysmem.o
 .debug_loc     0x0000000000000000       0x50 Src/sysmem.o
 .debug_aranges
                0x0000000000000000       0x20 Src/sysmem.o
 .debug_ranges  0x0000000000000000       0x10 Src/sysmem.o
 .debug_macro   0x0000000000000000       0xee Src/sysmem.o
 .debug_macro   0x0000000000000000      0xa60 Src/sysmem.o
 .debug_macro   0x0000000000000000       0x10 Src/sysmem.o
 .debug_macro   0x0000000000000000       0x22 Src/sysmem.o
 .debug_macro   0x0000000000000000       0x40 Src/sysmem.o
 .debug_macro   0x0000000000000000       0x18 Src/sysmem.o
 .debug_macro   0x0000000000000000       0x94 Src/sysmem.o
 .debug_macro   0x0000000000000000       0x3c Src/sysmem.o
 .debug_macro   0x0000000000000000       0x34 Src/sysmem.o
 .debug_macro   0x0000000000000000      0x174 Src/sysmem.o
 .debug_macro   0x0000000000000000       0x57 Src/sysmem.o
 .debug_macro   0x0000000000000000       0x52 Src/sysmem.o
 .debug_macro   0x0000000000000000       0x1f Src/sysmem.o
 .debug_macro   0x0000000000000000       0x43 Src/sysmem.o
 .debug_macro   0x0000000000000000       0x20 Src/sysmem.o
 .debug_macro   0x0000000000000000      0x1a3 Src/sysmem.o
 .debug_macro   0x0000000000000000      0x23b Src/sysmem.o
 .debug_macro   0x0000000000000000       0xef Src/sysmem.o
 .debug_macro   0x0000000000000000       0x6a Src/sysmem.o
 .debug_macro   0x0000000000000000      0x1df Src/sysmem.o
 .debug_line    0x0000000000000000      0x4c2 Src/sysmem.o
 .debug_str     0x0000000000000000     0x5f4d Src/sysmem.o
 .comment       0x0000000000000000       0x7c Src/sysmem.o
 .debug_frame   0x0000000000000000       0x34 Src/sysmem.o
 .ARM.attributes
                0x0000000000000000       0x33 Src/sysmem.o
 .text          0x0000000000000000       0x14 Startup/startup_stm32f103c6tx.o
 .data          0x0000000000000000        0x0 Startup/startup_stm32f103c6tx.o
 .bss           0x0000000000000000        0x0 Startup/startup_stm32f103c6tx.o
 .text          0x0000000000000000        0x0 c:/st/stm32cubeide_1.4.0/stm32cubeide/plugins/com.st.stm32cube.ide.mcu.externaltools.gnu-tools-for-stm32.7-2018-q2-update.win32_1.4.0.202007081208/tools/bin/../lib/gcc/arm-none-eabi/7.3.1/../../../../arm-none-eabi/lib/thumb/v7-m\libc_nano.a(lib_a-errno.o)
 .data          0x0000000000000000        0x0 c:/st/stm32cubeide_1.4.0/stm32cubeide/plugins/com.st.stm32cube.ide.mcu.externaltools.gnu-tools-for-stm32.7-2018-q2-update.win32_1.4.0.202007081208/tools/bin/../lib/gcc/arm-none-eabi/7.3.1/../../../../arm-none-eabi/lib/thumb/v7-m\libc_nano.a(lib_a-errno.o)
 .bss           0x0000000000000000        0x0 c:/st/stm32cubeide_1.4.0/stm32cubeide/plugins/com.st.stm32cube.ide.mcu.externaltools.gnu-tools-for-stm32.7-2018-q2-update.win32_1.4.0.202007081208/tools/bin/../lib/gcc/arm-none-eabi/7.3.1/../../../../arm-none-eabi/lib/thumb/v7-m\libc_nano.a(lib_a-errno.o)
 .text.__errno  0x0000000000000000        0xc c:/st/stm32cubeide_1.4.0/stm32cubeide/plugins/com.st.stm32cube.ide.mcu.externaltools.gnu-tools-for-stm32.7-2018-q2-update.win32_1.4.0.202007081208/tools/bin/../lib/gcc/arm-none-eabi/7.3.1/../../../../arm-none-eabi/lib/thumb/v7-m\libc_nano.a(lib_a-errno.o)
 .debug_frame   0x0000000000000000       0x20 c:/st/stm32cubeide_1.4.0/stm32cubeide/plugins/com.st.stm32cube.ide.mcu.externaltools.gnu-tools-for-stm32.7-2018-q2-update.win32_1.4.0.202007081208/tools/bin/../lib/gcc/arm-none-eabi/7.3.1/../../../../arm-none-eabi/lib/thumb/v7-m\libc_nano.a(lib_a-errno.o)
 .ARM.attributes
                0x0000000000000000       0x2d c:/st/stm32cubeide_1.4.0/stm32cubeide/plugins/com.st.stm32cube.ide.mcu.externaltools.gnu-tools-for-stm32.7-2018-q2-update.win32_1.4.0.202007081208/tools/bin/../lib/gcc/arm-none-eabi/7.3.1/../../../../arm-none-eabi/lib/thumb/v7-m\libc_nano.a(lib_a-errno.o)
 .text          0x0000000000000000        0x0 c:/st/stm32cubeide_1.4.0/stm32cubeide/plugins/com.st.stm32cube.ide.mcu.externaltools.gnu-tools-for-stm32.7-2018-q2-update.win32_1.4.0.202007081208/tools/bin/../lib/gcc/arm-none-eabi/7.3.1/../../../../arm-none-eabi/lib/thumb/v7-m\libc_nano.a(lib_a-exit.o)
 .data          0x0000000000000000        0x0 c:/st/stm32cubeide_1.4.0/stm32cubeide/plugins/com.st.stm32cube.ide.mcu.externaltools.gnu-tools-for-stm32.7-2018-q2-update.win32_1.4.0.202007081208/tools/bin/../lib/gcc/arm-none-eabi/7.3.1/../../../../arm-none-eabi/lib/thumb/v7-m\libc_nano.a(lib_a-exit.o)
 .bss           0x0000000000000000        0x0 c:/st/stm32cubeide_1.4.0/stm32cubeide/plugins/com.st.stm32cube.ide.mcu.externaltools.gnu-tools-for-stm32.7-2018-q2-update.win32_1.4.0.202007081208/tools/bin/../lib/gcc/arm-none-eabi/7.3.1/../../../../arm-none-eabi/lib/thumb/v7-m\libc_nano.a(lib_a-exit.o)
 .text.exit     0x0000000000000000       0x28 c:/st/stm32cubeide_1.4.0/stm32cubeide/plugins/com.st.stm32cube.ide.mcu.externaltools.gnu-tools-for-stm32.7-2018-q2-update.win32_1.4.0.202007081208/tools/bin/../lib/gcc/arm-none-eabi/7.3.1/../../../../arm-none-eabi/lib/thumb/v7-m\libc_nano.a(lib_a-exit.o)
 .debug_frame   0x0000000000000000       0x28 c:/st/stm32cubeide_1.4.0/stm32cubeide/plugins/com.st.stm32cube.ide.mcu.externaltools.gnu-tools-for-stm32.7-2018-q2-update.win32_1.4.0.202007081208/tools/bin/../lib/gcc/arm-none-eabi/7.3.1/../../../../arm-none-eabi/lib/thumb/v7-m\libc_nano.a(lib_a-exit.o)
 .ARM.attributes
                0x0000000000000000       0x2d c:/st/stm32cubeide_1.4.0/stm32cubeide/plugins/com.st.stm32cube.ide.mcu.externaltools.gnu-tools-for-stm32.7-2018-q2-update.win32_1.4.0.202007081208/tools/bin/../lib/gcc/arm-none-eabi/7.3.1/../../../../arm-none-eabi/lib/thumb/v7-m\libc_nano.a(lib_a-exit.o)
 .text          0x0000000000000000        0x0 c:/st/stm32cubeide_1.4.0/stm32cubeide/plugins/com.st.stm32cube.ide.mcu.externaltools.gnu-tools-for-stm32.7-2018-q2-update.win32_1.4.0.202007081208/tools/bin/../lib/gcc/arm-none-eabi/7.3.1/../../../../arm-none-eabi/lib/thumb/v7-m\libc_nano.a(lib_a-impure.o)
 .data          0x0000000000000000        0x0 c:/st/stm32cubeide_1.4.0/stm32cubeide/plugins/com.st.stm32cube.ide.mcu.externaltools.gnu-tools-for-stm32.7-2018-q2-update.win32_1.4.0.202007081208/tools/bin/../lib/gcc/arm-none-eabi/7.3.1/../../../../arm-none-eabi/lib/thumb/v7-m\libc_nano.a(lib_a-impure.o)
 .bss           0x0000000000000000        0x0 c:/st/stm32cubeide_1.4.0/stm32cubeide/plugins/com.st.stm32cube.ide.mcu.externaltools.gnu-tools-for-stm32.7-2018-q2-update.win32_1.4.0.202007081208/tools/bin/../lib/gcc/arm-none-eabi/7.3.1/../../../../arm-none-eabi/lib/thumb/v7-m\libc_nano.a(lib_a-impure.o)
 .data._impure_ptr
                0x0000000000000000        0x4 c:/st/stm32cubeide_1.4.0/stm32cubeide/plugins/com.st.stm32cube.ide.mcu.externaltools.gnu-tools-for-stm32.7-2018-q2-update.win32_1.4.0.202007081208/tools/bin/../lib/gcc/arm-none-eabi/7.3.1/../../../../arm-none-eabi/lib/thumb/v7-m\libc_nano.a(lib_a-impure.o)
 .data.impure_data
                0x0000000000000000       0x60 c:/st/stm32cubeide_1.4.0/stm32cubeide/plugins/com.st.stm32cube.ide.mcu.externaltools.gnu-tools-for-stm32.7-2018-q2-update.win32_1.4.0.202007081208/tools/bin/../lib/gcc/arm-none-eabi/7.3.1/../../../../arm-none-eabi/lib/thumb/v7-m\libc_nano.a(lib_a-impure.o)
 .rodata._global_impure_ptr
                0x0000000000000000        0x4 c:/st/stm32cubeide_1.4.0/stm32cubeide/plugins/com.st.stm32cube.ide.mcu.externaltools.gnu-tools-for-stm32.7-2018-q2-update.win32_1.4.0.202007081208/tools/bin/../lib/gcc/arm-none-eabi/7.3.1/../../../../arm-none-eabi/lib/thumb/v7-m\libc_nano.a(lib_a-impure.o)
 .ARM.attributes
                0x0000000000000000       0x2d c:/st/stm32cubeide_1.4.0/stm32cubeide/plugins/com.st.stm32cube.ide.mcu.externaltools.gnu-tools-for-stm32.7-2018-q2-update.win32_1.4.0.202007081208/tools/bin/../lib/gcc/arm-none-eabi/7.3.1/../../../../arm-none-eabi/lib/thumb/v7-m\libc_nano.a(lib_a-impure.o)
 .text          0x0000000000000000        0x0 c:/st/stm32cubeide_1.4.0/stm32cubeide/plugins/com.st.stm32cube.ide.mcu.externaltools.gnu-tools-for-stm32.7-2018-q2-update.win32_1.4.0.202007081208/tools/bin/../lib/gcc/arm-none-eabi/7.3.1/../../../../arm-none-eabi/lib/thumb/v7-m\libc_nano.a(lib_a-init.o)
 .data          0x0000000000000000        0x0 c:/st/stm32cubeide_1.4.0/stm32cubeide/plugins/com.st.stm32cube.ide.mcu.externaltools.gnu-tools-for-stm32.7-2018-q2-update.win32_1.4.0.202007081208/tools/bin/../lib/gcc/arm-none-eabi/7.3.1/../../../../arm-none-eabi/lib/thumb/v7-m\libc_nano.a(lib_a-init.o)
 .bss           0x0000000000000000        0x0 c:/st/stm32cubeide_1.4.0/stm32cubeide/plugins/com.st.stm32cube.ide.mcu.externaltools.gnu-tools-for-stm32.7-2018-q2-update.win32_1.4.0.202007081208/tools/bin/../lib/gcc/arm-none-eabi/7.3.1/../../../../arm-none-eabi/lib/thumb/v7-m\libc_nano.a(lib_a-init.o)
 .text          0x0000000000000000        0x0 c:/st/stm32cubeide_1.4.0/stm32cubeide/plugins/com.st.stm32cube.ide.mcu.externaltools.gnu-tools-for-stm32.7-2018-q2-update.win32_1.4.0.202007081208/tools/bin/../lib/gcc/arm-none-eabi/7.3.1/../../../../arm-none-eabi/lib/thumb/v7-m\libc_nano.a(lib_a-memset.o)
 .data          0x0000000000000000        0x0 c:/st/stm32cubeide_1.4.0/stm32cubeide/plugins/com.st.stm32cube.ide.mcu.externaltools.gnu-tools-for-stm32.7-2018-q2-update.win32_1.4.0.202007081208/tools/bin/../lib/gcc/arm-none-eabi/7.3.1/../../../../arm-none-eabi/lib/thumb/v7-m\libc_nano.a(lib_a-memset.o)
 .bss           0x0000000000000000        0x0 c:/st/stm32cubeide_1.4.0/stm32cubeide/plugins/com.st.stm32cube.ide.mcu.externaltools.gnu-tools-for-stm32.7-2018-q2-update.win32_1.4.0.202007081208/tools/bin/../lib/gcc/arm-none-eabi/7.3.1/../../../../arm-none-eabi/lib/thumb/v7-m\libc_nano.a(lib_a-memset.o)
 .text.memset   0x0000000000000000       0x10 c:/st/stm32cubeide_1.4.0/stm32cubeide/plugins/com.st.stm32cube.ide.mcu.externaltools.gnu-tools-for-stm32.7-2018-q2-update.win32_1.4.0.202007081208/tools/bin/../lib/gcc/arm-none-eabi/7.3.1/../../../../arm-none-eabi/lib/thumb/v7-m\libc_nano.a(lib_a-memset.o)
 .debug_frame   0x0000000000000000       0x20 c:/st/stm32cubeide_1.4.0/stm32cubeide/plugins/com.st.stm32cube.ide.mcu.externaltools.gnu-tools-for-stm32.7-2018-q2-update.win32_1.4.0.202007081208/tools/bin/../lib/gcc/arm-none-eabi/7.3.1/../../../../arm-none-eabi/lib/thumb/v7-m\libc_nano.a(lib_a-memset.o)
 .ARM.attributes
                0x0000000000000000       0x2d c:/st/stm32cubeide_1.4.0/stm32cubeide/plugins/com.st.stm32cube.ide.mcu.externaltools.gnu-tools-for-stm32.7-2018-q2-update.win32_1.4.0.202007081208/tools/bin/../lib/gcc/arm-none-eabi/7.3.1/../../../../arm-none-eabi/lib/thumb/v7-m\libc_nano.a(lib_a-memset.o)
 .text          0x0000000000000000        0x0 c:/st/stm32cubeide_1.4.0/stm32cubeide/plugins/com.st.stm32cube.ide.mcu.externaltools.gnu-tools-for-stm32.7-2018-q2-update.win32_1.4.0.202007081208/tools/bin/../lib/gcc/arm-none-eabi/7.3.1/thumb/v7-m/crtend.o
 .data          0x0000000000000000        0x0 c:/st/stm32cubeide_1.4.0/stm32cubeide/plugins/com.st.stm32cube.ide.mcu.externaltools.gnu-tools-for-stm32.7-2018-q2-update.win32_1.4.0.202007081208/tools/bin/../lib/gcc/arm-none-eabi/7.3.1/thumb/v7-m/crtend.o
 .bss           0x0000000000000000        0x0 c:/st/stm32cubeide_1.4.0/stm32cubeide/plugins/com.st.stm32cube.ide.mcu.externaltools.gnu-tools-for-stm32.7-2018-q2-update.win32_1.4.0.202007081208/tools/bin/../lib/gcc/arm-none-eabi/7.3.1/thumb/v7-m/crtend.o
 .eh_frame      0x0000000000000000        0x4 c:/st/stm32cubeide_1.4.0/stm32cubeide/plugins/com.st.stm32cube.ide.mcu.externaltools.gnu-tools-for-stm32.7-2018-q2-update.win32_1.4.0.202007081208/tools/bin/../lib/gcc/arm-none-eabi/7.3.1/thumb/v7-m/crtend.o
 .ARM.attributes
                0x0000000000000000       0x2d c:/st/stm32cubeide_1.4.0/stm32cubeide/plugins/com.st.stm32cube.ide.mcu.externaltools.gnu-tools-for-stm32.7-2018-q2-update.win32_1.4.0.202007081208/tools/bin/../lib/gcc/arm-none-eabi/7.3.1/thumb/v7-m/crtend.o
 .text          0x0000000000000000        0x0 c:/st/stm32cubeide_1.4.0/stm32cubeide/plugins/com.st.stm32cube.ide.mcu.externaltools.gnu-tools-for-stm32.7-2018-q2-update.win32_1.4.0.202007081208/tools/bin/../lib/gcc/arm-none-eabi/7.3.1/thumb/v7-m/crtn.o
 .data          0x0000000000000000        0x0 c:/st/stm32cubeide_1.4.0/stm32cubeide/plugins/com.st.stm32cube.ide.mcu.externaltools.gnu-tools-for-stm32.7-2018-q2-update.win32_1.4.0.202007081208/tools/bin/../lib/gcc/arm-none-eabi/7.3.1/thumb/v7-m/crtn.o
 .bss           0x0000000000000000        0x0 c:/st/stm32cubeide_1.4.0/stm32cubeide/plugins/com.st.stm32cube.ide.mcu.externaltools.gnu-tools-for-stm32.7-2018-q2-update.win32_1.4.0.202007081208/tools/bin/../lib/gcc/arm-none-eabi/7.3.1/thumb/v7-m/crtn.o

Memory Configuration

Name             Origin             Length             Attributes
RAM              0x0000000020000000 0x0000000000002800 xrw
ROM              0x0000000008000000 0x0000000000008000 xr
*default*        0x0000000000000000 0xffffffffffffffff

Linker script and memory map

LOAD c:/st/stm32cubeide_1.4.0/stm32cubeide/plugins/com.st.stm32cube.ide.mcu.externaltools.gnu-tools-for-stm32.7-2018-q2-update.win32_1.4.0.202007081208/tools/bin/../lib/gcc/arm-none-eabi/7.3.1/thumb/v7-m/crti.o
LOAD c:/st/stm32cubeide_1.4.0/stm32cubeide/plugins/com.st.stm32cube.ide.mcu.externaltools.gnu-tools-for-stm32.7-2018-q2-update.win32_1.4.0.202007081208/tools/bin/../lib/gcc/arm-none-eabi/7.3.1/thumb/v7-m/crtbegin.o
LOAD c:/st/stm32cubeide_1.4.0/stm32cubeide/plugins/com.st.stm32cube.ide.mcu.externaltools.gnu-tools-for-stm32.7-2018-q2-update.win32_1.4.0.202007081208/tools/bin/../lib/gcc/arm-none-eabi/7.3.1/../../../../arm-none-eabi/lib/thumb/v7-m/crt0.o
LOAD HAL/Key_Pad_Driver.o
LOAD HAL/LCD.o
LOAD STM32F103C6_Drivers/GPIO/STM32F103C6_GPIO_Driver.o
LOAD STM32F103C6_Drivers/STM32F103C6_EXTI_Driver.o
LOAD STM32F103C6_Drivers/STM32F103C6_RCC_Driver.o
LOAD STM32F103C6_Drivers/STM32F103C6_USART_Driver.o
LOAD Src/main.o
LOAD Src/syscalls.o
LOAD Src/sysmem.o
LOAD Startup/startup_stm32f103c6tx.o
START GROUP
LOAD c:/st/stm32cubeide_1.4.0/stm32cubeide/plugins/com.st.stm32cube.ide.mcu.externaltools.gnu-tools-for-stm32.7-2018-q2-update.win32_1.4.0.202007081208/tools/bin/../lib/gcc/arm-none-eabi/7.3.1/../../../../arm-none-eabi/lib/thumb/v7-m\libc_nano.a
LOAD c:/st/stm32cubeide_1.4.0/stm32cubeide/plugins/com.st.stm32cube.ide.mcu.externaltools.gnu-tools-for-stm32.7-2018-q2-update.win32_1.4.0.202007081208/tools/bin/../lib/gcc/arm-none-eabi/7.3.1/../../../../arm-none-eabi/lib/thumb/v7-m\libm.a
END GROUP
START GROUP
LOAD c:/st/stm32cubeide_1.4.0/stm32cubeide/plugins/com.st.stm32cube.ide.mcu.externaltools.gnu-tools-for-stm32.7-2018-q2-update.win32_1.4.0.202007081208/tools/bin/../lib/gcc/arm-none-eabi/7.3.1/thumb/v7-m\libgcc.a
LOAD c:/st/stm32cubeide_1.4.0/stm32cubeide/plugins/com.st.stm32cube.ide.mcu.externaltools.gnu-tools-for-stm32.7-2018-q2-update.win32_1.4.0.202007081208/tools/bin/../lib/gcc/arm-none-eabi/7.3.1/../../../../arm-none-eabi/lib/thumb/v7-m\libg_nano.a
LOAD c:/st/stm32cubeide_1.4.0/stm32cubeide/plugins/com.st.stm32cube.ide.mcu.externaltools.gnu-tools-for-stm32.7-2018-q2-update.win32_1.4.0.202007081208/tools/bin/../lib/gcc/arm-none-eabi/7.3.1/../../../../arm-none-eabi/lib/thumb/v7-m\libc_nano.a
END GROUP
START GROUP
LOAD c:/st/stm32cubeide_1.4.0/stm32cubeide/plugins/com.st.stm32cube.ide.mcu.externaltools.gnu-tools-for-stm32.7-2018-q2-update.win32_1.4.0.202007081208/tools/bin/../lib/gcc/arm-none-eabi/7.3.1/thumb/v7-m\libgcc.a
LOAD c:/st/stm32cubeide_1.4.0/stm32cubeide/plugins/com.st.stm32cube.ide.mcu.externaltools.gnu-tools-for-stm32.7-2018-q2-update.win32_1.4.0.202007081208/tools/bin/../lib/gcc/arm-none-eabi/7.3.1/../../../../arm-none-eabi/lib/thumb/v7-m\libc_nano.a
LOAD c:/st/stm32cubeide_1.4.0/stm32cubeide/plugins/com.st.stm32cube.ide.mcu.externaltools.gnu-tools-for-stm32.7-2018-q2-update.win32_1.4.0.202007081208/tools/bin/../lib/gcc/arm-none-eabi/7.3.1/../../../../arm-none-eabi/lib/thumb/v7-m\libnosys.a
END GROUP
START GROUP
LOAD c:/st/stm32cubeide_1.4.0/stm32cubeide/plugins/com.st.stm32cube.ide.mcu.externaltools.gnu-tools-for-stm32.7-2018-q2-update.win32_1.4.0.202007081208/tools/bin/../lib/gcc/arm-none-eabi/7.3.1/thumb/v7-m\libgcc.a
LOAD c:/st/stm32cubeide_1.4.0/stm32cubeide/plugins/com.st.stm32cube.ide.mcu.externaltools.gnu-tools-for-stm32.7-2018-q2-update.win32_1.4.0.202007081208/tools/bin/../lib/gcc/arm-none-eabi/7.3.1/../../../../arm-none-eabi/lib/thumb/v7-m\libc_nano.a
LOAD c:/st/stm32cubeide_1.4.0/stm32cubeide/plugins/com.st.stm32cube.ide.mcu.externaltools.gnu-tools-for-stm32.7-2018-q2-update.win32_1.4.0.202007081208/tools/bin/../lib/gcc/arm-none-eabi/7.3.1/../../../../arm-none-eabi/lib/thumb/v7-m\libnosys.a
END GROUP
LOAD c:/st/stm32cubeide_1.4.0/stm32cubeide/plugins/com.st.stm32cube.ide.mcu.externaltools.gnu-tools-for-stm32.7-2018-q2-update.win32_1.4.0.202007081208/tools/bin/../lib/gcc/arm-none-eabi/7.3.1/thumb/v7-m/crtend.o
LOAD c:/st/stm32cubeide_1.4.0/stm32cubeide/plugins/com.st.stm32cube.ide.mcu.externaltools.gnu-tools-for-stm32.7-2018-q2-update.win32_1.4.0.202007081208/tools/bin/../lib/gcc/arm-none-eabi/7.3.1/thumb/v7-m/crtn.o
                0x0000000020002800                _estack = (ORIGIN (RAM) + LENGTH (RAM))
                0x0000000000000200                _Min_Heap_Size = 0x200
                0x0000000000000400                _Min_Stack_Size = 0x400

.isr_vector     0x0000000008000000      0x130
                0x0000000008000000                . = ALIGN (0x4)
 *(.isr_vector)
 .isr_vector    0x0000000008000000      0x130 Startup/startup_stm32f103c6tx.o
                0x0000000008000000                g_pfnVectors
                0x0000000008000130                . = ALIGN (0x4)

.text           0x0000000008000130      0x9f0
                0x0000000008000130                . = ALIGN (0x4)
 *(.text)
 .text          0x0000000008000130       0x40 c:/st/stm32cubeide_1.4.0/stm32cubeide/plugins/com.st.stm32cube.ide.mcu.externaltools.gnu-tools-for-stm32.7-2018-q2-update.win32_1.4.0.202007081208/tools/bin/../lib/gcc/arm-none-eabi/7.3.1/thumb/v7-m/crtbegin.o
 *(.text*)
 .text.Get_CRLH_Position
                0x0000000008000170       0xca STM32F103C6_Drivers/GPIO/STM32F103C6_GPIO_Driver.o
                0x0000000008000170                Get_CRLH_Position
 .text.MCAL_GPIO_Init
                0x000000000800023a      0x11c STM32F103C6_Drivers/GPIO/STM32F103C6_GPIO_Driver.o
                0x000000000800023a                MCAL_GPIO_Init
 *fill*         0x0000000008000356        0x2 
 .text.EXTI0_IRQHandler
                0x0000000008000358       0x28 STM32F103C6_Drivers/STM32F103C6_EXTI_Driver.o
                0x0000000008000358                EXTI0_IRQHandler
 .text.EXTI1_IRQHandler
                0x0000000008000380       0x28 STM32F103C6_Drivers/STM32F103C6_EXTI_Driver.o
                0x0000000008000380                EXTI1_IRQHandler
 .text.EXTI2_IRQHandler
                0x00000000080003a8       0x28 STM32F103C6_Drivers/STM32F103C6_EXTI_Driver.o
                0x00000000080003a8                EXTI2_IRQHandler
 .text.EXTI3_IRQHandler
                0x00000000080003d0       0x28 STM32F103C6_Drivers/STM32F103C6_EXTI_Driver.o
                0x00000000080003d0                EXTI3_IRQHandler
 .text.EXTI4_IRQHandler
                0x00000000080003f8       0x28 STM32F103C6_Drivers/STM32F103C6_EXTI_Driver.o
                0x00000000080003f8                EXTI4_IRQHandler
 .text.EXTI9_5_IRQHandler
                0x0000000008000420       0xc4 STM32F103C6_Drivers/STM32F103C6_EXTI_Driver.o
                0x0000000008000420                EXTI9_5_IRQHandler
 .text.EXTI15_10_IRQHandler
                0x00000000080004e4       0xe8 STM32F103C6_Drivers/STM32F103C6_EXTI_Driver.o
                0x00000000080004e4                EXTI15_10_IRQHandler
 .text.MCAL_RCC_GetSysClkFreq
                0x00000000080005cc       0x40 STM32F103C6_Drivers/STM32F103C6_RCC_Driver.o
                0x00000000080005cc                MCAL_RCC_GetSysClkFreq
 .text.MCAL_RCC_GetHClkFreq
                0x000000000800060c       0x2c STM32F103C6_Drivers/STM32F103C6_RCC_Driver.o
                0x000000000800060c                MCAL_RCC_GetHClkFreq
 .text.MCAL_RCC_GetPClk1Freq
                0x0000000008000638       0x2c STM32F103C6_Drivers/STM32F103C6_RCC_Driver.o
                0x0000000008000638                MCAL_RCC_GetPClk1Freq
 .text.MCAL_RCC_GetPClk2Freq
                0x0000000008000664       0x2c STM32F103C6_Drivers/STM32F103C6_RCC_Driver.o
                0x0000000008000664                MCAL_RCC_GetPClk2Freq
 .text.MCAL_UART_Init
                0x0000000008000690      0x190 STM32F103C6_Drivers/STM32F103C6_USART_Driver.o
                0x0000000008000690                MCAL_UART_Init
 .text.MCAL_UART_SendData
                0x0000000008000820       0x36 STM32F103C6_Drivers/STM32F103C6_USART_Driver.o
                0x0000000008000820                MCAL_UART_SendData
 *fill*         0x0000000008000856        0x2 
 .text.MCAL_UART_ReceiveData
                0x0000000008000858       0x58 STM32F103C6_Drivers/STM32F103C6_USART_Driver.o
                0x0000000008000858                MCAL_UART_ReceiveData
 .text.MCAL_UART_GPIO_Set_Pins
                0x00000000080008b0       0xd4 STM32F103C6_Drivers/STM32F103C6_USART_Driver.o
                0x00000000080008b0                MCAL_UART_GPIO_Set_Pins
 .text.USART1_IRQHandler
                0x0000000008000984       0x14 STM32F103C6_Drivers/STM32F103C6_USART_Driver.o
                0x0000000008000984                USART1_IRQHandler
 .text.USART2_IRQHandler
                0x0000000008000998       0x14 STM32F103C6_Drivers/STM32F103C6_USART_Driver.o
                0x0000000008000998                USART2_IRQHandler
 .text.USART3_IRQHandler
                0x00000000080009ac       0x14 STM32F103C6_Drivers/STM32F103C6_USART_Driver.o
                0x00000000080009ac                USART3_IRQHandler
 .text.clock_init
                0x00000000080009c0       0x40 Src/main.o
                0x00000000080009c0                clock_init
 .text.Uart_CallBack
                0x0000000008000a00       0x24 Src/main.o
                0x0000000008000a00                Uart_CallBack
 .text.main     0x0000000008000a24       0x48 Src/main.o
                0x0000000008000a24                main
 .text.Reset_Handler
                0x0000000008000a6c       0x50 Startup/startup_stm32f103c6tx.o
                0x0000000008000a6c                Reset_Handler
 .text.Default_Handler
                0x0000000008000abc        0x2 Startup/startup_stm32f103c6tx.o
                0x0000000008000abc                TIM8_TRG_COM_IRQHandler
                0x0000000008000abc                TIM8_CC_IRQHandler
                0x0000000008000abc                DebugMon_Handler
                0x0000000008000abc                TIM1_CC_IRQHandler
                0x0000000008000abc                HardFault_Handler
                0x0000000008000abc                TIM6_IRQHandler
                0x0000000008000abc                SysTick_Handler
                0x0000000008000abc                PVD_IRQHandler
                0x0000000008000abc                SDIO_IRQHandler
                0x0000000008000abc                PendSV_Handler
                0x0000000008000abc                NMI_Handler
                0x0000000008000abc                USB_HP_CAN_TX_IRQHandler
                0x0000000008000abc                I2C2_EV_IRQHandler
                0x0000000008000abc                UsageFault_Handler
                0x0000000008000abc                ADC1_2_IRQHandler
                0x0000000008000abc                SPI1_IRQHandler
                0x0000000008000abc                CAN_SCE_IRQHandler
                0x0000000008000abc                TAMPER_IRQHandler
                0x0000000008000abc                TIM8_UP_IRQHandler
                0x0000000008000abc                DMA2_Channel2_IRQHandler
                0x0000000008000abc                DMA1_Channel4_IRQHandler
                0x0000000008000abc                RTC_IRQHandler
                0x0000000008000abc                DMA1_Channel7_IRQHandler
                0x0000000008000abc                UART5_IRQHandler
                0x0000000008000abc                ADC3_IRQHandler
                0x0000000008000abc                TIM4_IRQHandler
                0x0000000008000abc                CAN_RX1_IRQHandler
                0x0000000008000abc                DMA2_Channel1_IRQHandler
                0x0000000008000abc                I2C1_EV_IRQHandler
                0x0000000008000abc                DMA1_Channel6_IRQHandler
                0x0000000008000abc                UART4_IRQHandler
                0x0000000008000abc                TIM3_IRQHandler
                0x0000000008000abc                RCC_IRQHandler
                0x0000000008000abc                TIM1_TRG_COM_IRQHandler
                0x0000000008000abc                DMA1_Channel1_IRQHandler
                0x0000000008000abc                Default_Handler
                0x0000000008000abc                TIM7_IRQHandler
                0x0000000008000abc                TIM5_IRQHandler
                0x0000000008000abc                SPI2_IRQHandler
                0x0000000008000abc                USB_LP_CAN_RX0_IRQHandler
                0x0000000008000abc                MemManage_Handler
                0x0000000008000abc                SVC_Handler
                0x0000000008000abc                DMA1_Channel5_IRQHandler
                0x0000000008000abc                DMA1_Channel3_IRQHandler
                0x0000000008000abc                FSMC_IRQHandler
                0x0000000008000abc                TIM1_UP_IRQHandler
                0x0000000008000abc                WWDG_IRQHandler
                0x0000000008000abc                TIM2_IRQHandler
                0x0000000008000abc                TIM1_BRK_IRQHandler
                0x0000000008000abc                RTCAlarm_IRQHandler
                0x0000000008000abc                DMA2_Channel4_5_IRQHandler
                0x0000000008000abc                I2C2_ER_IRQHandler
                0x0000000008000abc                DMA1_Channel2_IRQHandler
                0x0000000008000abc                TIM8_BRK_IRQHandler
                0x0000000008000abc                FLASH_IRQHandler
                0x0000000008000abc                BusFault_Handler
                0x0000000008000abc                SPI3_IRQHandler
                0x0000000008000abc                I2C1_ER_IRQHandler
                0x0000000008000abc                DMA2_Channel3_IRQHandler
 *fill*         0x0000000008000abe        0x2 
 .text.__libc_init_array
                0x0000000008000ac0       0x48 c:/st/stm32cubeide_1.4.0/stm32cubeide/plugins/com.st.stm32cube.ide.mcu.externaltools.gnu-tools-for-stm32.7-2018-q2-update.win32_1.4.0.202007081208/tools/bin/../lib/gcc/arm-none-eabi/7.3.1/../../../../arm-none-eabi/lib/thumb/v7-m\libc_nano.a(lib_a-init.o)
                0x0000000008000ac0                __libc_init_array
 *(.glue_7)
 .glue_7        0x0000000008000b08        0x0 linker stubs
 *(.glue_7t)
 .glue_7t       0x0000000008000b08        0x0 linker stubs
 *(.eh_frame)
 .eh_frame      0x0000000008000b08        0x0 c:/st/stm32cubeide_1.4.0/stm32cubeide/plugins/com.st.stm32cube.ide.mcu.externaltools.gnu-tools-for-stm32.7-2018-q2-update.win32_1.4.0.202007081208/tools/bin/../lib/gcc/arm-none-eabi/7.3.1/thumb/v7-m/crtbegin.o
 *(.init)
 .init          0x0000000008000b08        0x4 c:/st/stm32cubeide_1.4.0/stm32cubeide/plugins/com.st.stm32cube.ide.mcu.externaltools.gnu-tools-for-stm32.7-2018-q2-update.win32_1.4.0.202007081208/tools/bin/../lib/gcc/arm-none-eabi/7.3.1/thumb/v7-m/crti.o
                0x0000000008000b08                _init
 .init          0x0000000008000b0c        0x8 c:/st/stm32cubeide_1.4.0/stm32cubeide/plugins/com.st.stm32cube.ide.mcu.externaltools.gnu-tools-for-stm32.7-2018-q2-update.win32_1.4.0.202007081208/tools/bin/../lib/gcc/arm-none-eabi/7.3.1/thumb/v7-m/crtn.o
 *(.fini)
 .fini          0x0000000008000b14        0x4 c:/st/stm32cubeide_1.4.0/stm32cubeide/plugins/com.st.stm32cube.ide.mcu.externaltools.gnu-tools-for-stm32.7-2018-q2-update.win32_1.4.0.202007081208/tools/bin/../lib/gcc/arm-none-eabi/7.3.1/thumb/v7-m/crti.o
                0x0000000008000b14                _fini
 .fini          0x0000000008000b18        0x8 c:/st/stm32cubeide_1.4.0/stm32cubeide/plugins/com.st.stm32cube.ide.mcu.externaltools.gnu-tools-for-stm32.7-2018-q2-update.win32_1.4.0.202007081208/tools/bin/../lib/gcc/arm-none-eabi/7.3.1/thumb/v7-m/crtn.o
                0x0000000008000b20                . = ALIGN (0x4)
                0x0000000008000b20                _etext = .

.vfp11_veneer   0x0000000008000b20        0x0
 .vfp11_veneer  0x0000000008000b20        0x0 linker stubs

.v4_bx          0x0000000008000b20        0x0
 .v4_bx         0x0000000008000b20        0x0 linker stubs

.iplt           0x0000000008000b20        0x0
 .iplt          0x0000000008000b20        0x0 c:/st/stm32cubeide_1.4.0/stm32cubeide/plugins/com.st.stm32cube.ide.mcu.externaltools.gnu-tools-for-stm32.7-2018-q2-update.win32_1.4.0.202007081208/tools/bin/../lib/gcc/arm-none-eabi/7.3.1/thumb/v7-m/crtbegin.o

.rodata         0x0000000008000b20       0x18
                0x0000000008000b20                . = ALIGN (0x4)
 *(.rodata)
 *(.rodata*)
 .rodata.APBPrescTable
                0x0000000008000b20        0x8 STM32F103C6_Drivers/STM32F103C6_RCC_Driver.o
                0x0000000008000b20                APBPrescTable
 .rodata.AHBPrescTable
                0x0000000008000b28       0x10 STM32F103C6_Drivers/STM32F103C6_RCC_Driver.o
                0x0000000008000b28                AHBPrescTable
                0x0000000008000b38                . = ALIGN (0x4)

.rel.dyn        0x0000000008000b38        0x0
 .rel.iplt      0x0000000008000b38        0x0 c:/st/stm32cubeide_1.4.0/stm32cubeide/plugins/com.st.stm32cube.ide.mcu.externaltools.gnu-tools-for-stm32.7-2018-q2-update.win32_1.4.0.202007081208/tools/bin/../lib/gcc/arm-none-eabi/7.3.1/thumb/v7-m/crtbegin.o

.ARM.extab      0x0000000008000b38        0x0
                0x0000000008000b38                . = ALIGN (0x4)
 *(.ARM.extab* .gnu.linkonce.armextab.*)
                0x0000000008000b38                . = ALIGN (0x4)

.ARM            0x0000000008000b38        0x0
                0x0000000008000b38                . = ALIGN (0x4)
                0x0000000008000b38                __exidx_start = .
 *(.ARM.exidx*)
                0x0000000008000b38                __exidx_end = .
                0x0000000008000b38                . = ALIGN (0x4)

.preinit_array  0x0000000008000b38        0x0
                0x0000000008000b38                . = ALIGN (0x4)
                0x0000000008000b38                PROVIDE (__preinit_array_start = .)
 *(.preinit_array*)
                0x0000000008000b38                PROVIDE (__preinit_array_end = .)
                0x0000000008000b38                . = ALIGN (0x4)

.init_array     0x0000000008000b38        0x4
                0x0000000008000b38                . = ALIGN (0x4)
                0x0000000008000b38                PROVIDE (__init_array_start = .)
 *(SORT_BY_NAME(.init_array.*))
 *(.init_array*)
 .init_array    0x0000000008000b38        0x4 c:/st/stm32cubeide_1.4.0/stm32cubeide/plugins/com.st.stm32cube.ide.mcu.externaltools.gnu-tools-for-stm32.7-2018-q2-update.win32_1.4.0.202007081208/tools/bin/../lib/gcc/arm-none-eabi/7.3.1/thumb/v7-m/crtbegin.o
                0x0000000008000b3c                PROVIDE (__init_array_end = .)
                0x0000000008000b3c                . = ALIGN (0x4)

.fini_array     0x0000000008000b3c        0x4
                0x0000000008000b3c                . = ALIGN (0x4)
                [!provide]                        PROVIDE (__fini_array_start = .)
 *(SORT_BY_NAME(.fini_array.*))
 *(.fini_array*)
 .fini_array    0x0000000008000b3c        0x4 c:/st/stm32cubeide_1.4.0/stm32cubeide/plugins/com.st.stm32cube.ide.mcu.externaltools.gnu-tools-for-stm32.7-2018-q2-update.win32_1.4.0.202007081208/tools/bin/../lib/gcc/arm-none-eabi/7.3.1/thumb/v7-m/crtbegin.o
                [!provide]                        PROVIDE (__fini_array_end = .)
                0x0000000008000b40                . = ALIGN (0x4)
                0x0000000008000b40                _sidata = LOADADDR (.data)

.data           0x0000000020000000        0x8 load address 0x0000000008000b40
                0x0000000020000000                . = ALIGN (0x4)
                0x0000000020000000                _sdata = .
 *(.data)
 *(.data*)
 .data.PTR      0x0000000020000000        0x4 STM32F103C6_Drivers/GPIO/STM32F103C6_GPIO_Driver.o
                0x0000000020000000                PTR
 .data.EXTI_PTR
                0x0000000020000004        0x4 STM32F103C6_Drivers/STM32F103C6_EXTI_Driver.o
                0x0000000020000004                EXTI_PTR
                0x0000000020000008                . = ALIGN (0x4)
                0x0000000020000008                _edata = .

.igot.plt       0x0000000020000008        0x0 load address 0x0000000008000b48
 .igot.plt      0x0000000020000008        0x0 c:/st/stm32cubeide_1.4.0/stm32cubeide/plugins/com.st.stm32cube.ide.mcu.externaltools.gnu-tools-for-stm32.7-2018-q2-update.win32_1.4.0.202007081208/tools/bin/../lib/gcc/arm-none-eabi/7.3.1/thumb/v7-m/crtbegin.o
                0x0000000020000008                . = ALIGN (0x4)

.bss            0x0000000020000008       0x60 load address 0x0000000008000b48
                0x0000000020000008                _sbss = .
                0x0000000020000008                __bss_start__ = _sbss
 *(.bss)
 .bss           0x0000000020000008       0x1c c:/st/stm32cubeide_1.4.0/stm32cubeide/plugins/com.st.stm32cube.ide.mcu.externaltools.gnu-tools-for-stm32.7-2018-q2-update.win32_1.4.0.202007081208/tools/bin/../lib/gcc/arm-none-eabi/7.3.1/thumb/v7-m/crtbegin.o
 *(.bss*)
 .bss.Global_UART_Config
                0x0000000020000024        0x4 STM32F103C6_Drivers/STM32F103C6_USART_Driver.o
                0x0000000020000024                Global_UART_Config
 *(COMMON)
 COMMON         0x0000000020000028       0x3c STM32F103C6_Drivers/STM32F103C6_EXTI_Driver.o
                0x0000000020000028                GP_IRQ_CallBack
 COMMON         0x0000000020000064        0x1 Src/main.o
                0x0000000020000064                ch
                0x0000000020000068                . = ALIGN (0x4)
 *fill*         0x0000000020000065        0x3 
                0x0000000020000068                _ebss = .
                0x0000000020000068                __bss_end__ = _ebss

._user_heap_stack
                0x0000000020000068      0x600 load address 0x0000000008000b48
                0x0000000020000068                . = ALIGN (0x8)
                [!provide]                        PROVIDE (end = .)
                0x0000000020000068                PROVIDE (_end = .)
                0x0000000020000268                . = (. + _Min_Heap_Size)
 *fill*         0x0000000020000068      0x200 
                0x0000000020000668                . = (. + _Min_Stack_Size)
 *fill*         0x0000000020000268      0x400 
                0x0000000020000668                . = ALIGN (0x8)

/DISCARD/
 libc.a(*)
 libm.a(*)
 libgcc.a(*)

.ARM.attributes
                0x0000000000000000       0x29
 *(.ARM.attributes)
 .ARM.attributes
                0x0000000000000000       0x1d c:/st/stm32cubeide_1.4.0/stm32cubeide/plugins/com.st.stm32cube.ide.mcu.externaltools.gnu-tools-for-stm32.7-2018-q2-update.win32_1.4.0.202007081208/tools/bin/../lib/gcc/arm-none-eabi/7.3.1/thumb/v7-m/crti.o
 .ARM.attributes
                0x000000000000001d       0x2d c:/st/stm32cubeide_1.4.0/stm32cubeide/plugins/com.st.stm32cube.ide.mcu.externaltools.gnu-tools-for-stm32.7-2018-q2-update.win32_1.4.0.202007081208/tools/bin/../lib/gcc/arm-none-eabi/7.3.1/thumb/v7-m/crtbegin.o
 .ARM.attributes
                0x000000000000004a       0x33 STM32F103C6_Drivers/GPIO/STM32F103C6_GPIO_Driver.o
 .ARM.attributes
                0x000000000000007d       0x33 STM32F103C6_Drivers/STM32F103C6_EXTI_Driver.o
 .ARM.attributes
                0x00000000000000b0       0x33 STM32F103C6_Drivers/STM32F103C6_RCC_Driver.o
 .ARM.attributes
                0x00000000000000e3       0x33 STM32F103C6_Drivers/STM32F103C6_USART_Driver.o
 .ARM.attributes
                0x0000000000000116       0x33 Src/main.o
 .ARM.attributes
                0x0000000000000149       0x21 Startup/startup_stm32f103c6tx.o
 .ARM.attributes
                0x000000000000016a       0x2d c:/st/stm32cubeide_1.4.0/stm32cubeide/plugins/com.st.stm32cube.ide.mcu.externaltools.gnu-tools-for-stm32.7-2018-q2-update.win32_1.4.0.202007081208/tools/bin/../lib/gcc/arm-none-eabi/7.3.1/../../../../arm-none-eabi/lib/thumb/v7-m\libc_nano.a(lib_a-init.o)
 .ARM.attributes
                0x0000000000000197       0x1d c:/st/stm32cubeide_1.4.0/stm32cubeide/plugins/com.st.stm32cube.ide.mcu.externaltools.gnu-tools-for-stm32.7-2018-q2-update.win32_1.4.0.202007081208/tools/bin/../lib/gcc/arm-none-eabi/7.3.1/thumb/v7-m/crtn.o
OUTPUT(Drivers5.elf elf32-littlearm)

.debug_info     0x0000000000000000     0x424a
 .debug_info    0x0000000000000000      0xd91 STM32F103C6_Drivers/GPIO/STM32F103C6_GPIO_Driver.o
 .debug_info    0x0000000000000d91      0xeb6 STM32F103C6_Drivers/STM32F103C6_EXTI_Driver.o
 .debug_info    0x0000000000001c47      0xb39 STM32F103C6_Drivers/STM32F103C6_RCC_Driver.o
 .debug_info    0x0000000000002780      0xe2b STM32F103C6_Drivers/STM32F103C6_USART_Driver.o
 .debug_info    0x00000000000035ab      0xc7d Src/main.o
 .debug_info    0x0000000000004228       0x22 Startup/startup_stm32f103c6tx.o

.debug_abbrev   0x0000000000000000      0xa16
 .debug_abbrev  0x0000000000000000      0x1fc STM32F103C6_Drivers/GPIO/STM32F103C6_GPIO_Driver.o
 .debug_abbrev  0x00000000000001fc      0x239 STM32F103C6_Drivers/STM32F103C6_EXTI_Driver.o
 .debug_abbrev  0x0000000000000435      0x1ac STM32F103C6_Drivers/STM32F103C6_RCC_Driver.o
 .debug_abbrev  0x00000000000005e1      0x225 STM32F103C6_Drivers/STM32F103C6_USART_Driver.o
 .debug_abbrev  0x0000000000000806      0x1fe Src/main.o
 .debug_abbrev  0x0000000000000a04       0x12 Startup/startup_stm32f103c6tx.o

.debug_loc      0x0000000000000000      0xa54
 .debug_loc     0x0000000000000000      0x330 STM32F103C6_Drivers/GPIO/STM32F103C6_GPIO_Driver.o
 .debug_loc     0x0000000000000330      0x320 STM32F103C6_Drivers/STM32F103C6_EXTI_Driver.o
 .debug_loc     0x0000000000000650       0xc8 STM32F103C6_Drivers/STM32F103C6_RCC_Driver.o
 .debug_loc     0x0000000000000718      0x294 STM32F103C6_Drivers/STM32F103C6_USART_Driver.o
 .debug_loc     0x00000000000009ac       0xa8 Src/main.o

.debug_aranges  0x0000000000000000      0x1d0
 .debug_aranges
                0x0000000000000000       0x60 STM32F103C6_Drivers/GPIO/STM32F103C6_GPIO_Driver.o
 .debug_aranges
                0x0000000000000060       0x80 STM32F103C6_Drivers/STM32F103C6_EXTI_Driver.o
 .debug_aranges
                0x00000000000000e0       0x38 STM32F103C6_Drivers/STM32F103C6_RCC_Driver.o
 .debug_aranges
                0x0000000000000118       0x60 STM32F103C6_Drivers/STM32F103C6_USART_Driver.o
 .debug_aranges
                0x0000000000000178       0x30 Src/main.o
 .debug_aranges
                0x00000000000001a8       0x28 Startup/startup_stm32f103c6tx.o

.debug_ranges   0x0000000000000000      0x178
 .debug_ranges  0x0000000000000000       0x50 STM32F103C6_Drivers/GPIO/STM32F103C6_GPIO_Driver.o
 .debug_ranges  0x0000000000000050       0x70 STM32F103C6_Drivers/STM32F103C6_EXTI_Driver.o
 .debug_ranges  0x00000000000000c0       0x28 STM32F103C6_Drivers/STM32F103C6_RCC_Driver.o
 .debug_ranges  0x00000000000000e8       0x50 STM32F103C6_Drivers/STM32F103C6_USART_Driver.o
 .debug_ranges  0x0000000000000138       0x20 Src/main.o
 .debug_ranges  0x0000000000000158       0x20 Startup/startup_stm32f103c6tx.o

.debug_macro    0x0000000000000000      0xacc
 .debug_macro   0x0000000000000000      0x13f STM32F103C6_Drivers/GPIO/STM32F103C6_GPIO_Driver.o
 .debug_macro   0x000000000000013f      0x15c STM32F103C6_Drivers/STM32F103C6_EXTI_Driver.o
 .debug_macro   0x000000000000029b      0x220 STM32F103C6_Drivers/STM32F103C6_EXTI_Driver.o
 .debug_macro   0x00000000000004bb      0x14e STM32F103C6_Drivers/STM32F103C6_RCC_Driver.o
 .debug_macro   0x0000000000000609       0x10 STM32F103C6_Drivers/STM32F103C6_RCC_Driver.o
 .debug_macro   0x0000000000000619      0x161 STM32F103C6_Drivers/STM32F103C6_USART_Driver.o
 .debug_macro   0x000000000000077a       0xe2 STM32F103C6_Drivers/STM32F103C6_USART_Driver.o
 .debug_macro   0x000000000000085c      0x180 Src/main.o
 .debug_macro   0x00000000000009dc       0x9a Src/main.o
 .debug_macro   0x0000000000000a76       0x40 Src/main.o
 .debug_macro   0x0000000000000ab6       0x16 Src/main.o

.debug_line     0x0000000000000000     0x2105
 .debug_line    0x0000000000000000      0x68d STM32F103C6_Drivers/GPIO/STM32F103C6_GPIO_Driver.o
 .debug_line    0x000000000000068d      0x741 STM32F103C6_Drivers/STM32F103C6_EXTI_Driver.o
 .debug_line    0x0000000000000dce      0x5c4 STM32F103C6_Drivers/STM32F103C6_RCC_Driver.o
 .debug_line    0x0000000000001392      0x6b3 STM32F103C6_Drivers/STM32F103C6_USART_Driver.o
 .debug_line    0x0000000000001a45      0x63c Src/main.o
 .debug_line    0x0000000000002081       0x84 Startup/startup_stm32f103c6tx.o

.debug_str      0x0000000000000000     0x9fe9
 .debug_str     0x0000000000000000     0x7e12 STM32F103C6_Drivers/GPIO/STM32F103C6_GPIO_Driver.o
                                       0x8084 (size before relaxing)
 .debug_str     0x0000000000007e12     0x1553 STM32F103C6_Drivers/STM32F103C6_EXTI_Driver.o
                                       0x94b7 (size before relaxing)
 .debug_str     0x0000000000009365       0xfb STM32F103C6_Drivers/STM32F103C6_RCC_Driver.o
                                       0x7feb (size before relaxing)
 .debug_str     0x0000000000009460      0x80a STM32F103C6_Drivers/STM32F103C6_USART_Driver.o
                                       0x87da (size before relaxing)
 .debug_str     0x0000000000009c6a      0x34e Src/main.o
                                       0x9c7b (size before relaxing)
 .debug_str     0x0000000000009fb8       0x31 Startup/startup_stm32f103c6tx.o
                                         0x70 (size before relaxing)

.comment        0x0000000000000000       0x7b
 .comment       0x0000000000000000       0x7b STM32F103C6_Drivers/GPIO/STM32F103C6_GPIO_Driver.o
                                         0x7c (size before relaxing)
 .comment       0x000000000000007b       0x7c STM32F103C6_Drivers/STM32F103C6_EXTI_Driver.o
 .comment       0x000000000000007b       0x7c STM32F103C6_Drivers/STM32F103C6_RCC_Driver.o
 .comment       0x000000000000007b       0x7c STM32F103C6_Drivers/STM32F103C6_USART_Driver.o
 .comment       0x000000000000007b       0x7c Src/main.o

.debug_frame    0x0000000000000000      0x590
 .debug_frame   0x0000000000000000      0x178 STM32F103C6_Drivers/GPIO/STM32F103C6_GPIO_Driver.o
 .debug_frame   0x0000000000000178      0x1b0 STM32F103C6_Drivers/STM32F103C6_EXTI_Driver.o
 .debug_frame   0x0000000000000328       0x84 STM32F103C6_Drivers/STM32F103C6_RCC_Driver.o
 .debug_frame   0x00000000000003ac      0x14c STM32F103C6_Drivers/STM32F103C6_USART_Driver.o
 .debug_frame   0x00000000000004f8       0x6c Src/main.o
 .debug_frame   0x0000000000000564       0x2c c:/st/stm32cubeide_1.4.0/stm32cubeide/plugins/com.st.stm32cube.ide.mcu.externaltools.gnu-tools-for-stm32.7-2018-q2-update.win32_1.4.0.202007081208/tools/bin/../lib/gcc/arm-none-eabi/7.3.1/../../../../arm-none-eabi/lib/thumb/v7-m\libc_nano.a(lib_a-init.o)
