
Memory Configuration

Name             Origin             Length             Attributes
flash            0x00000000         0x20000000         xr
sram             0x20000000         0x20000000         xrw
*default*        0x00000000         0xffffffff

Linker script and memory map


.text           0x00000000      0x120
 *(.vectors*)
 .vectors       0x00000000       0x10 startup.o
                0x00000000                _g_p_fn_vectors
 *(.text*)
 .text          0x00000010       0x8c startup.o
                0x00000010                Default_Handler
                0x00000010                Hard_Fault
                0x00000010                NMI
                0x0000001c                Reset_Handler
 .text          0x0000009c       0x84 main.o
                0x0000009c                main
                0x00000120                E_text = .

.glue_7         0x00000120        0x0
 .glue_7        0x00000120        0x0 linker stubs

.glue_7t        0x00000120        0x0
 .glue_7t       0x00000120        0x0 linker stubs

.vfp11_veneer   0x00000120        0x0
 .vfp11_veneer  0x00000120        0x0 linker stubs

.v4_bx          0x00000120        0x0
 .v4_bx         0x00000120        0x0 linker stubs

.iplt           0x00000120        0x0
 .iplt          0x00000120        0x0 startup.o

.rel.dyn        0x00000120        0x0
 .rel.iplt      0x00000120        0x0 startup.o

.data           0x20000000        0x0 load address 0x00000120
                0x20000000                S_data = .
 *(.data)
 .data          0x20000000        0x0 startup.o
 .data          0x20000000        0x0 main.o
                0x20000000                . = ALIGN (0x4)
                0x20000000                E_data = .

.igot.plt       0x20000000        0x0 load address 0x00000120
 .igot.plt      0x20000000        0x0 startup.o

.bss            0x20000000     0x1400 load address 0x00000120
                0x20000000                S_bss = .
 *(.bss*)
 .bss           0x20000000      0x400 startup.o
 .bss           0x20000400        0x0 main.o
                0x20000400                E_bss = .
                0x20000400                . = ALIGN (0x4)
                0x20001400                . = (. + 0x1000)
 *fill*         0x20000400     0x1000 
                0x20001400                stack_top = .
LOAD startup.o
LOAD main.o
OUTPUT(Learn-in-depth-Cortex-m4.elf elf32-littlearm)

.debug_info     0x00000000      0x1fe
 .debug_info    0x00000000      0x198 startup.o
 .debug_info    0x00000198       0x66 main.o

.debug_abbrev   0x00000000      0x133
 .debug_abbrev  0x00000000       0xd7 startup.o
 .debug_abbrev  0x000000d7       0x5c main.o

.debug_loc      0x00000000       0xb4
 .debug_loc     0x00000000       0x7c startup.o
 .debug_loc     0x0000007c       0x38 main.o

.debug_aranges  0x00000000       0x40
 .debug_aranges
                0x00000000       0x20 startup.o
 .debug_aranges
                0x00000020       0x20 main.o

.debug_line     0x00000000      0x132
 .debug_line    0x00000000       0xcf startup.o
 .debug_line    0x000000cf       0x63 main.o

.debug_str      0x00000000      0x1b3
 .debug_str     0x00000000      0x171 startup.o
                                0x1ae (size before relaxing)
 .debug_str     0x00000171       0x42 main.o
                                 0xc2 (size before relaxing)

.comment        0x00000000       0x7e
 .comment       0x00000000       0x7e startup.o
                                 0x7f (size before relaxing)
 .comment       0x0000007e       0x7f main.o

.ARM.attributes
                0x00000000       0x33
 .ARM.attributes
                0x00000000       0x33 startup.o
 .ARM.attributes
                0x00000033       0x33 main.o

.debug_frame    0x00000000       0x7c
 .debug_frame   0x00000000       0x50 startup.o
 .debug_frame   0x00000050       0x2c main.o
