../Core/Src/main.c:62:6:HAL_CAN_TxMailbox0CompleteCallback	16	static
../Core/Src/main.c:66:6:HAL_CAN_RxFifo0MsgPendingCallback	16	static
../Core/Src/main.c:72:6:HAL_CAN_ErrorCallback	16	static
../Core/Src/main.c:80:6:Can_Tx	56	static
../Core/Src/main.c:114:6:CAN_RX_Filter_Init	56	static
../Core/Src/main.c:139:6:CAN_RX	56	static
../Core/Src/main.c:161:5:main	8	static
../Core/Src/main.c:219:6:SystemClock_Config	72	static
../Core/Src/main.c:256:13:MX_CAN_Init	8	static
../Core/Src/main.c:293:13:MX_GPIO_Init	16	static
../Core/Src/main.c:309:6:Error_Handler	4	static,ignoring_inline_asm
