02:54:00 **** Build of configuration Debug for project First_Project ****
make -j8 all 
arm-none-eabi-gcc -mcpu=cortex-m3 -g3 -c -x assembler-with-cpp -MMD -MP -MF"Startup/startup_stm32f103c6tx.d" -MT"Startup/startup_stm32f103c6tx.o" --specs=nano.specs -mfloat-abi=soft -mthumb -o "Startup/startup_stm32f103c6tx.o" "../Startup/startup_stm32f103c6tx.s"
arm-none-eabi-gcc "../Src/main.c" -mcpu=cortex-m3 -std=gnu11 -g3 -DSTM32 -DSTM32F1 -DSTM32F103C6Tx -DDEBUG -c -I../Inc -O0 -ffunction-sections -fdata-sections -Wall -fstack-usage -MMD -MP -MF"Src/main.d" -MT"Src/main.o" --specs=nano.specs -mfloat-abi=soft -mthumb -o "Src/main.o"
arm-none-eabi-gcc "../Src/syscalls.c" -mcpu=cortex-m3 -std=gnu11 -g3 -DSTM32 -DSTM32F1 -DSTM32F103C6Tx -DDEBUG -c -I../Inc -O0 -ffunction-sections -fdata-sections -Wall -fstack-usage -MMD -MP -MF"Src/syscalls.d" -MT"Src/syscalls.o" --specs=nano.specs -mfloat-abi=soft -mthumb -o "Src/syscalls.o"
arm-none-eabi-gcc "../Src/sysmem.c" -mcpu=cortex-m3 -std=gnu11 -g3 -DSTM32 -DSTM32F1 -DSTM32F103C6Tx -DDEBUG -c -I../Inc -O0 -ffunction-sections -fdata-sections -Wall -fstack-usage -MMD -MP -MF"Src/sysmem.d" -MT"Src/sysmem.o" --specs=nano.specs -mfloat-abi=soft -mthumb -o "Src/sysmem.o"
../Src/main.c: In function 'main':
../Src/main.c:25:46: error: 'GPIO_CRH' undeclared (first use in this function)
 #define GPIO_CRH      *(volatile uint32_t *)(GPIO_CRH+0x04)
                                              ^
../Src/main.c:30:2: note: in expansion of macro 'GPIO_CRH'
  GPIO_CRH    &= 0xfff0ffff;
  ^~~~~~~~
../Src/main.c:25:46: note: each undeclared identifier is reported only once for each function it appears in
 #define GPIO_CRH      *(volatile uint32_t *)(GPIO_CRH+0x04)
                                              ^
../Src/main.c:30:2: note: in expansion of macro 'GPIO_CRH'
  GPIO_CRH    &= 0xfff0ffff;
  ^~~~~~~~
../Src/main.c:26:46: error: 'GPIO_ODR' undeclared (first use in this function); did you mean 'GPIO_CRH'?
 #define GPIO_ODR      *(volatile uint32_t *)(GPIO_ODR+0x0C)
                                              ^
../Src/main.c:34:3: note: in expansion of macro 'GPIO_ODR'
   GPIO_ODR |= (1<<13);
   ^~~~~~~~
make: *** [Src/subdir.mk:24: Src/main.o] Error 1
make: *** Waiting for unfinished jobs....
"make -j8 all" terminated with exit code 2. Build might be incomplete.
02:55:40 **** Incremental Build of configuration Debug for project First_Project ****
make -j8 all 
arm-none-eabi-gcc "../Src/main.c" -mcpu=cortex-m3 -std=gnu11 -g3 -DSTM32 -DSTM32F1 -DSTM32F103C6Tx -DDEBUG -c -I../Inc -O0 -ffunction-sections -fdata-sections -Wall -fstack-usage -MMD -MP -MF"Src/main.d" -MT"Src/main.o" --specs=nano.specs -mfloat-abi=soft -mthumb -o "Src/main.o"
../Src/main.c:21:10: fatal error: stdint: No such file or directory
 #include <stdint>
          ^~~~~~~~
compilation terminated.
make: *** [Src/subdir.mk:24: Src/main.o] Error 1
"make -j8 all" terminated with exit code 2. Build might be incomplete.
02:56:00 **** Incremental Build of configuration Debug for project First_Project ****
make -j8 all 
arm-none-eabi-gcc "../Src/main.c" -mcpu=cortex-m3 -std=gnu11 -g3 -DSTM32 -DSTM32F1 -DSTM32F103C6Tx -DDEBUG -c -I../Inc -O0 -ffunction-sections -fdata-sections -Wall -fstack-usage -MMD -MP -MF"Src/main.d" -MT"Src/main.o" --specs=nano.specs -mfloat-abi=soft -mthumb -o "Src/main.o"
../Src/main.c: In function 'main':
../Src/main.c:26:46: error: 'GPIO_CRH' undeclared (first use in this function)
 #define GPIO_CRH      *(volatile uint32_t *)(GPIO_CRH+0x04)
                                              ^
../Src/main.c:31:2: note: in expansion of macro 'GPIO_CRH'
  GPIO_CRH    &= 0xfff0ffff;
  ^~~~~~~~
../Src/main.c:26:46: note: each undeclared identifier is reported only once for each function it appears in
 #define GPIO_CRH      *(volatile uint32_t *)(GPIO_CRH+0x04)
                                              ^
../Src/main.c:31:2: note: in expansion of macro 'GPIO_CRH'
  GPIO_CRH    &= 0xfff0ffff;
  ^~~~~~~~
../Src/main.c:27:46: error: 'GPIO_ODR' undeclared (first use in this function); did you mean 'GPIO_CRH'?
 #define GPIO_ODR      *(volatile uint32_t *)(GPIO_ODR+0x0C)
                                              ^
../Src/main.c:35:3: note: in expansion of macro 'GPIO_ODR'
   GPIO_ODR |= (1<<13);
   ^~~~~~~~
make: *** [Src/subdir.mk:24: Src/main.o] Error 1
"make -j8 all" terminated with exit code 2. Build might be incomplete.
02:56:31 **** Incremental Build of configuration Debug for project First_Project ****
make -j8 all 
arm-none-eabi-gcc "../Src/main.c" -mcpu=cortex-m3 -std=gnu11 -g3 -DSTM32 -DSTM32F1 -DSTM32F103C6Tx -DDEBUG -c -I../Inc -O0 -ffunction-sections -fdata-sections -Wall -fstack-usage -MMD -MP -MF"Src/main.d" -MT"Src/main.o" --specs=nano.specs -mfloat-abi=soft -mthumb -o "Src/main.o"
../Src/main.c: In function 'main':
../Src/main.c:25:46: error: 'GPIO_CRH' undeclared (first use in this function)
 #define GPIO_CRH      *(volatile uint32_t *)(GPIO_CRH+0x04)
                                              ^
../Src/main.c:30:2: note: in expansion of macro 'GPIO_CRH'
  GPIO_CRH    &= 0xfff0ffff;
  ^~~~~~~~
../Src/main.c:25:46: note: each undeclared identifier is reported only once for each function it appears in
 #define GPIO_CRH      *(volatile uint32_t *)(GPIO_CRH+0x04)
                                              ^
../Src/main.c:30:2: note: in expansion of macro 'GPIO_CRH'
  GPIO_CRH    &= 0xfff0ffff;
  ^~~~~~~~
../Src/main.c:26:46: error: 'GPIO_ODR' undeclared (first use in this function); did you mean 'GPIO_CRH'?
 #define GPIO_ODR      *(volatile uint32_t *)(GPIO_ODR+0x0C)
                                              ^
../Src/main.c:34:3: note: in expansion of macro 'GPIO_ODR'
   GPIO_ODR |= (1<<13);
   ^~~~~~~~
make: *** [Src/subdir.mk:24: Src/main.o] Error 1
"make -j8 all" terminated with exit code 2. Build might be incomplete.
02:57:45 **** Incremental Build of configuration Debug for project First_Project ****
make -j8 all 
arm-none-eabi-gcc "../Src/main.c" -mcpu=cortex-m3 -std=gnu11 -g3 -DSTM32 -DSTM32F1 -DSTM32F103C6Tx -DDEBUG -c -I../Inc -O0 -ffunction-sections -fdata-sections -Wall -fstack-usage -MMD -MP -MF"Src/main.d" -MT"Src/main.o" --specs=nano.specs -mfloat-abi=soft -mthumb -o "Src/main.o"
../Src/main.c: In function 'main':
../Src/main.c:30:2: error: 'GPIO_CRH' undeclared (first use in this function); did you mean 'GPIOA_CRH'?
  GPIO_CRH    &= 0xfff0ffff;
  ^~~~~~~~
  GPIOA_CRH
../Src/main.c:30:2: note: each undeclared identifier is reported only once for each function it appears in
../Src/main.c:34:3: error: 'GPIO_ODR' undeclared (first use in this function); did you mean 'GPIOA_ODR'?
   GPIO_ODR |= (1<<13);
   ^~~~~~~~
   GPIOA_ODR
make: *** [Src/subdir.mk:24: Src/main.o] Error 1
"make -j8 all" terminated with exit code 2. Build might be incomplete.
02:57:53 **** Incremental Build of configuration Debug for project First_Project ****
make -j8 all 
arm-none-eabi-gcc "../Src/main.c" -mcpu=cortex-m3 -std=gnu11 -g3 -DSTM32 -DSTM32F1 -DSTM32F103C6Tx -DDEBUG -c -I../Inc -O0 -ffunction-sections -fdata-sections -Wall -fstack-usage -MMD -MP -MF"Src/main.d" -MT"Src/main.o" --specs=nano.specs -mfloat-abi=soft -mthumb -o "Src/main.o"
../Src/main.c: In function 'main':
../Src/main.c:25:47: error: 'GPIO_CRH' undeclared (first use in this function); did you mean 'GPIOA_CRH'?
 #define GPIOA_CRH      *(volatile uint32_t *)(GPIO_CRH+0x04)
                                               ^
../Src/main.c:30:2: note: in expansion of macro 'GPIOA_CRH'
  GPIOA_CRH    &= 0xfff0ffff;
  ^~~~~~~~~
../Src/main.c:25:47: note: each undeclared identifier is reported only once for each function it appears in
 #define GPIOA_CRH      *(volatile uint32_t *)(GPIO_CRH+0x04)
                                               ^
../Src/main.c:30:2: note: in expansion of macro 'GPIOA_CRH'
  GPIOA_CRH    &= 0xfff0ffff;
  ^~~~~~~~~
../Src/main.c:34:3: error: 'GPIO_ODR' undeclared (first use in this function); did you mean 'GPIOA_ODR'?
   GPIO_ODR |= (1<<13);
   ^~~~~~~~
   GPIOA_ODR
make: *** [Src/subdir.mk:24: Src/main.o] Error 1
"make -j8 all" terminated with exit code 2. Build might be incomplete.
02:57:58 **** Incremental Build of configuration Debug for project First_Project ****
make -j8 all 
arm-none-eabi-gcc "../Src/main.c" -mcpu=cortex-m3 -std=gnu11 -g3 -DSTM32 -DSTM32F1 -DSTM32F103C6Tx -DDEBUG -c -I../Inc -O0 -ffunction-sections -fdata-sections -Wall -fstack-usage -MMD -MP -MF"Src/main.d" -MT"Src/main.o" --specs=nano.specs -mfloat-abi=soft -mthumb -o "Src/main.o"
../Src/main.c: In function 'main':
../Src/main.c:25:47: error: 'GPIO_CRH' undeclared (first use in this function); did you mean 'GPIOA_CRH'?
 #define GPIOA_CRH      *(volatile uint32_t *)(GPIO_CRH+0x04)
                                               ^
../Src/main.c:30:2: note: in expansion of macro 'GPIOA_CRH'
  GPIOA_CRH    &= 0xfff0ffff;
  ^~~~~~~~~
../Src/main.c:25:47: note: each undeclared identifier is reported only once for each function it appears in
 #define GPIOA_CRH      *(volatile uint32_t *)(GPIO_CRH+0x04)
                                               ^
../Src/main.c:30:2: note: in expansion of macro 'GPIOA_CRH'
  GPIOA_CRH    &= 0xfff0ffff;
  ^~~~~~~~~
../Src/main.c:34:3: error: 'GPIO_ODR' undeclared (first use in this function); did you mean 'GPIOA_ODR'?
   GPIO_ODR |= (1<<13);
   ^~~~~~~~
   GPIOA_ODR
make: *** [Src/subdir.mk:24: Src/main.o] Error 1
"make -j8 all" terminated with exit code 2. Build might be incomplete.
02:58:15 **** Incremental Build of configuration Debug for project First_Project ****
make -j8 all 
arm-none-eabi-gcc "../Src/main.c" -mcpu=cortex-m3 -std=gnu11 -g3 -DSTM32 -DSTM32F1 -DSTM32F103C6Tx -DDEBUG -c -I../Inc -O0 -ffunction-sections -fdata-sections -Wall -fstack-usage -MMD -MP -MF"Src/main.d" -MT"Src/main.o" --specs=nano.specs -mfloat-abi=soft -mthumb -o "Src/main.o"
../Src/main.c: In function 'main':
../Src/main.c:25:47: error: 'GPIO_CRH' undeclared (first use in this function); did you mean 'GPIOA_CRH'?
 #define GPIOA_CRH      *(volatile uint32_t *)(GPIO_CRH+0x04)
                                               ^
../Src/main.c:30:2: note: in expansion of macro 'GPIOA_CRH'
  GPIOA_CRH    &= 0xfff0ffff;
  ^~~~~~~~~
../Src/main.c:25:47: note: each undeclared identifier is reported only once for each function it appears in
 #define GPIOA_CRH      *(volatile uint32_t *)(GPIO_CRH+0x04)
                                               ^
../Src/main.c:30:2: note: in expansion of macro 'GPIOA_CRH'
  GPIOA_CRH    &= 0xfff0ffff;
  ^~~~~~~~~
../Src/main.c:26:47: error: 'GPIO_ODR' undeclared (first use in this function); did you mean 'GPIOA_ODR'?
 #define GPIOA_ODR      *(volatile uint32_t *)(GPIO_ODR+0x0C)
                                               ^
../Src/main.c:34:3: note: in expansion of macro 'GPIOA_ODR'
   GPIOA_ODR |= (1<<13);
   ^~~~~~~~~
make: *** [Src/subdir.mk:24: Src/main.o] Error 1
"make -j8 all" terminated with exit code 2. Build might be incomplete.
02:59:48 **** Incremental Build of configuration Debug for project First_Project ****
make -j8 all 
arm-none-eabi-gcc "../Src/main.c" -mcpu=cortex-m3 -std=gnu11 -g3 -DSTM32 -DSTM32F1 -DSTM32F103C6Tx -DDEBUG -c -I../Inc -O0 -ffunction-sections -fdata-sections -Wall -fstack-usage -MMD -MP -MF"Src/main.d" -MT"Src/main.o" --specs=nano.specs -mfloat-abi=soft -mthumb -o "Src/main.o"
../Src/main.c: In function 'main':
../Src/main.c:25:47: error: 'PORTA_BASE' undeclared (first use in this function); did you mean 'PortA_BASE'?
 #define GPIOA_CRH      *(volatile uint32_t *)(PORTA_BASE+0x04)
                                               ^
../Src/main.c:30:2: note: in expansion of macro 'GPIOA_CRH'
  GPIOA_CRH    &= 0xfff0ffff;
  ^~~~~~~~~
../Src/main.c:25:47: note: each undeclared identifier is reported only once for each function it appears in
 #define GPIOA_CRH      *(volatile uint32_t *)(PORTA_BASE+0x04)
                                               ^
../Src/main.c:30:2: note: in expansion of macro 'GPIOA_CRH'
  GPIOA_CRH    &= 0xfff0ffff;
  ^~~~~~~~~
../Src/main.c:36:3: error: 'GPIO_ODR' undeclared (first use in this function); did you mean 'GPIOA_ODR'?
   GPIO_ODR &= ~(1<<13);
   ^~~~~~~~
   GPIOA_ODR
make: *** [Src/subdir.mk:24: Src/main.o] Error 1
"make -j8 all" terminated with exit code 2. Build might be incomplete.
02:59:56 **** Incremental Build of configuration Debug for project First_Project ****
make -j8 all 
arm-none-eabi-gcc "../Src/main.c" -mcpu=cortex-m3 -std=gnu11 -g3 -DSTM32 -DSTM32F1 -DSTM32F103C6Tx -DDEBUG -c -I../Inc -O0 -ffunction-sections -fdata-sections -Wall -fstack-usage -MMD -MP -MF"Src/main.d" -MT"Src/main.o" --specs=nano.specs -mfloat-abi=soft -mthumb -o "Src/main.o"
../Src/main.c: In function 'main':
../Src/main.c:25:47: error: 'PORTA_BASE' undeclared (first use in this function); did you mean 'PortA_BASE'?
 #define GPIOA_CRH      *(volatile uint32_t *)(PORTA_BASE+0x04)
                                               ^
../Src/main.c:30:2: note: in expansion of macro 'GPIOA_CRH'
  GPIOA_CRH    &= 0xfff0ffff;
  ^~~~~~~~~
../Src/main.c:25:47: note: each undeclared identifier is reported only once for each function it appears in
 #define GPIOA_CRH      *(volatile uint32_t *)(PORTA_BASE+0x04)
                                               ^
../Src/main.c:30:2: note: in expansion of macro 'GPIOA_CRH'
  GPIOA_CRH    &= 0xfff0ffff;
  ^~~~~~~~~
make: *** [Src/subdir.mk:24: Src/main.o] Error 1
"make -j8 all" terminated with exit code 2. Build might be incomplete.
03:00:12 **** Incremental Build of configuration Debug for project First_Project ****
make -j8 all 
arm-none-eabi-gcc "../Src/main.c" -mcpu=cortex-m3 -std=gnu11 -g3 -DSTM32 -DSTM32F1 -DSTM32F103C6Tx -DDEBUG -c -I../Inc -O0 -ffunction-sections -fdata-sections -Wall -fstack-usage -MMD -MP -MF"Src/main.d" -MT"Src/main.o" --specs=nano.specs -mfloat-abi=soft -mthumb -o "Src/main.o"
arm-none-eabi-gcc -o "First_Project.elf" @"objects.list"   -mcpu=cortex-m3 -T"C:\Users\Fam Ayman\STM32CubeIDE\workspace_1.4.0\First_Project\STM32F103C6TX_FLASH.ld" --specs=nosys.specs -Wl,-Map="First_Project.map" -Wl,--gc-sections -static --specs=nano.specs -mfloat-abi=soft -mthumb -Wl,--start-group -lc -lm -Wl,--end-group
Finished building target: First_Project.elf
 
arm-none-eabi-size   First_Project.elf 
arm-none-eabi-objdump -h -S  First_Project.elf  > "First_Project.list"
arm-none-eabi-objcopy  -O binary  First_Project.elf  "First_Project.bin"
   text	   data	    bss	    dec	    hex	filename
    652	      8	   1568	   2228	    8b4	First_Project.elf
Finished building: default.size.stdout
 
Finished building: First_Project.bin
 
Finished building: First_Project.list
 
03:05:56 **** Incremental Build of configuration Debug for project First_Project ****
make -j8 all 
arm-none-eabi-size   First_Project.elf 
arm-none-eabi-objcopy  -O ihex  First_Project.elf  "First_Project.hex"
   text	   data	    bss	    dec	    hex	filename
    652	      8	   1568	   2228	    8b4	First_Project.elf
Finished building: default.size.stdout
 
Finished building: First_Project.hex
 
03:28:02 **** Incremental Build of configuration Debug for project First_Project ****
make -j8 all 
arm-none-eabi-gcc "../Src/main.c" -mcpu=cortex-m3 -std=gnu11 -g3 -DSTM32 -DSTM32F1 -DSTM32F103C6Tx -DDEBUG -c -I../Inc -O0 -ffunction-sections -fdata-sections -Wall -fstack-usage -MMD -MP -MF"Src/main.d" -MT"Src/main.o" --specs=nano.specs -mfloat-abi=soft -mthumb -o "Src/main.o"
../Src/main.c:29:2: error: unknown type name 'vint32_t'
  vint32_t all_fields;
  ^~~~~~~~
make: *** [Src/subdir.mk:24: Src/main.o] Error 1
"make -j8 all" terminated with exit code 2. Build might be incomplete.
03:31:16 **** Incremental Build of configuration Debug for project First_Project ****
make -j8 all 
arm-none-eabi-gcc "../Src/main.c" -mcpu=cortex-m3 -std=gnu11 -g3 -DSTM32 -DSTM32F1 -DSTM32F103C6Tx -DDEBUG -c -I../Inc -O0 -ffunction-sections -fdata-sections -Wall -fstack-usage -MMD -MP -MF"Src/main.d" -MT"Src/main.o" --specs=nano.specs -mfloat-abi=soft -mthumb -o "Src/main.o"
arm-none-eabi-gcc -o "First_Project.elf" @"objects.list"   -mcpu=cortex-m3 -T"C:\Users\Fam Ayman\STM32CubeIDE\workspace_1.4.0\First_Project\STM32F103C6TX_FLASH.ld" --specs=nosys.specs -Wl,-Map="First_Project.map" -Wl,--gc-sections -static --specs=nano.specs -mfloat-abi=soft -mthumb -Wl,--start-group -lc -lm -Wl,--end-group
Finished building target: First_Project.elf
 
arm-none-eabi-objdump -h -S  First_Project.elf  > "First_Project.list"
arm-none-eabi-objcopy  -O ihex  First_Project.elf  "First_Project.hex"
arm-none-eabi-objcopy  -O binary  First_Project.elf  "First_Project.bin"
arm-none-eabi-size   First_Project.elf 
   text	   data	    bss	    dec	    hex	filename
    652	      8	   1568	   2228	    8b4	First_Project.elf
Finished building: default.size.stdout
 
Finished building: First_Project.bin
Finished building: First_Project.hex
Finished building: First_Project.list
 
 
 
03:37:56 **** Incremental Build of configuration Debug for project First_Project ****
make -j8 all 
arm-none-eabi-gcc "../Src/main.c" -mcpu=cortex-m3 -std=gnu11 -g3 -DSTM32 -DSTM32F1 -DSTM32F103C6Tx -DDEBUG -c -I../Inc -O0 -ffunction-sections -fdata-sections -Wall -fstack-usage -MMD -MP -MF"Src/main.d" -MT"Src/main.o" --specs=nano.specs -mfloat-abi=soft -mthumb -o "Src/main.o"
../Src/main.c:35:28: warning: initialization from incompatible pointer type [-Wincompatible-pointer-types]
 volatile R_ODR_t * R_ODR = (volatile uint32_t *)(PORTA_BASE+0x0C);
                            ^
arm-none-eabi-gcc -o "First_Project.elf" @"objects.list"   -mcpu=cortex-m3 -T"C:\Users\Fam Ayman\STM32CubeIDE\workspace_1.4.0\First_Project\STM32F103C6TX_FLASH.ld" --specs=nosys.specs -Wl,-Map="First_Project.map" -Wl,--gc-sections -static --specs=nano.specs -mfloat-abi=soft -mthumb -Wl,--start-group -lc -lm -Wl,--end-group
Finished building target: First_Project.elf
 
arm-none-eabi-objdump -h -S  First_Project.elf  > "First_Project.list"
arm-none-eabi-objcopy  -O ihex  First_Project.elf  "First_Project.hex"
arm-none-eabi-objcopy  -O binary  First_Project.elf  "First_Project.bin"
arm-none-eabi-size   First_Project.elf 
   text	   data	    bss	    dec	    hex	filename
    684	     12	   1564	   2260	    8d4	First_Project.elf
Finished building: default.size.stdout
 
Finished building: First_Project.hex
Finished building: First_Project.bin
Finished building: First_Project.list
 
 
 
03:38:50 **** Incremental Build of configuration Debug for project First_Project ****
make -j8 all 
arm-none-eabi-gcc "../Src/main.c" -mcpu=cortex-m3 -std=gnu11 -g3 -DSTM32 -DSTM32F1 -DSTM32F103C6Tx -DDEBUG -c -I../Inc -O0 -ffunction-sections -fdata-sections -Wall -fstack-usage -MMD -MP -MF"Src/main.d" -MT"Src/main.o" --specs=nano.specs -mfloat-abi=soft -mthumb -o "Src/main.o"
arm-none-eabi-gcc -o "First_Project.elf" @"objects.list"   -mcpu=cortex-m3 -T"C:\Users\Fam Ayman\STM32CubeIDE\workspace_1.4.0\First_Project\STM32F103C6TX_FLASH.ld" --specs=nosys.specs -Wl,-Map="First_Project.map" -Wl,--gc-sections -static --specs=nano.specs -mfloat-abi=soft -mthumb -Wl,--start-group -lc -lm -Wl,--end-group
Finished building target: First_Project.elf
 
arm-none-eabi-objdump -h -S  First_Project.elf  > "First_Project.list"
arm-none-eabi-objcopy  -O ihex  First_Project.elf  "First_Project.hex"
arm-none-eabi-objcopy  -O binary  First_Project.elf  "First_Project.bin"
arm-none-eabi-size   First_Project.elf 
   text	   data	    bss	    dec	    hex	filename
    684	     12	   1564	   2260	    8d4	First_Project.elf
Finished building: default.size.stdout
 
Finished building: First_Project.list
Finished building: First_Project.hex
Finished building: First_Project.bin
 
 
 
06:07:09 **** Incremental Build of configuration Debug for project First_Project ****
make -j8 all 
arm-none-eabi-gcc "../Src/main.c" -mcpu=cortex-m3 -std=gnu11 -g3 -DSTM32 -DSTM32F1 -DSTM32F103C6Tx -DDEBUG -c -I../Inc -O0 -ffunction-sections -fdata-sections -Wall -fstack-usage -MMD -MP -MF"Src/main.d" -MT"Src/main.o" --specs=nano.specs -mfloat-abi=soft -mthumb -o "Src/main.o"
arm-none-eabi-gcc -o "First_Project.elf" @"objects.list"   -mcpu=cortex-m3 -T"C:\Users\Fam Ayman\STM32CubeIDE\workspace_1.4.0\First_Project\STM32F103C6TX_FLASH.ld" --specs=nosys.specs -Wl,-Map="First_Project.map" -Wl,--gc-sections -static --specs=nano.specs -mfloat-abi=soft -mthumb -Wl,--start-group -lc -lm -Wl,--end-group
Finished building target: First_Project.elf
 
arm-none-eabi-objdump -h -S  First_Project.elf  > "First_Project.list"
arm-none-eabi-objcopy  -O ihex  First_Project.elf  "First_Project.hex"
arm-none-eabi-objcopy  -O binary  First_Project.elf  "First_Project.bin"
arm-none-eabi-size   First_Project.elf 
Finished building: First_Project.hex
   text	   data	    bss	    dec	    hex	filename
    672	     12	   1564	   2248	    8c8	First_Project.elf
Finished building: First_Project.bin
Finished building: default.size.stdout
 
 
 
Finished building: First_Project.list
 
